 
****************************************
Report : timing
        -path full
        -delay max
        -nets
        -max_paths 1
        -transition_time
Design : Cgra_Hw
Version: P-2019.03
Date   : Sun Mar 24 04:58:56 2019
****************************************

 # A fanout number of 1000 was used for high fanout net computations.

Operating Conditions: FFGBC0P99VN40C   Library: um28nphhlogl30hsh140f_ffgbc0p99vn40c
Wire Load Model Mode: enclosed

  Startpoint: R_4034 (rising edge-triggered flip-flop clocked by ideal_clock1)
  Endpoint: R_3562 (rising edge-triggered flip-flop clocked by ideal_clock1)
  Path Group: ideal_clock1
  Path Type: max

Attributes:
    d - dont_touch
    u - dont_use
   mo - map_only
   so - size_only
    i - ideal_net or ideal_network
  inf - infeasible path

  Point                        Fanout     Trans      Incr       Path      Attributes
  ------------------------------------------------------------------------------------------
  clock ideal_clock1 (rise edge)                     0.00       0.00
  clock network delay (ideal)                        0.00       0.00
  R_4034/CK (STH_FSDPQO_F4_12)             0.00      0.00 #     0.00 r
  R_4034/Q (STH_FSDPQO_F4_12)              0.01      0.02       0.02 f
  n30069 (net)                   2                   0.00       0.02 f
  U65616/X (STH_NR2_T_12)                  0.01      0.01       0.03 r
  n30980 (net)                   2                   0.00       0.03 r
  U67687/X (STH_AOI21_MM_4)                0.01      0.01       0.04 f
  n21038 (net)                   1                   0.00       0.04 f
  U29347/X (STH_NR2_T_3)                   0.01      0.01       0.05 r
  n87857 (net)                   1                   0.00       0.05 r
  U56497/X (STH_NR2_T_6)                   0.01      0.01       0.06 f
  n71954 (net)                   8                   0.00       0.06 f
  U26959/X (STH_NR2_T_3)                   0.01      0.01       0.07 r
  n7198 (net)                    1                   0.00       0.07 r
  U24920/X (STH_ND2_T_4)                   0.01      0.01       0.08 f
  n20876 (net)                   1                   0.00       0.08 f
  U67661/X (STH_OAI21_T_8)                 0.01      0.01       0.09 r
  n71960 (net)                   8                   0.00       0.09 r
  U77350/X (STH_DEL_L4V1_4)                0.01      0.04       0.13 r
  n31348 (net)                   2                   0.00       0.13 r
  U24472/X (STH_ND2_T_5)                   0.01      0.01       0.14 f
  n15511 (net)                   3                   0.00       0.14 f
  U24469/X (STH_NR2_T_3)                   0.01      0.01       0.15 r
  n29664 (net)                   1                   0.00       0.15 r
  U29593/X (STH_NR2_T_6)                   0.01      0.01       0.16 f
  n33813 (net)                  10                   0.00       0.16 f
  U21907/X (STH_ND2_T_4)                   0.01      0.01       0.17 r
  n19001 (net)                   2                   0.00       0.17 r
  U64759/X (STH_INV_N250_3)                0.01      0.01       0.17 f
  n20852 (net)                   1                   0.00       0.17 f
  U24989/X (STH_AOI21_T_3)                 0.01      0.01       0.18 r
  n20851 (net)                   1                   0.00       0.18 r
  U67653/X (STH_AOI21_MM_4)                0.01      0.01       0.19 f
  n25775 (net)                   1                   0.00       0.19 f
  U66002/X (STH_NR2_T_6)                   0.02      0.02       0.21 r
  n71949 (net)                  10                   0.00       0.21 r
  U21709/X (STH_NR2_T_2)                   0.01      0.01       0.22 f
  n28397 (net)                   1                   0.00       0.22 f
  U62027/X (STH_OAI21_T_1P5)               0.01      0.01       0.23 r
  n28396 (net)                   1                   0.00       0.23 r
  U66666/X (STH_NR2_T_2)                   0.01      0.01       0.23 f
  n30115 (net)                   1                   0.00       0.23 f
  U24986/X (STH_AOI21_T_3)                 0.01      0.01       0.25 r
  n30114 (net)                   1                   0.00       0.25 r
  U66670/X (STH_ND2_T_8)                   0.02      0.02       0.26 f
  n33244 (net)                  11                   0.00       0.26 f
  U23315/X (STH_INV_N250_1)                0.01      0.01       0.28 r
  n12631 (net)                   1                   0.00       0.28 r
  U22344/X (STH_ND2_T_2)                   0.01      0.01       0.29 f
  n24416 (net)                   1                   0.00       0.29 f
  U25456/X (STH_NR2_T_3)                   0.01      0.01       0.30 r
  n26451 (net)                   1                   0.00       0.30 r
  U30083/X (STH_NR2_T_5)                   0.01      0.01       0.31 f
  n26678 (net)                   1                   0.00       0.31 f
  U30082/X (STH_ND2_T_16)                  0.01      0.01       0.32 r
  n34523 (net)                  14                   0.00       0.32 r
  U23727/X (STH_ND2_T_6)                   0.01      0.01       0.33 f
  n21045 (net)                   3                   0.00       0.33 f
  U27279/X (STH_NR2_T_4)                   0.01      0.01       0.33 r
  n8318 (net)                    1                   0.00       0.33 r
  U24197/X (STH_NR3_T_4)                   0.01      0.01       0.34 f
  n34240 (net)                   2                   0.00       0.34 f
  U22283/X (STH_NR2_T_3)                   0.01      0.01       0.35 r
  n13670 (net)                   1                   0.00       0.35 r
  U50892/X (STH_NR2_T_4)                   0.01      0.01       0.36 f
  n19148 (net)                   1                   0.00       0.36 f
  U67343/X (STH_NR2_T_8)                   0.01      0.01       0.37 r
  n34247 (net)                   3                   0.00       0.37 r
  U77217/X (STH_INV_N250_12)               0.01      0.01       0.38 f
  n34421 (net)                   4                   0.00       0.38 f
  U30935/X (STH_INV_N250_16)               0.01      0.01       0.39 r
  n78124 (net)                  21                   0.00       0.39 r
  U22220/X (STH_INV_N250_8)                0.01      0.01       0.40 f
  n9843 (net)                    4                   0.00       0.40 f
  U24283/X (STH_ND2_T_3)                   0.01      0.01       0.40 r
  n27693 (net)                   1                   0.00       0.40 r
  U29909/X (STH_NR2_T_2)                   0.01      0.01       0.41 f
  n14521 (net)                   1                   0.00       0.41 f
  U29017/X (STH_AOI21_MM_4)                0.01      0.01       0.42 r
  n26445 (net)                   1                   0.00       0.42 r
  U77279/X (STH_ND2_T_8)                   0.03      0.02       0.44 f
  n78160 (net)                  12                   0.00       0.44 f
  U25601/X (STH_INV_N250_6)                0.01      0.01       0.45 r
  n9234 (net)                    5                   0.00       0.45 r
  U23312/X (STH_ND2_T_1P5)                 0.01      0.01       0.47 f
  n34290 (net)                   1                   0.00       0.47 f
  U65412/X (STH_OAI21_T_3)                 0.02      0.01       0.48 r
  n27857 (net)                   1                   0.00       0.48 r
  U65870/X (STH_NR2_T_6)                   0.01      0.01       0.49 f
  n30990 (net)                  13                   0.00       0.49 f
  U22795/X (STH_NR2_T_4)                   0.01      0.01       0.50 r
  n16122 (net)                   3                   0.00       0.50 r
  U58364/X (STH_INV_N250_4)                0.01      0.01       0.51 f
  n18285 (net)                   3                   0.00       0.51 f
  U24166/X (STH_AOI21_MM_4)                0.01      0.01       0.52 r
  n12525 (net)                   1                   0.00       0.52 r
  U22838/X (STH_OAI21_T_3)                 0.02      0.01       0.53 f
  n23856 (net)                   2                   0.00       0.53 f
  U50882/X (STH_NR3_T_8)                   0.01      0.01       0.55 r
  n19328 (net)                   3                   0.00       0.55 r
  U22703/X (STH_NR2_T_5)                   0.01      0.01       0.56 f
  n33355 (net)                   1                   0.00       0.56 f
  U24240/X (STH_NR2_T_12)                  0.01      0.01       0.57 r
  n28082 (net)                   4                   0.00       0.57 r
  U22013/X (STH_INV_N250_20)               0.01      0.01       0.58 f
  n36382 (net)                  23                   0.00       0.58 f
  U60578/X (STH_INV_N250_32)               0.01      0.01       0.59 r
  n9837 (net)                   47                   0.00       0.59 r
  U65831/X (STH_NR2_T_0P8)                 0.01      0.01       0.60 f
  n36434 (net)                   1                   0.00       0.60 f
  U56365/X (STH_INV_N250_1)                0.00      0.01       0.61 r
  n36442 (net)                   1                   0.00       0.61 r
  U21964/X (STH_ND3_T_0P5)                 0.03      0.02       0.63 f
  n36443 (net)                   1                   0.00       0.63 f
  U25535/X (STH_AOI22_T_3)                 0.02      0.02       0.65 r
  n12695 (net)                   1                   0.00       0.65 r
  U25142/X (STH_ND2_T_6)                   0.02      0.02       0.66 f
  n24356 (net)                  14                   0.00       0.66 f
  U66328/X (STH_NR2_T_1)                   0.01      0.02       0.68 r
  n36867 (net)                   3                   0.00       0.68 r
  U63513/X (STH_NR2_T_1)                   0.01      0.01       0.69 f
  n10412 (net)                   2                   0.00       0.69 f
  U29737/X (STH_ND3_S_2)                   0.01      0.01       0.70 r
  n10408 (net)                   1                   0.00       0.70 r
  U56267/X (STH_NR2_T_1P5)                 0.01      0.01       0.71 f
  n10406 (net)                   1                   0.00       0.71 f
  U60273/X (STH_NR2_T_2)                   0.01      0.01       0.72 r
  n26303 (net)                   3                   0.00       0.72 r
  U67133/X (STH_DEL_L4V1_4)                0.01      0.04       0.76 r
  n18167 (net)                   4                   0.00       0.76 r
  U28755/X (STH_OAI21_MM_4)                0.01      0.01       0.77 f
  n36619 (net)                   2                   0.00       0.77 f
  U56226/X (STH_EO2_V2_2)                  0.01      0.02       0.79 f
  n36557 (net)                   2                   0.00       0.79 f
  U56212/X (STH_INV_N250_0P5)              0.01      0.01       0.80 r
  n36558 (net)                   1                   0.00       0.80 r
  U60077/X (STH_AOI21_MM_1)                0.02      0.02       0.82 f
  n32375 (net)                   1                   0.00       0.82 f
  U55342/X (STH_ND2_T_1P5)                 0.01      0.01       0.83 r
  n87778 (net)                   1                   0.00       0.83 r
  U55310/X (STH_AOI21_MM_4)                0.02      0.01       0.84 f
  n27169 (net)                   4                   0.00       0.84 f
  U21061/X (STH_ND2_T_1)                   0.01      0.01       0.85 r
  n87761 (net)                   1                   0.00       0.85 r
  U26411/X (STH_INV_N250_1)                0.01      0.01       0.86 f
  n87760 (net)                   1                   0.00       0.86 f
  U28614/X (STH_NR2_T_1)                   0.01      0.01       0.87 r
  n17105 (net)                   1                   0.00       0.87 r
  U20970/X (STH_OAI22_MM_2)                0.02      0.01       0.89 f
  n17104 (net)                   1                   0.00       0.89 f
  U65060/X (STH_NR2_T_3)                   0.01      0.01       0.90 r
  n13125 (net)                   1                   0.00       0.90 r
  U64705/X (STH_OAI21_MM_8)                0.01      0.01       0.91 f
  n13124 (net)                   1                   0.00       0.91 f
  U25529/X (STH_OAI21_T_8)                 0.02      0.02       0.93 r
  n16081 (net)                   4                   0.00       0.93 r
  U25410/X (STH_ND2_T_6)                   0.01      0.01       0.94 f
  n30043 (net)                   1                   0.00       0.94 f
  U75037/X (STH_OAI22_T_6)                 0.02      0.01       0.95 r
  n11256 (net)                   5                   0.00       0.95 r
  U22699/X (STH_ND2_T_1P5)                 0.01      0.01       0.96 f
  n16508 (net)                   1                   0.00       0.96 f
  U22969/X (STH_ND2_T_1P75)                0.01      0.01       0.97 r
  n16506 (net)                   1                   0.00       0.97 r
  U65654/X (STH_NR2_T_3)                   0.01      0.01       0.98 f
  n26568 (net)                   1                   0.00       0.98 f
  U77255/X (STH_NR2_T_8)                   0.02      0.02       1.00 r
  n38023 (net)                   3                   0.00       1.00 r
  U64439/X (STH_INV_N250_32)               0.02      0.02       1.02 f
  n11974 (net)                  27                   0.00       1.02 f
  U27589/X (STH_NR2_T_16)                  0.01      0.01       1.03 r
  n10029 (net)                  12                   0.00       1.03 r
  U28259/X (STH_ND2_T_0P8)                 0.01      0.01       1.04 f
  n12761 (net)                   1                   0.00       1.04 f
  U21409/X (STH_ND2_T_1P5)                 0.01      0.01       1.05 r
  n27220 (net)                   1                   0.00       1.05 r
  U59769/X (STH_NR2_T_3)                   0.01      0.01       1.06 f
  n27218 (net)                   2                   0.00       1.06 f
  U51210/X (STH_OAI21_MM_8)                0.02      0.01       1.07 r
  n29208 (net)                   6                   0.00       1.07 r
  U64304/X (STH_NR2_T_1P5)                 0.01      0.01       1.08 f
  n29829 (net)                   4                   0.00       1.08 f
  U34361/X (STH_NR2_T_2)                   0.01      0.01       1.10 r
  n11565 (net)                   1                   0.00       1.10 r
  U30683/X (STH_ND2_T_4)                   0.01      0.01       1.11 f
  n11307 (net)                   2                   0.00       1.11 f
  U28183/X (STH_NR3_T_4)                   0.01      0.01       1.12 r
  n21098 (net)                   2                   0.00       1.12 r
  U63363/X (STH_NR3_T_4)                   0.01      0.01       1.13 f
  n11587 (net)                   2                   0.00       1.13 f
  U20672/X (STH_NR2_T_5)                   0.01      0.01       1.15 r
  n15995 (net)                   2                   0.00       1.15 r
  U28544/X (STH_NR2_T_4)                   0.01      0.01       1.15 f
  n7733 (net)                    1                   0.00       1.15 f
  U25324/X (STH_NR2_T_5)                   0.01      0.01       1.17 r
  n28608 (net)                   5                   0.00       1.17 r
  U22959/X (STH_ND2_T_3)                   0.01      0.01       1.18 f
  n88951 (net)                   1                   0.00       1.18 f
  U55105/X (STH_NR2_T_3)                   0.01      0.01       1.18 r
  n88468 (net)                   1                   0.00       1.18 r
  U52161/X (STH_AOI21_T_4)                 0.02      0.01       1.19 f
  n87685 (net)                   1                   0.00       1.19 f
  U52157/X (STH_NR2_T_8)                   0.01      0.01       1.21 r
  n22097 (net)                   2                   0.00       1.21 r
  U63375/X (STH_NR2_T_16)                  0.01      0.01       1.22 f
  n12136 (net)                   8                   0.00       1.22 f
  U20651/X (STH_NR2_T_1P5)                 0.02      0.02       1.24 r
  n12061 (net)                   1                   0.00       1.24 r
  U29647/X (STH_NR2_T_6)                   0.01      0.01       1.25 f
  n12120 (net)                  17                   0.00       1.25 f
  U24368/X (STH_ND2_T_1)                   0.02      0.01       1.26 r
  n21584 (net)                   1                   0.00       1.26 r
  U50360/X (STH_INV_N250_2)                0.01      0.01       1.27 f
  n39149 (net)                   3                   0.00       1.27 f
  U77449/X (STH_NR3_T_1)                   0.02      0.01       1.28 r
  n26992 (net)                   1                   0.00       1.28 r
  U55798/X (STH_NR3_T_1)                   0.02      0.01       1.30 f
  n39206 (net)                   2                   0.00       1.30 f
  U20926/X (STH_NR2_T_2)                   0.01      0.02       1.31 r
  n12060 (net)                   3                   0.00       1.31 r
  U64103/X (STH_AOI21_MM_4)                0.01      0.02       1.33 f
  n39556 (net)                   2                   0.00       1.33 f
  U65953/X (STH_OAI21_MM_4)                0.01      0.01       1.34 r
  n39463 (net)                   3                   0.00       1.34 r
  U67602/X (STH_NR2_T_2)                   0.01      0.01       1.35 f
  n20857 (net)                   2                   0.00       1.35 f
  U27972/X (STH_NR2_T_2)                   0.01      0.01       1.36 r
  n20563 (net)                   1                   0.00       1.36 r
  U23252/X (STH_ND2_T_3)                   0.01      0.01       1.37 f
  n8383 (net)                    1                   0.00       1.37 f
  U27526/X (STH_ND3_MM_8)                  0.02      0.01       1.38 r
  n39972 (net)                   6                   0.00       1.38 r
  U64697/X (STH_AOI21_MM_4)                0.02      0.01       1.39 f
  n39109 (net)                   1                   0.00       1.39 f
  U26645/X (STH_NR2_T_4)                   0.01      0.01       1.40 r
  n25700 (net)                   1                   0.00       1.40 r
  U64913/X (STH_AOI21_T_4)                 0.03      0.02       1.42 f
  n26238 (net)                   2                   0.00       1.42 f
  U27719/X (STH_OAI22_T_8)                 0.03      0.03       1.45 r
  n21446 (net)                   3                   0.00       1.45 r
  U26717/X (STH_NR2_T_12)                  0.01      0.01       1.46 f
  n11357 (net)                   6                   0.00       1.46 f
  U20656/X (STH_ND3_T_1)                   0.01      0.01       1.47 r
  n12138 (net)                   1                   0.00       1.47 r
  U64836/X (STH_INV_N250_2)                0.02      0.02       1.49 f
  n88348 (net)                   1                   0.00       1.49 f
  U64832/X (STH_NR3_T_8)                   0.02      0.02       1.51 r
  n40814 (net)                  14                   0.00       1.51 r
  U20230/X (STH_ND2_T_3)                   0.01      0.01       1.52 f
  n89189 (net)                   1                   0.00       1.52 f
  U71488/X (STH_INV_N250_3)                0.01      0.01       1.53 r
  n11791 (net)                   4                   0.00       1.53 r
  U39385/X (STH_NR2_T_1P5)                 0.01      0.01       1.53 f
  n28686 (net)                   2                   0.00       1.53 f
  U20154/X (STH_NR3_T_1P5)                 0.01      0.01       1.55 r
  n11550 (net)                   1                   0.00       1.55 r
  U20135/X (STH_NR2_T_1P5)                 0.01      0.01       1.56 f
  n87720 (net)                   1                   0.00       1.56 f
  U20124/X (STH_NR3_T_2)                   0.01      0.01       1.57 r
  n40496 (net)                   2                   0.00       1.57 r
  U20306/X (STH_NR2_T_3)                   0.01      0.01       1.58 f
  n30408 (net)                   2                   0.00       1.58 f
  U27531/X (STH_OAI21_T_8)                 0.02      0.02       1.60 r
  n41188 (net)                   8                   0.00       1.60 r
  U22939/X (STH_ND2_T_3P5)                 0.01      0.01       1.61 f
  n31294 (net)                   1                   0.00       1.61 f
  U77100/X (STH_NR2_T_4)                   0.01      0.01       1.62 r
  n26007 (net)                   1                   0.00       1.62 r
  U63291/X (STH_NR2_T_8)                   0.01      0.01       1.63 f
  n41130 (net)                   5                   0.00       1.63 f
  U22962/X (STH_ND2_T_6)                   0.01      0.01       1.65 r
  n8507 (net)                    1                   0.00       1.65 r
  U27947/X (STH_ND2_T_16)                  0.03      0.02       1.67 f
  n78523 (net)                  17                   0.00       1.67 f
  U26790/X (STH_NR2_T_12)                  0.01      0.02       1.68 r
  n16903 (net)                  10                   0.00       1.68 r
  U23210/X (STH_INV_N250_9)                0.01      0.01       1.69 f
  n12145 (net)                   8                   0.00       1.69 f
  U20191/X (STH_NR2_T_2)                   0.01      0.01       1.70 r
  n21737 (net)                   1                   0.00       1.70 r
  U23031/X (STH_NR2_T_2)                   0.01      0.01       1.71 f
  n30613 (net)                   1                   0.00       1.71 f
  U59457/X (STH_ND2_T_2)                   0.01      0.01       1.72 r
  n30612 (net)                   1                   0.00       1.72 r
  U26752/X (STH_NR2_T_6)                   0.01      0.01       1.73 f
  n26079 (net)                  14                   0.00       1.73 f
  U19910/X (STH_ND2_T_0P5)                 0.02      0.01       1.74 r
  n13446 (net)                   3                   0.00       1.74 r
  U19875/X (STH_INV_N250_1)                0.01      0.01       1.76 f
  n12274 (net)                   1                   0.00       1.76 f
  U26255/X (STH_NR3_T_2)                   0.01      0.01       1.77 r
  n12853 (net)                   2                   0.00       1.77 r
  U19588/X (STH_INV_N250_1)                0.01      0.01       1.78 f
  n12848 (net)                   1                   0.00       1.78 f
  U28395/X (STH_NR2_T_1P5)                 0.01      0.01       1.80 r
  n88123 (net)                   1                   0.00       1.80 r
  U63943/X (STH_AOI21_MM_4)                0.01      0.02       1.81 f
  n17351 (net)                   4                   0.00       1.81 f
  U64813/X (STH_NR2_T_2)                   0.01      0.01       1.82 r
  n14783 (net)                   4                   0.00       1.82 r
  U56590/X (STH_NR2_T_2)                   0.01      0.01       1.83 f
  n21638 (net)                   2                   0.00       1.83 f
  U19540/X (STH_NR2_T_1)                   0.01      0.01       1.84 r
  n88986 (net)                   1                   0.00       1.84 r
  U28385/X (STH_NR3_T_2)                   0.01      0.01       1.85 f
  n87696 (net)                   1                   0.00       1.85 f
  U52333/X (STH_NR2_T_4)                   0.01      0.01       1.86 r
  n21540 (net)                   1                   0.00       1.86 r
  U76038/X (STH_ND2_T_8)                   0.02      0.02       1.88 f
  n26397 (net)                   1                   0.00       1.88 f
  U73542/X (STH_ND2_T_16)                  0.02      0.01       1.89 r
  n78568 (net)                  13                   0.00       1.89 r
  U19493/X (STH_INV_N250_16)               0.01      0.01       1.90 f
  n16679 (net)                   3                   0.00       1.90 f
  U68051/X (STH_NR2_T_16)                  0.02      0.01       1.92 r
  n11488 (net)                  15                   0.00       1.92 r
  U19478/X (STH_INV_N250_16)               0.01      0.01       1.93 f
  n88649 (net)                   9                   0.00       1.93 f
  U19428/X (STH_NR2_T_3)                   0.01      0.01       1.94 r
  n7759 (net)                    1                   0.00       1.94 r
  U25450/X (STH_NR3_T_8)                   0.01      0.01       1.95 f
  n7758 (net)                    1                   0.00       1.95 f
  U63824/X (STH_ND2_T_16)                  0.01      0.01       1.96 r
  n28886 (net)                   9                   0.00       1.96 r
  U64591/X (STH_INV_N250_12)               0.01      0.01       1.97 f
  n9198 (net)                    9                   0.00       1.97 f
  U26321/X (STH_NR2_T_3)                   0.02      0.01       1.98 r
  n18889 (net)                   3                   0.00       1.98 r
  U29782/X (STH_ND2_T_2)                   0.01      0.01       1.99 f
  n10959 (net)                   1                   0.00       1.99 f
  U25231/X (STH_ND2_T_1P75)                0.01      0.01       2.00 r
  n23529 (net)                   3                   0.00       2.00 r
  U24007/X (STH_AOI21_T_3)                 0.02      0.02       2.01 f
  n13722 (net)                   3                   0.00       2.01 f
  U53189/X (STH_OAI21_MM_4)                0.01      0.01       2.03 r
  n19513 (net)                   3                   0.00       2.03 r
  U64775/X (STH_ND2_T_2)                   0.01      0.01       2.04 f
  n15819 (net)                   2                   0.00       2.04 f
  U18829/X (STH_NR2_T_1P5)                 0.02      0.01       2.05 r
  n15361 (net)                   1                   0.00       2.05 r
  U68413/X (STH_NR3_T_4)                   0.01      0.01       2.06 f
  n88575 (net)                   1                   0.00       2.06 f
  U65803/X (STH_OAI22_T_8)                 0.02      0.02       2.08 r
  n43293 (net)                   5                   0.00       2.08 r
  U65894/X (STH_NR3_T_4)                   0.01      0.01       2.09 f
  n43223 (net)                   1                   0.00       2.09 f
  U63951/X (STH_NR2_T_8)                   0.01      0.01       2.11 r
  n43292 (net)                   2                   0.00       2.11 r
  U28318/X (STH_INV_N250_8)                0.01      0.01       2.12 f
  n88129 (net)                   1                   0.00       2.12 f
  U63950/X (STH_NR2_T_16)                  0.02      0.01       2.13 r
  n17145 (net)                  15                   0.00       2.13 r
  U24842/X (STH_INV_N250_24)               0.01      0.01       2.15 f
  n15036 (net)                  19                   0.00       2.15 f
  U18676/X (STH_NR2_T_2)                   0.01      0.01       2.16 r
  n31547 (net)                   1                   0.00       2.16 r
  U24855/X (STH_NR2_T_4)                   0.01      0.01       2.17 f
  n16366 (net)                  14                   0.00       2.17 f
  U18475/X (STH_NR2_T_0P5)                 0.03      0.02       2.19 r
  n46111 (net)                   3                   0.00       2.19 r
  U32102/X (STH_NR2_T_1)                   0.01      0.02       2.21 f
  n30273 (net)                   1                   0.00       2.21 f
  U25405/X (STH_NR2_T_2)                   0.01      0.01       2.22 r
  n45998 (net)                   2                   0.00       2.22 r
  U41995/X (STH_AOI21_MM_2)                0.01      0.01       2.23 f
  n45081 (net)                   1                   0.00       2.23 f
  U22750/X (STH_OAI21_MM_1)                0.01      0.01       2.24 r
  n45082 (net)                   1                   0.00       2.24 r
  U36617/X (STH_AOI21_MM_2)                0.02      0.01       2.26 f
  n13336 (net)                   1                   0.00       2.26 f
  U53301/X (STH_OAI21_T_4)                 0.02      0.01       2.27 r
  n45763 (net)                   8                   0.00       2.27 r
  U36300/X (STH_ND2_T_0P5)                 0.02      0.02       2.29 f
  n45912 (net)                   2                   0.00       2.29 f
  U77232/X (STH_OAI21_MM_1)                0.01      0.01       2.30 r
  n45768 (net)                   1                   0.00       2.30 r
  U49609/X (STH_EO2_V2MM_1)                0.01      0.02       2.32 r
  n45769 (net)                   1                   0.00       2.32 r
  U71457/X (STH_NR2_T_0P5)                 0.02      0.01       2.33 f
  n45770 (net)                   1                   0.00       2.33 f
  U18075/X (STH_OAI21_V1T_1)               0.01      0.01       2.34 r
  n45772 (net)                   1                   0.00       2.34 r
  U42384/X (STH_INV_N150_1)                0.01      0.01       2.35 f
  n87963 (net)                   1                   0.00       2.35 f
  U18023/X (STH_NR2_T_1)                   0.01      0.01       2.37 r
  n87962 (net)                   1                   0.00       2.37 r
  U17985/X (STH_NR2_T_2)                   0.01      0.01       2.38 f
  n32293 (net)                   1                   0.00       2.38 f
  U63808/X (STH_NR2_T_8)                   0.02      0.02       2.39 r
  n23669 (net)                  17                   0.00       2.39 r
  U41832/X (STH_INV_N250_12)               0.01      0.01       2.41 f
  n12371 (net)                   8                   0.00       2.41 f
  U64566/X (STH_NR2_T_1P5)                 0.01      0.01       2.42 r
  n23826 (net)                   3                   0.00       2.42 r
  U67285/X (STH_NR2_T_0P8)                 0.01      0.02       2.43 f
  n19327 (net)                   2                   0.00       2.43 f
  U17627/X (STH_INV_N250_1P5)              0.01      0.01       2.44 r
  n19323 (net)                   1                   0.00       2.44 r
  U36458/X (STH_OAI21_MM_4)                0.02      0.02       2.46 f
  n32128 (net)                   4                   0.00       2.46 f
  U22897/X (STH_NR2_T_6)                   0.01      0.01       2.48 r
  n15370 (net)                   4                   0.00       2.48 r
  U67676/X (STH_OAI21_T_8)                 0.02      0.02       2.49 f
  n47421 (net)                   3                   0.00       2.49 f
  U22898/X (STH_NR2_T_6)                   0.01      0.01       2.50 r
  n14220 (net)                   1                   0.00       2.50 r
  U65607/X (STH_INV_N250_4)                0.01      0.01       2.51 f
  n32696 (net)                   1                   0.00       2.51 f
  U57134/X (STH_OAI22_T_8)                 0.02      0.01       2.53 r
  n32836 (net)                   4                   0.00       2.53 r
  U77316/X (STH_NR3_T_4)                   0.01      0.01       2.54 f
  n32613 (net)                   1                   0.00       2.54 f
  U26615/X (STH_NR3_T_8)                   0.02      0.02       2.56 r
  n32756 (net)                   3                   0.00       2.56 r
  U25446/X (STH_INV_N250_10)               0.02      0.02       2.58 f
  n16785 (net)                   6                   0.00       2.58 f
  U70374/X (STH_AOI21_MM_1)                0.01      0.01       2.59 r
  n48546 (net)                   1                   0.00       2.59 r
  U25959/X (STH_INV_N250_1)                0.01      0.01       2.60 f
  n29746 (net)                   1                   0.00       2.60 f
  U28562/X (STH_NR2_T_1)                   0.01      0.01       2.61 r
  n29747 (net)                   1                   0.00       2.61 r
  U27711/X (STH_NR2_T_2)                   0.01      0.01       2.62 f
  n19974 (net)                   1                   0.00       2.62 f
  U24050/X (STH_ND2_T_6)                   0.01      0.01       2.63 r
  n50710 (net)                  11                   0.00       2.63 r
  U17316/X (STH_NR2_T_1)                   0.02      0.01       2.64 f
  n19970 (net)                   1                   0.00       2.64 f
  U31939/X (STH_INV_N250_1P25)             0.01      0.01       2.65 r
  n51219 (net)                   3                   0.00       2.65 r
  U17223/X (STH_ND2_T_2)                   0.01      0.01       2.66 f
  n23717 (net)                   3                   0.00       2.66 f
  U17158/X (STH_NR2_T_1P5)                 0.01      0.01       2.67 r
  n16420 (net)                   2                   0.00       2.67 r
  U49210/X (STH_INV_N250_2)                0.01      0.01       2.68 f
  n13394 (net)                   1                   0.00       2.68 f
  U73150/X (STH_OAI21_T_1P5)               0.01      0.01       2.69 r
  n51436 (net)                   2                   0.00       2.69 r
  U54447/X (STH_AOI21_MM_2)                0.01      0.01       2.71 f
  n26160 (net)                   2                   0.00       2.71 f
  U54430/X (STH_NR2_T_1P5)                 0.01      0.01       2.72 r
  n16416 (net)                   1                   0.00       2.72 r
  U22179/X (STH_NR2_T_1P5)                 0.01      0.01       2.72 f
  n51712 (net)                   2                   0.00       2.72 f
  U63360/X (STH_NR2_T_1P5)                 0.01      0.01       2.73 r
  n88017 (net)                   1                   0.00       2.73 r
  U63359/X (STH_NR2_T_2)                   0.01      0.01       2.74 f
  n13383 (net)                   2                   0.00       2.74 f
  U64976/X (STH_NR2_T_4)                   0.01      0.01       2.75 r
  n26334 (net)                   1                   0.00       2.75 r
  U64633/X (STH_NR3_T_8)                   0.01      0.01       2.76 f
  n30940 (net)                   7                   0.00       2.76 f
  U65505/X (STH_INV_N250_6)                0.01      0.01       2.77 r
  n25994 (net)                   3                   0.00       2.77 r
  U24468/X (STH_INV_N250_9)                0.03      0.02       2.79 f
  n52524 (net)                  17                   0.00       2.79 f
  U28801/X (STH_INV_N250_9)                0.01      0.01       2.81 r
  n52546 (net)                  34                   0.00       2.81 r
  U23689/X (STH_ND2_T_0P8)                 0.01      0.01       2.82 f
  n29717 (net)                   1                   0.00       2.82 f
  U16811/X (STH_OAI21_V1T_1)               0.02      0.01       2.83 r
  n31533 (net)                   1                   0.00       2.83 r
  U23631/X (STH_NR2_T_3)                   0.01      0.01       2.84 f
  n7876 (net)                    1                   0.00       2.84 f
  U25061/X (STH_AOI21_MM_4)                0.01      0.01       2.86 r
  n16981 (net)                   2                   0.00       2.86 r
  U23148/X (STH_INV_N250_3)                0.01      0.01       2.87 f
  n15839 (net)                   1                   0.00       2.87 f
  U28079/X (STH_NR2_T_4)                   0.01      0.01       2.88 r
  n18550 (net)                   3                   0.00       2.88 r
  U55654/X (STH_NR2_T_2)                   0.01      0.01       2.88 f
  n16182 (net)                   1                   0.00       2.88 f
  U16562/X (STH_NR2_T_1P5)                 0.01      0.01       2.89 r
  n16181 (net)                   1                   0.00       2.89 r
  U26026/X (STH_ND2_T_1P5)                 0.01      0.01       2.90 f
  n32693 (net)                   2                   0.00       2.90 f
  U25169/X (STH_ND2_T_1P5)                 0.01      0.01       2.91 r
  n17232 (net)                   1                   0.00       2.91 r
  U23729/X (STH_ND2_T_3)                   0.01      0.01       2.93 f
  n32071 (net)                   2                   0.00       2.93 f
  U25463/X (STH_NR2_T_3)                   0.01      0.01       2.94 r
  n8707 (net)                    1                   0.00       2.94 r
  U28530/X (STH_OAI21_MM_4)                0.01      0.01       2.95 f
  n54136 (net)                   2                   0.00       2.95 f
  U67000/X (STH_AOI21_MM_4)                0.01      0.01       2.96 r
  n54692 (net)                   2                   0.00       2.96 r
  U66999/X (STH_NR2_T_4)                   0.01      0.01       2.97 f
  n17675 (net)                   1                   0.00       2.97 f
  U28215/X (STH_NR2_T_8)                   0.01      0.01       2.98 r
  n21101 (net)                   8                   0.00       2.98 r
  U81319/X (STH_DEL_L4V1_4)                0.02      0.05       3.03 r
  n52969 (net)                  23                   0.00       3.03 r
  U16132/X (STH_INV_N250_16)               0.01      0.02       3.04 f
  n55523 (net)                  40                   0.00       3.04 f
  U16230/X (STH_NR2_T_1)                   0.01      0.01       3.06 r
  n53351 (net)                   1                   0.00       3.06 r
  U26576/X (STH_AOI21_MM_2)                0.02      0.01       3.07 f
  n53354 (net)                   1                   0.00       3.07 f
  U28496/X (STH_EO2_V2_2)                  0.03      0.03       3.09 f
  n53355 (net)                   2                   0.00       3.09 f
  U23234/X (STH_OAI21_MM_8)                0.01      0.02       3.11 r
  n20285 (net)                   1                   0.00       3.11 r
  U52248/X (STH_ND2_T_8)                   0.01      0.01       3.13 f
  n23207 (net)                  10                   0.00       3.13 f
  U15736/X (STH_NR2_T_1P5)                 0.02      0.01       3.14 r
  n57609 (net)                   4                   0.00       3.14 r
  U55450/X (STH_NR2_T_0P5)                 0.01      0.01       3.15 f
  n20336 (net)                   1                   0.00       3.15 f
  U15404/X (STH_NR2_T_1)                   0.01      0.01       3.16 r
  n87971 (net)                   1                   0.00       3.16 r
  U27965/X (STH_INV_N250_2)                0.01      0.01       3.17 f
  n29087 (net)                   2                   0.00       3.17 f
  U27905/X (STH_NR3_T_1)                   0.01      0.01       3.18 r
  n88874 (net)                   1                   0.00       3.18 r
  U65788/X (STH_OAI21_V1T_1)               0.02      0.01       3.20 f
  n57211 (net)                   3                   0.00       3.20 f
  U77181/X (STH_DEL_L4V1_1)                0.01      0.04       3.24 f
  n26219 (net)                   5                   0.00       3.24 f
  U53523/X (STH_AOI21_MM_1)                0.02      0.02       3.25 r
  n57298 (net)                   2                   0.00       3.25 r
  U44504/X (STH_OAI21_MM_1)                0.01      0.02       3.27 f
  n57301 (net)                   1                   0.00       3.27 f
  U32581/X (STH_EO2_V2MM_0P5)              0.02      0.03       3.30 f
  n57302 (net)                   1                   0.00       3.30 f
  U71310/X (STH_ND2_T_0P5)                 0.01      0.01       3.31 r
  n57313 (net)                   1                   0.00       3.31 r
  U70198/X (STH_ND2_T_0P5)                 0.01      0.01       3.32 f
  n22166 (net)                   1                   0.00       3.32 f
  U15213/X (STH_AOI22_MM_1)                0.02      0.01       3.33 r
  n57315 (net)                   1                   0.00       3.33 r
  U23717/X (STH_ND2_T_1P75)                0.01      0.01       3.35 f
  n31310 (net)                   1                   0.00       3.35 f
  U15262/X (STH_ND2_T_2)                   0.01      0.01       3.36 r
  n17303 (net)                   1                   0.00       3.36 r
  U27823/X (STH_NR2_T_4)                   0.01      0.01       3.37 f
  n26493 (net)                   8                   0.00       3.37 f
  U14983/X (STH_NR2_T_1P5)                 0.01      0.01       3.38 r
  n27196 (net)                   2                   0.00       3.38 r
  U30863/X (STH_INV_N250_3)                0.01      0.01       3.39 f
  n28525 (net)                   2                   0.00       3.39 f
  U14848/X (STH_ND2_T_3)                   0.01      0.01       3.40 r
  n23179 (net)                   2                   0.00       3.40 r
  U71657/X (STH_AOI21_MM_4)                0.01      0.01       3.41 f
  n13530 (net)                   1                   0.00       3.41 f
  U59456/X (STH_OAI22_MM_4)                0.01      0.01       3.42 r
  n87988 (net)                   1                   0.00       3.42 r
  U56149/X (STH_AOI21_MM_4)                0.01      0.01       3.43 f
  n59980 (net)                   2                   0.00       3.43 f
  U14680/X (STH_DEL_L4V1_2)                0.01      0.04       3.47 f
  n61957 (net)                   5                   0.00       3.47 f
  U35645/X (STH_NR2_T_0P5)                 0.01      0.01       3.48 r
  n61583 (net)                   2                   0.00       3.48 r
  U35634/X (STH_NR2_T_0P5)                 0.02      0.02       3.50 f
  n62153 (net)                   4                   0.00       3.50 f
  U53502/X (STH_NR2_T_0P5)                 0.01      0.02       3.52 r
  n62152 (net)                   2                   0.00       3.52 r
  U44171/X (STH_NR2_T_0P5)                 0.02      0.01       3.53 f
  n61589 (net)                   2                   0.00       3.53 f
  U31436/X (STH_EO2_V2MM_0P5)              0.02      0.03       3.56 f
  n61586 (net)                   1                   0.00       3.56 f
  U82116/X (STH_NR2_T_0P5)                 0.01      0.01       3.57 r
  n61588 (net)                   1                   0.00       3.57 r
  U47823/X (STH_AOI22_T_0P5)               0.02      0.01       3.58 f
  n61592 (net)                   1                   0.00       3.58 f
  U47804/X (STH_ND2_T_0P8)                 0.01      0.01       3.59 r
  n30354 (net)                   1                   0.00       3.59 r
  U25483/X (STH_ND2_T_1)                   0.01      0.01       3.61 f
  n88476 (net)                   1                   0.00       3.61 f
  U63835/X (STH_INV_N250_2)                0.01      0.01       3.61 r
  n88093 (net)                   1                   0.00       3.61 r
  U27689/X (STH_NR2_T_2)                   0.01      0.01       3.62 f
  n88092 (net)                   1                   0.00       3.62 f
  U63831/X (STH_ND2_T_6)                   0.01      0.01       3.63 r
  n14086 (net)                  19                   0.00       3.63 r
  U14314/X (STH_ND2_T_2)                   0.01      0.01       3.64 f
  n67109 (net)                   2                   0.00       3.64 f
  U14287/X (STH_NR2_T_2)                   0.01      0.01       3.65 r
  n8040 (net)                    1                   0.00       3.65 r
  U24388/X (STH_NR2_T_3)                   0.01      0.01       3.66 f
  n22355 (net)                   2                   0.00       3.66 f
  U24389/X (STH_OAI21_MM_2)                0.01      0.01       3.67 r
  n65221 (net)                   3                   0.00       3.67 r
  U52495/X (STH_ND2_T_1P5)                 0.01      0.01       3.69 f
  n14696 (net)                   1                   0.00       3.69 f
  U26082/X (STH_ND2_T_1P5)                 0.01      0.01       3.70 r
  n14695 (net)                   1                   0.00       3.70 r
  U27607/X (STH_NR2_T_3)                   0.01      0.01       3.70 f
  n89384 (net)                   1                   0.00       3.70 f
  U22528/X (STH_ND2_T_4)                   0.01      0.01       3.71 r
  n13760 (net)                   3                   0.00       3.71 r
  U25325/X (STH_ND2_T_6)                   0.01      0.01       3.72 f
  n18563 (net)                   1                   0.00       3.72 f
  U73523/X (STH_ND2_T_16)                  0.01      0.01       3.74 r
  n66646 (net)                  11                   0.00       3.74 r
  U29657/X (STH_INV_N250_16)               0.01      0.01       3.75 f
  n19538 (net)                   7                   0.00       3.75 f
  U22618/X (STH_NR2_T_5)                   0.01      0.01       3.76 r
  n17903 (net)                   1                   0.00       3.76 r
  U52998/X (STH_OAI21_T_8)                 0.02      0.02       3.77 f
  n17902 (net)                   1                   0.00       3.77 f
  U77396/X (STH_ND2_T_16)                  0.01      0.01       3.78 r
  n19080 (net)                   3                   0.00       3.78 r
  U56108/X (STH_INV_N250_6)                0.01      0.01       3.79 f
  n17956 (net)                   2                   0.00       3.79 f
  U22569/X (STH_NR2_T_5)                   0.01      0.01       3.80 r
  n88069 (net)                   1                   0.00       3.80 r
  U63721/X (STH_NR2_T_12)                  0.01      0.01       3.81 f
  n21447 (net)                   1                   0.00       3.81 f
  U65534/X (STH_INV_N250_24)               0.01      0.01       3.82 r
  n21448 (net)                  10                   0.00       3.82 r
  U51047/X (STH_NR2_T_16)                  0.01      0.01       3.83 f
  n14730 (net)                  29                   0.00       3.83 f
  U25527/X (STH_ND2_T_0P5)                 0.01      0.01       3.84 r
  n11929 (net)                   1                   0.00       3.84 r
  U64428/X (STH_ND2_T_1)                   0.01      0.01       3.85 f
  n11928 (net)                   1                   0.00       3.85 f
  U52177/X (STH_NR2_T_3)                   0.02      0.01       3.87 r
  n30289 (net)                   9                   0.00       3.87 r
  U35174/X (STH_INV_N250_4)                0.01      0.01       3.88 f
  n69546 (net)                   8                   0.00       3.88 f
  U35158/X (STH_ND2_T_2)                   0.02      0.01       3.89 r
  n69543 (net)                   3                   0.00       3.89 r
  U52134/X (STH_NR2_T_1P5)                 0.01      0.01       3.90 f
  n29050 (net)                   1                   0.00       3.90 f
  U33083/X (STH_NR2_T_1)                   0.01      0.01       3.91 r
  n14662 (net)                   1                   0.00       3.91 r
  U26333/X (STH_OAI21_MM_2)                0.01      0.01       3.92 f
  n8154 (net)                    1                   0.00       3.92 f
  U64175/X (STH_NR2_T_2)                   0.01      0.01       3.93 r
  n69661 (net)                   2                   0.00       3.93 r
  U63785/X (STH_NR2_T_3)                   0.01      0.01       3.94 f
  n10762 (net)                   2                   0.00       3.94 f
  U63724/X (STH_NR3_T_2)                   0.02      0.01       3.95 r
  n88099 (net)                   1                   0.00       3.95 r
  U63850/X (STH_OAI21_MM_4)                0.01      0.01       3.97 f
  n67736 (net)                   3                   0.00       3.97 f
  U50747/X (STH_ND2_T_4)                   0.01      0.01       3.98 r
  n89424 (net)                   1                   0.00       3.98 r
  U56107/X (STH_INV_N250_8)                0.01      0.01       3.98 f
  n27916 (net)                   1                   0.00       3.98 f
  U78490/X (STH_NR2_T_16)                  0.02      0.01       4.00 r
  n68323 (net)                  21                   0.00       4.00 r
  U82674/X (STH_DEL_L4V1_8)                0.02      0.05       4.05 r
  n71272 (net)                  30                   0.00       4.05 r
  U26887/X (STH_INV_N250_8)                0.01      0.01       4.06 f
  n70774 (net)                  19                   0.00       4.06 f
  U12445/X (STH_ND3_T_1)                   0.02      0.01       4.07 r
  n69290 (net)                   1                   0.00       4.07 r
  U77162/X (STH_OAI21_T_1P5)               0.01      0.01       4.08 f
  n69302 (net)                   1                   0.00       4.08 f
  U12238/X (STH_NR3_T_1)                   0.01      0.01       4.09 r
  n69303 (net)                   1                   0.00       4.09 r
  U12192/X (STH_AOI21_MM_2)                0.02      0.01       4.11 f
  n31138 (net)                   1                   0.00       4.11 f
  U12057/X (STH_NR2_T_4)                   0.02      0.02       4.13 r
  n26449 (net)                   1                   0.00       4.13 r
  U50802/X (STH_NR3_T_16)                  0.01      0.01       4.14 f
  n72674 (net)                  11                   0.00       4.14 f
  U66525/X (STH_INV_N250_3)                0.01      0.01       4.15 r
  n16092 (net)                   6                   0.00       4.15 r
  U11913/X (STH_NR2_T_1)                   0.02      0.01       4.16 f
  n72682 (net)                   3                   0.00       4.16 f
  U44628/X (STH_NR2_T_0P5)                 0.02      0.02       4.17 r
  n72853 (net)                   2                   0.00       4.17 r
  U11717/X (STH_ND2_T_1)                   0.01      0.01       4.19 f
  n72962 (net)                   2                   0.00       4.19 f
  U11670/X (STH_NR2_T_1)                   0.01      0.01       4.20 r
  n71627 (net)                   2                   0.00       4.20 r
  U29522/X (STH_INV_N250_1)                0.01      0.01       4.21 f
  n16757 (net)                   1                   0.00       4.21 f
  U24426/X (STH_NR2_T_1)                   0.01      0.01       4.21 r
  n17606 (net)                   1                   0.00       4.21 r
  U24219/X (STH_ND2_T_1P5)                 0.01      0.01       4.23 f
  n7470 (net)                    1                   0.00       4.23 f
  U70376/X (STH_AOI21_MM_4)                0.01      0.01       4.24 r
  n12994 (net)                   2                   0.00       4.24 r
  U22030/X (STH_ND2_T_1P75)                0.01      0.01       4.25 f
  n87637 (net)                   1                   0.00       4.25 f
  U50833/X (STH_ND2_T_2)                   0.01      0.01       4.26 r
  n31817 (net)                   1                   0.00       4.26 r
  U24501/X (STH_AOI21_T_3)                 0.02      0.01       4.27 f
  n89191 (net)                   1                   0.00       4.27 f
  U22191/X (STH_NR2_T_5)                   0.01      0.01       4.28 r
  n87681 (net)                   1                   0.00       4.28 r
  U51790/X (STH_NR3_T_8)                   0.01      0.01       4.29 f
  n71917 (net)                   5                   0.00       4.29 f
  U25329/X (STH_INV_N250_3)                0.01      0.01       4.30 r
  n72338 (net)                   1                   0.00       4.30 r
  U24156/X (STH_INV_N250_8)                0.01      0.01       4.31 f
  n76458 (net)                   3                   0.00       4.31 f
  U11346/X (STH_INV_N250_12)               0.01      0.01       4.32 r
  n76255 (net)                  10                   0.00       4.32 r
  U23867/X (STH_INV_N250_8)                0.01      0.01       4.33 f
  n72347 (net)                   3                   0.00       4.33 f
  U11285/X (STH_INV_N250_6)                0.01      0.01       4.34 r
  n80217 (net)                  18                   0.00       4.34 r
  U83802/X (STH_AOI21_MM_1)                0.02      0.01       4.35 f
  n73864 (net)                   1                   0.00       4.35 f
  U11038/X (STH_NR3_T_1P5)                 0.03      0.03       4.38 r
  n26881 (net)                   1                   0.00       4.38 r
  U65490/X (STH_NR3_T_8)                   0.01      0.02       4.40 f
  n77320 (net)                  13                   0.00       4.40 f
  U64252/X (STH_INV_N250_4)                0.01      0.01       4.41 r
  n11362 (net)                   6                   0.00       4.41 r
  U10708/X (STH_NR2_T_0P5)                 0.02      0.01       4.42 f
  n76670 (net)                   2                   0.00       4.42 f
  U64050/X (STH_NR3_T_1)                   0.01      0.01       4.43 r
  n23146 (net)                   1                   0.00       4.43 r
  U29239/X (STH_ND3_S_2)                   0.01      0.01       4.44 f
  n23145 (net)                   1                   0.00       4.44 f
  U46047/X (STH_NR3_T_0P5)                 0.01      0.01       4.45 r
  n23363 (net)                   1                   0.00       4.45 r
  U46026/X (STH_ND3_MM_0P5)                0.03      0.02       4.47 f
  n22631 (net)                   1                   0.00       4.47 f
  U46337/X (STH_AOI21_MM_2)                0.01      0.01       4.49 r
  n19630 (net)                   1                   0.00       4.49 r
  U56348/X (STH_NR2_T_1P5)                 0.01      0.01       4.50 f
  n87840 (net)                   1                   0.00       4.50 f
  U56347/X (STH_OAI22_T_2)                 0.01      0.01       4.50 r
  n76728 (net)                   1                   0.00       4.50 r
  U72276/X (STH_NR3_T_1P5)                 0.01      0.01       4.51 f
  n88854 (net)                   1                   0.00       4.51 f
  U29876/X (STH_NR3_T_1)                   0.01      0.01       4.52 r
  n24125 (net)                   1                   0.00       4.52 r
  R_3562/D (STH_FSDPQO_F1V1_2)             0.01      0.00       4.52 r
  data arrival time                                             4.52

  clock ideal_clock1 (rise edge)                     0.50       0.50
  clock network delay (ideal)                        0.00       0.50
  R_3562/CK (STH_FSDPQO_F1V1_2)                      0.00       0.50 r
  library setup time                                -0.01       0.49
  data required time                                            0.49
  ------------------------------------------------------------------------------------------
  data required time                                            0.49
  data arrival time                                            -4.52
  ------------------------------------------------------------------------------------------
  slack (VIOLATED)                                             -4.03


1
