 
****************************************
Report : timing
        -path full
        -delay max
        -nets
        -max_paths 1
        -transition_time
Design : Cgra_Hw
Version: P-2019.03
Date   : Sun Mar 24 07:20:30 2019
****************************************

 # A fanout number of 1000 was used for high fanout net computations.

Operating Conditions: FFGBC0P99VN40C   Library: um28nphhlogl30hsh140f_ffgbc0p99vn40c
Wire Load Model Mode: enclosed

  Startpoint: Dedicated_PE_Hw_4_all_delaypipes_hw_1_Queue/R_81430
              (rising edge-triggered flip-flop clocked by ideal_clock1)
  Endpoint: Dedicated_PE_Hw_4_div_31_R_80950
            (rising edge-triggered flip-flop clocked by ideal_clock1)
  Path Group: ideal_clock1
  Path Type: max

Attributes:
    d - dont_touch
    u - dont_use
   mo - map_only
   so - size_only
    i - ideal_net or ideal_network
  inf - infeasible path

  Point                                       Fanout     Trans      Incr       Path      Attributes
  ---------------------------------------------------------------------------------------------------------
  clock ideal_clock1 (rise edge)                                    0.00       0.00
  clock network delay (ideal)                                       0.00       0.00
  Dedicated_PE_Hw_4_all_delaypipes_hw_1_Queue/R_81430/CK (STH_FSDPQO_F4_12)     0.00     0.00 #     0.00 r
  Dedicated_PE_Hw_4_all_delaypipes_hw_1_Queue/R_81430/Q (STH_FSDPQO_F4_12)     0.01     0.02     0.02 r
  Dedicated_PE_Hw_4_all_delaypipes_hw_1_Queue/n2343 (net)     3     0.00       0.02 r
  Dedicated_PE_Hw_4_all_delaypipes_hw_1_Queue/U1539/X (STH_NR3_T_8)     0.02     0.01     0.03 f
  Dedicated_PE_Hw_4_all_delaypipes_hw_1_Queue/n2245 (net)    34     0.00       0.03 f
  Dedicated_PE_Hw_4_all_delaypipes_hw_1_Queue/U243/X (STH_AOI22_MM_1)     0.01     0.02     0.05 r
  Dedicated_PE_Hw_4_all_delaypipes_hw_1_Queue/n2180 (net)     1     0.00       0.05 r
  Dedicated_PE_Hw_4_all_delaypipes_hw_1_Queue/U1652/X (STH_ND2_T_0P5)     0.02     0.01     0.06 f
  Dedicated_PE_Hw_4_all_delaypipes_hw_1_Queue/n2187 (net)     1     0.00       0.06 f
  Dedicated_PE_Hw_4_all_delaypipes_hw_1_Queue/U272/X (STH_NR3_T_1)     0.01     0.01     0.08 r
  Dedicated_PE_Hw_4_all_delaypipes_hw_1_Queue/n126 (net)     1      0.00       0.08 r
  Dedicated_PE_Hw_4_all_delaypipes_hw_1_Queue/U57/X (STH_ND2_T_1)     0.01     0.01     0.09 f
  Dedicated_PE_Hw_4_all_delaypipes_hw_1_Queue/io_deq_bits[57] (net)     2     0.00     0.09 f
  Dedicated_PE_Hw_4_all_delaypipes_hw_1_Queue/io_deq_bits[57] (Queue_2)     0.00     0.09 f
  Dedicated_PE_Hw_4_all_delaypipes_hw_1_io_out_bits[57] (net)       0.00       0.09 f
  U59086/X (STH_NR2_T_1P5)                                0.01      0.01       0.10 r
  n19530 (net)                                  1                   0.00       0.10 r
  U71891/X (STH_ND2_T_2)                                  0.01      0.01       0.11 f
  n16861 (net)                                  2                   0.00       0.11 f
  U58937/X (STH_NR2_T_2)                                  0.01      0.01       0.12 r
  n16858 (net)                                  1                   0.00       0.12 r
  U58884/X (STH_ND2_T_2)                                  0.01      0.01       0.13 f
  n16857 (net)                                  1                   0.00       0.13 f
  U24146/X (STH_NR2_T_3)                                  0.01      0.01       0.14 r
  n20719 (net)                                  2                   0.00       0.14 r
  U23485/X (STH_ND2_T_6)                                  0.01      0.01       0.15 f
  n62982 (net)                                  4                   0.00       0.15 f
  U22452/X (STH_NR2_T_4)                                  0.01      0.01       0.16 r
  n19172 (net)                                  1                   0.00       0.16 r
  U25123/X (STH_ND2_T_4)                                  0.01      0.01       0.17 f
  n18811 (net)                                  1                   0.00       0.17 f
  U60543/X (STH_NR2_T_4)                                  0.01      0.01       0.18 r
  n20559 (net)                                  2                   0.00       0.18 r
  U72933/X (STH_NR2_T_6)                                  0.01      0.01       0.19 f
  n21557 (net)                                  6                   0.00       0.19 f
  U23163/X (STH_NR2_T_1P5)                                0.01      0.01       0.20 r
  n60071 (net)                                  1                   0.00       0.20 r
  U20338/X (STH_AOI21_MM_2)                               0.01      0.01       0.21 f
  n25598 (net)                                  1                   0.00       0.21 f
  U21914/X (STH_ND2_T_2)                                  0.01      0.01       0.22 r
  n60072 (net)                                  1                   0.00       0.22 r
  U25866/X (STH_NR3_T_3)                                  0.01      0.01       0.23 f
  n25194 (net)                                  1                   0.00       0.23 f
  U60495/X (STH_AOI21_T_4)                                0.01      0.01       0.24 r
  n25226 (net)                                  1                   0.00       0.24 r
  U72550/X (STH_ND2_T_8)                                  0.02      0.02       0.26 f
  n60115 (net)                                  9                   0.00       0.26 f
  U21371/X (STH_OAI21_V1T_1)                              0.01      0.02       0.27 r
  n20018 (net)                                  1                   0.00       0.27 r
  U60383/X (STH_NR2_T_2)                                  0.01      0.01       0.29 f
  n9964 (net)                                   1                   0.00       0.29 f
  U25612/X (STH_OAI22_MM_4)                               0.02      0.01       0.30 r
  n61370 (net)                                  2                   0.00       0.30 r
  U67167/X (STH_ND3_T_4)                                  0.01      0.02       0.32 f
  n20193 (net)                                  1                   0.00       0.32 f
  U67385/X (STH_AOI21_MM_4)                               0.01      0.01       0.33 r
  n8571 (net)                                   2                   0.00       0.33 r
  U78102/X (STH_NR2_T_3)                                  0.01      0.01       0.34 f
  n21306 (net)                                  1                   0.00       0.34 f
  U23472/X (STH_NR2_T_4)                                  0.01      0.01       0.35 r
  n19275 (net)                                  1                   0.00       0.35 r
  U24172/X (STH_OAI21_MM_8)                               0.02      0.02       0.36 f
  n71188 (net)                                  6                   0.00       0.36 f
  U20948/X (STH_ND3_T_4)                                  0.01      0.01       0.37 r
  n20241 (net)                                  1                   0.00       0.37 r
  U20854/X (STH_ND2_T_3)                                  0.01      0.01       0.39 f
  n20240 (net)                                  1                   0.00       0.39 f
  U25221/X (STH_NR2_T_6)                                  0.01      0.01       0.40 r
  n20558 (net)                                  5                   0.00       0.40 r
  U25876/X (STH_NR3_T_0P8)                                0.02      0.01       0.41 f
  n22664 (net)                                  1                   0.00       0.41 f
  U72903/X (STH_NR2_T_2)                                  0.02      0.02       0.43 r
  n19702 (net)                                  2                   0.00       0.43 r
  U59649/X (STH_NR2_T_6)                                  0.01      0.01       0.44 f
  n16932 (net)                                 14                   0.00       0.44 f
  U20926/X (STH_AOI21_MM_4)                               0.01      0.01       0.45 r
  n23880 (net)                                  1                   0.00       0.45 r
  U20929/X (STH_NR2_T_2)                                  0.01      0.01       0.46 f
  n20550 (net)                                  2                   0.00       0.46 f
  U22928/X (STH_NR3_T_3)                                  0.01      0.01       0.47 r
  n20174 (net)                                  1                   0.00       0.47 r
  U23095/X (STH_NR3_T_4)                                  0.01      0.01       0.48 f
  n61647 (net)                                  2                   0.00       0.48 f
  U20483/X (STH_NR2_T_3)                                  0.01      0.01       0.49 r
  n17569 (net)                                  1                   0.00       0.49 r
  U25138/X (STH_NR2_T_4)                                  0.01      0.01       0.50 f
  n8848 (net)                                   1                   0.00       0.50 f
  U59882/X (STH_NR2_T_6)                                  0.01      0.01       0.51 r
  n61412 (net)                                  4                   0.00       0.51 r
  U59880/X (STH_NR2_T_4)                                  0.01      0.01       0.52 f
  n89330 (net)                                  1                   0.00       0.52 f
  U91508/X (STH_NR3_T_8)                                  0.02      0.02       0.54 r
  n71490 (net)                                 19                   0.00       0.54 r
  U18024/X (STH_NR2_T_1)                                  0.01      0.02       0.56 f
  n21558 (net)                                  3                   0.00       0.56 f
  U37719/X (STH_ND2_T_0P5)                                0.01      0.01       0.57 r
  n61495 (net)                                  1                   0.00       0.57 r
  U63147/X (STH_ND2_T_0P5)                                0.01      0.01       0.58 f
  n23539 (net)                                  1                   0.00       0.58 f
  U63429/X (STH_AOI21_MM_1)                               0.02      0.02       0.60 r
  n23538 (net)                                  1                   0.00       0.60 r
  U60692/X (STH_NR2_T_4)                                  0.02      0.02       0.61 f
  n24577 (net)                                  1                   0.00       0.61 f
  U19620/X (STH_NR3_T_16)                                 0.01      0.02       0.63 r
  n61819 (net)                                 10                   0.00       0.63 r
  U21894/X (STH_NR2_T_1P5)                                0.02      0.01       0.64 f
  n61944 (net)                                  3                   0.00       0.64 f
  U91534/X (STH_AOI21_MM_4)                               0.01      0.01       0.66 r
  n13007 (net)                                  2                   0.00       0.66 r
  U72030/X (STH_ND2_T_6)                                  0.01      0.01       0.67 f
  n87810 (net)                                  1                   0.00       0.67 f
  U72027/X (STH_NR2_T_5)                                  0.01      0.01       0.68 r
  n13041 (net)                                  2                   0.00       0.68 r
  U22119/X (STH_NR2_T_6)                                  0.01      0.01       0.69 f
  n18787 (net)                                  3                   0.00       0.69 f
  U17760/X (STH_ND2_T_4)                                  0.01      0.01       0.70 r
  n21812 (net)                                  1                   0.00       0.70 r
  U72477/X (STH_ND2_T_4)                                  0.02      0.02       0.71 f
  n61826 (net)                                  2                   0.00       0.71 f
  U60701/X (STH_INV_N250_12)                              0.01      0.01       0.72 r
  n62220 (net)                                 29                   0.00       0.72 r
  U17664/X (STH_NR2_T_0P5)                                0.01      0.01       0.73 f
  n62013 (net)                                  1                   0.00       0.73 f
  U42443/X (STH_NR3_T_0P65)                               0.02      0.02       0.76 r
  n62016 (net)                                  1                   0.00       0.76 r
  U17598/X (STH_NR2_T_2)                                  0.01      0.01       0.77 f
  n19221 (net)                                  1                   0.00       0.77 f
  U60403/X (STH_AOI21_T_3)                                0.02      0.01       0.78 r
  n22550 (net)                                  2                   0.00       0.78 r
  U22852/X (STH_INV_N250_1P5)                             0.01      0.01       0.79 f
  n8616 (net)                                   1                   0.00       0.79 f
  U37379/X (STH_NR3_T_2)                                  0.02      0.02       0.81 r
  n24925 (net)                                  2                   0.00       0.81 r
  U60780/X (STH_NR2_T_3)                                  0.01      0.01       0.82 f
  n9004 (net)                                   2                   0.00       0.82 f
  U34782/X (STH_ND2_T_2)                                  0.01      0.01       0.83 r
  n19940 (net)                                  1                   0.00       0.83 r
  U24127/X (STH_NR2_T_3)                                  0.01      0.01       0.84 f
  n19375 (net)                                  1                   0.00       0.84 f
  U60615/X (STH_OAI21_MM_8)                               0.01      0.01       0.85 r
  n19939 (net)                                  2                   0.00       0.85 r
  U91500/X (STH_ND3_T_8)                                  0.02      0.02       0.87 f
  n62297 (net)                                  7                   0.00       0.87 f
  U26039/X (STH_INV_N150_3)                               0.01      0.01       0.88 r
  n8035 (net)                                   1                   0.00       0.88 r
  U19246/X (STH_ND2_T_2)                                  0.01      0.01       0.89 f
  n7234 (net)                                   1                   0.00       0.89 f
  U19314/X (STH_AOI21_T_3)                                0.01      0.01       0.90 r
  n21789 (net)                                  1                   0.00       0.90 r
  U61134/X (STH_NR3_T_4)                                  0.01      0.01       0.91 f
  n21965 (net)                                  1                   0.00       0.91 f
  U60833/X (STH_AOI21_MM_4)                               0.02      0.02       0.92 r
  n13826 (net)                                  4                   0.00       0.92 r
  U21430/X (STH_INV_N250_8)                               0.01      0.01       0.94 f
  n22413 (net)                                  1                   0.00       0.94 f
  U59547/X (STH_INV_N250_24)                              0.01      0.01       0.95 r
  n22414 (net)                                 15                   0.00       0.95 r
  U72241/X (STH_OAI21_MM_8)                               0.02      0.01       0.96 f
  n23474 (net)                                  1                   0.00       0.96 f
  U91433/X (STH_NR2_T_12)                                 0.01      0.01       0.98 r
  n9797 (net)                                  10                   0.00       0.98 r
  U22873/X (STH_INV_N250_16)                              0.01      0.01       0.99 f
  n8999 (net)                                   7                   0.00       0.99 f
  U17065/X (STH_NR2_T_6)                                  0.01      0.01       1.00 r
  n17445 (net)                                  3                   0.00       1.00 r
  U21989/X (STH_NR2_T_5)                                  0.01      0.01       1.00 f
  n62915 (net)                                  1                   0.00       1.00 f
  U21716/X (STH_NR3_T_4)                                  0.01      0.01       1.02 r
  n12513 (net)                                  2                   0.00       1.02 r
  U28911/X (STH_NR2_T_2)                                  0.01      0.01       1.02 f
  n18988 (net)                                  3                   0.00       1.02 f
  U20941/X (STH_ND2_T_3P5)                                0.01      0.01       1.03 r
  n63137 (net)                                  2                   0.00       1.03 r
  U55445/X (STH_ND2_T_6)                                  0.01      0.01       1.04 f
  n9085 (net)                                   2                   0.00       1.04 f
  U16639/X (STH_ND2_T_1P5)                                0.01      0.01       1.05 r
  n10574 (net)                                  1                   0.00       1.05 r
  U21998/X (STH_ND2_T_1)                                  0.02      0.01       1.06 f
  n63195 (net)                                  5                   0.00       1.06 f
  U21996/X (STH_ND2_T_0P5)                                0.01      0.02       1.08 r
  n10571 (net)                                  1                   0.00       1.08 r
  U26050/X (STH_ND2_T_1)                                  0.02      0.02       1.09 f
  n63514 (net)                                  3                   0.00       1.09 f
  U36669/X (STH_AOI21_MM_2)                               0.01      0.01       1.11 r
  n63608 (net)                                  2                   0.00       1.11 r
  U44268/X (STH_OAI21_V1T_1)                              0.01      0.01       1.12 f
  n10567 (net)                                  1                   0.00       1.12 f
  U44165/X (STH_EO2_F_0P85)                               0.01      0.02       1.14 f
  n10565 (net)                                  1                   0.00       1.14 f
  U20273/X (STH_ND2_T_0P8)                                0.01      0.01       1.15 r
  n63619 (net)                                  1                   0.00       1.15 r
  U72246/X (STH_ND3_T_1)                                  0.03      0.02       1.17 f
  n63627 (net)                                  1                   0.00       1.17 f
  U91442/X (STH_OAI22_MM_4)                               0.02      0.02       1.19 r
  n89220 (net)                                  1                   0.00       1.19 r
  U91441/X (STH_NR2_T_8)                                  0.01      0.02       1.21 f
  n64063 (net)                                 19                   0.00       1.21 f
  U16189/X (STH_ND2_T_6)                                  0.01      0.01       1.22 r
  n7317 (net)                                   1                   0.00       1.22 r
  U91505/X (STH_INV_N250_4)                               0.01      0.01       1.23 f
  n64038 (net)                                  4                   0.00       1.23 f
  U18280/X (STH_NR2_T_2)                                  0.01      0.01       1.24 r
  n89145 (net)                                  1                   0.00       1.24 r
  U18239/X (STH_NR2_T_2)                                  0.01      0.01       1.25 f
  n64022 (net)                                  2                   0.00       1.25 f
  U19995/X (STH_OAI21_MM_4)                               0.01      0.01       1.26 r
  n63727 (net)                                  2                   0.00       1.26 r
  U19213/X (STH_NR3_T_2)                                  0.01      0.01       1.26 f
  n63733 (net)                                  1                   0.00       1.26 f
  U60391/X (STH_NR2_T_2)                                  0.01      0.01       1.28 r
  n23204 (net)                                  1                   0.00       1.28 r
  U19687/X (STH_ND2_T_4)                                  0.01      0.01       1.29 f
  n23203 (net)                                  1                   0.00       1.29 f
  U70350/X (STH_OAI21_T_8)                                0.02      0.02       1.31 r
  n74630 (net)                                  6                   0.00       1.31 r
  U21107/X (STH_NR3_T_4)                                  0.01      0.01       1.32 f
  n7620 (net)                                   1                   0.00       1.32 f
  U18978/X (STH_NR2_T_4)                                  0.01      0.01       1.33 r
  n19194 (net)                                  1                   0.00       1.33 r
  U15652/X (STH_NR2_T_6)                                  0.01      0.01       1.34 f
  n10289 (net)                                  1                   0.00       1.34 f
  U25892/X (STH_NR2_T_16)                                 0.02      0.01       1.35 r
  n12473 (net)                                  4                   0.00       1.35 r
  U23856/X (STH_INV_N250_32)                              0.01      0.01       1.37 f
  n12384 (net)                                  8                   0.00       1.37 f
  U20728/X (STH_NR2_T_8)                                  0.01      0.01       1.38 r
  n87078 (net)                                  1                   0.00       1.38 r
  U20685/X (STH_NR2_T_8)                                  0.02      0.01       1.38 f
  n18060 (net)                                  1                   0.00       1.38 f
  U23747/X (STH_ND2_T_16)                                 0.01      0.01       1.39 r
  n25398 (net)                                  4                   0.00       1.39 r
  U19435/X (STH_INV_N250_6)                               0.01      0.01       1.40 f
  n65059 (net)                                  6                   0.00       1.40 f
  U20828/X (STH_INV_N250_9)                               0.01      0.01       1.41 r
  n65068 (net)                                  9                   0.00       1.41 r
  U73595/X (STH_NR2_T_3)                                  0.02      0.01       1.42 f
  n65077 (net)                                  3                   0.00       1.42 f
  U20016/X (STH_NR3_T_1P5)                                0.02      0.01       1.43 r
  n25391 (net)                                  1                   0.00       1.43 r
  U15234/X (STH_NR3_T_2)                                  0.01      0.01       1.44 f
  n65133 (net)                                  2                   0.00       1.44 f
  U17204/X (STH_NR2_T_1)                                  0.01      0.01       1.45 r
  n65262 (net)                                  2                   0.00       1.45 r
  U65722/X (STH_OAI21_V1T_1)                              0.02      0.01       1.47 f
  n65319 (net)                                  2                   0.00       1.47 f
  U19365/X (STH_NR2_T_1P5)                                0.01      0.01       1.48 r
  n23640 (net)                                  2                   0.00       1.48 r
  U19364/X (STH_NR3_T_2)                                  0.01      0.01       1.49 f
  n23638 (net)                                  1                   0.00       1.49 f
  U19924/X (STH_NR2_T_2)                                  0.01      0.01       1.50 r
  n7592 (net)                                   1                   0.00       1.50 r
  U81029/X (STH_NR2_T_3)                                  0.01      0.01       1.51 f
  n65521 (net)                                  4                   0.00       1.51 f
  U91310/X (STH_OAI21_MM_4)                               0.01      0.01       1.52 r
  n10302 (net)                                  6                   0.00       1.52 r
  U60813/X (STH_ND2_T_1)                                  0.01      0.01       1.53 f
  n17382 (net)                                  2                   0.00       1.53 f
  U28284/X (STH_ND2_T_0P5)                                0.01      0.01       1.54 r
  n65629 (net)                                  1                   0.00       1.54 r
  U28273/X (STH_EO2_V2MM_1)                               0.01      0.02       1.56 r
  n65638 (net)                                  1                   0.00       1.56 r
  U16332/X (STH_ND2_T_1)                                  0.01      0.01       1.58 f
  n86663 (net)                                  1                   0.00       1.58 f
  U33002/X (STH_INV_N250_1P5)                             0.00      0.01       1.58 r
  n86662 (net)                                  1                   0.00       1.58 r
  U54530/X (STH_NR2_T_0P8)                                0.01      0.01       1.59 f
  n65639 (net)                                  1                   0.00       1.59 f
  U71886/X (STH_NR2_T_1)                                  0.01      0.01       1.60 r
  n65644 (net)                                  1                   0.00       1.60 r
  U20851/X (STH_INV_N250_1P25)                            0.01      0.01       1.61 f
  n23275 (net)                                  1                   0.00       1.61 f
  U19337/X (STH_ND3_T_3)                                  0.01      0.01       1.62 r
  n20711 (net)                                  2                   0.00       1.62 r
  U14360/X (STH_ND2_T_3P5)                                0.02      0.01       1.63 f
  n12108 (net)                                  1                   0.00       1.63 f
  U23410/X (STH_NR2_T_8)                                  0.01      0.01       1.64 r
  n67259 (net)                                 10                   0.00       1.64 r
  U28132/X (STH_NR2_T_2)                                  0.02      0.01       1.65 f
  n18067 (net)                                  4                   0.00       1.65 f
  U72739/X (STH_NR3_T_2)                                  0.01      0.01       1.67 r
  n8930 (net)                                   1                   0.00       1.67 r
  U14088/X (STH_OAI21_T_1P5)                              0.01      0.01       1.68 f
  n8929 (net)                                   1                   0.00       1.68 f
  U59827/X (STH_AOI21_MM_4)                               0.01      0.01       1.70 r
  n16407 (net)                                  2                   0.00       1.70 r
  U81055/X (STH_ND3_T_4)                                  0.02      0.02       1.72 f
  n23286 (net)                                  1                   0.00       1.72 f
  U60617/X (STH_ND2_T_8)                                  0.01      0.01       1.73 r
  n66113 (net)                                 10                   0.00       1.73 r
  U23258/X (STH_NR2_T_5)                                  0.01      0.01       1.74 f
  n86654 (net)                                  1                   0.00       1.74 f
  U32495/X (STH_INV_N250_6)                               0.01      0.01       1.74 r
  n20726 (net)                                  1                   0.00       1.74 r
  U24215/X (STH_OAI22_T_8)                                0.02      0.02       1.76 f
  n66061 (net)                                  3                   0.00       1.76 f
  U25515/X (STH_ND2_T_3P5)                                0.01      0.01       1.77 r
  n8841 (net)                                   1                   0.00       1.77 r
  U19633/X (STH_INV_N250_6)                               0.01      0.01       1.78 f
  n8082 (net)                                   1                   0.00       1.78 f
  U61044/X (STH_NR2_T_12)                                 0.01      0.01       1.79 r
  n8180 (net)                                   3                   0.00       1.79 r
  U25225/X (STH_INV_N250_6)                               0.01      0.01       1.80 f
  n8181 (net)                                   3                   0.00       1.80 f
  U20648/X (STH_NR2_T_6)                                  0.01      0.01       1.81 r
  n11632 (net)                                  3                   0.00       1.81 r
  U19694/X (STH_INV_N250_8)                               0.01      0.01       1.82 f
  n7453 (net)                                   1                   0.00       1.82 f
  U21688/X (STH_NR2_T_12)                                 0.01      0.01       1.83 r
  n8887 (net)                                   9                   0.00       1.83 r
  U25506/X (STH_ND2_T_5)                                  0.01      0.01       1.84 f
  n16913 (net)                                  1                   0.00       1.84 f
  U21705/X (STH_INV_N250_4)                               0.01      0.01       1.84 r
  n12607 (net)                                  1                   0.00       1.84 r
  U60892/X (STH_NR2_T_4)                                  0.01      0.01       1.85 f
  n11296 (net)                                  3                   0.00       1.85 f
  U20605/X (STH_ND2_T_6)                                  0.01      0.01       1.86 r
  n68578 (net)                                  6                   0.00       1.86 r
  U14982/X (STH_INV_N250_6)                               0.01      0.01       1.87 f
  n12296 (net)                                  7                   0.00       1.87 f
  U13036/X (STH_ND2_T_1P75)                               0.02      0.01       1.88 r
  n68445 (net)                                  2                   0.00       1.88 r
  U21957/X (STH_INV_N250_2)                               0.01      0.01       1.89 f
  n16472 (net)                                  3                   0.00       1.89 f
  U22337/X (STH_NR2_T_1)                                  0.01      0.01       1.90 r
  n20263 (net)                                  1                   0.00       1.90 r
  U30368/X (STH_ND2_T_1P5)                                0.01      0.01       1.91 f
  n9810 (net)                                   2                   0.00       1.91 f
  U22328/X (STH_NR2_T_1)                                  0.01      0.02       1.93 r
  n7941 (net)                                   1                   0.00       1.93 r
  U22327/X (STH_AOI21_T_3)                                0.02      0.02       1.95 f
  n19767 (net)                                  6                   0.00       1.95 f
  U12731/X (STH_DEL_L4V1_2)                               0.01      0.04       1.99 f
  n19351 (net)                                  3                   0.00       1.99 f
  U12712/X (STH_NR2_T_3)                                  0.01      0.01       2.00 r
  n69044 (net)                                  5                   0.00       2.00 r
  U12521/X (STH_ND2_T_0P8)                                0.01      0.01       2.01 f
  n20205 (net)                                  1                   0.00       2.01 f
  U27685/X (STH_ND2_T_1P75)                               0.01      0.01       2.02 r
  n68215 (net)                                  2                   0.00       2.02 r
  U27672/X (STH_INV_N250_0P65)                            0.01      0.01       2.02 f
  n68217 (net)                                  1                   0.00       2.02 f
  U70183/X (STH_ND2_T_0P5)                                0.01      0.01       2.03 r
  n19512 (net)                                  1                   0.00       2.03 r
  U71939/X (STH_ND3_T_1)                                  0.03      0.02       2.06 f
  n24243 (net)                                  1                   0.00       2.06 f
  U68913/X (STH_OAI22_MM_4)                               0.02      0.02       2.08 r
  n19949 (net)                                  2                   0.00       2.08 r
  U68886/X (STH_NR3_T_8)                                  0.01      0.02       2.09 f
  n70976 (net)                                 12                   0.00       2.09 f
  U72243/X (STH_NR2_T_0P5)                                0.02      0.02       2.11 r
  n71000 (net)                                  2                   0.00       2.11 r
  U27597/X (STH_AOI21_MM_2)                               0.01      0.01       2.12 f
  n70781 (net)                                  2                   0.00       2.12 f
  U49285/X (STH_NR2_T_1)                                  0.01      0.01       2.13 r
  n13688 (net)                                  1                   0.00       2.13 r
  U27541/X (STH_NR2_T_1)                                  0.01      0.01       2.14 f
  n11842 (net)                                  1                   0.00       2.14 f
  U23284/X (STH_NR2_T_1)                                  0.01      0.01       2.15 r
  n11841 (net)                                  1                   0.00       2.15 r
  U11686/X (STH_AOI21_MM_2)                               0.01      0.01       2.16 f
  n7297 (net)                                   1                   0.00       2.16 f
  U68284/X (STH_ND2_T_1P75)                               0.01      0.01       2.17 r
  n87555 (net)                                  1                   0.00       2.17 r
  U53630/X (STH_NR2_T_2)                                  0.01      0.01       2.18 f
  n11706 (net)                                  2                   0.00       2.18 f
  U12258/X (STH_NR2_T_2)                                  0.02      0.01       2.19 r
  n89286 (net)                                  1                   0.00       2.19 r
  U91368/X (STH_NR2_T_6)                                  0.01      0.01       2.20 f
  n8046 (net)                                   1                   0.00       2.20 f
  U22841/X (STH_NR2_T_12)                                 0.01      0.01       2.21 r
  n23725 (net)                                  3                   0.00       2.21 r
  U78042/X (STH_NR2_T_5)                                  0.01      0.01       2.22 f
  n8720 (net)                                   1                   0.00       2.22 f
  U71629/X (STH_ND2_T_8)                                  0.01      0.01       2.23 r
  n8598 (net)                                   2                   0.00       2.23 r
  U20713/X (STH_INV_N250_8)                               0.01      0.01       2.24 f
  n23734 (net)                                  1                   0.00       2.24 f
  U72539/X (STH_NR3_T_16)                                 0.02      0.02       2.26 r
  n19487 (net)                                  7                   0.00       2.26 r
  U59836/X (STH_INV_N250_24)                              0.01      0.01       2.27 f
  n8570 (net)                                  13                   0.00       2.27 f
  U21901/X (STH_NR2_T_1)                                  0.01      0.01       2.28 r
  n18918 (net)                                  1                   0.00       2.28 r
  U11042/X (STH_INV_N250_3)                               0.01      0.01       2.29 f
  n18917 (net)                                  1                   0.00       2.29 f
  U72486/X (STH_ND3_T_8)                                  0.01      0.01       2.30 r
  n73118 (net)                                 14                   0.00       2.30 r
  U59524/X (STH_NR2_T_1)                                  0.02      0.01       2.32 f
  n73115 (net)                                  2                   0.00       2.32 f
  U24473/X (STH_INV_N250_1P5)                             0.01      0.01       2.33 r
  n73191 (net)                                  2                   0.00       2.33 r
  U73026/X (STH_ND2_T_1P75)                               0.02      0.01       2.34 f
  n73218 (net)                                  3                   0.00       2.34 f
  U10759/X (STH_NR2_T_2)                                  0.01      0.01       2.35 r
  n73564 (net)                                  3                   0.00       2.35 r
  U22317/X (STH_ND2_T_0P8)                                0.01      0.01       2.36 f
  n71072 (net)                                  2                   0.00       2.36 f
  U39032/X (STH_INV_N250_0P8)                             0.01      0.01       2.38 r
  n12953 (net)                                  1                   0.00       2.38 r
  U10670/X (STH_OAI21_T_1P5)                              0.01      0.01       2.39 f
  n22465 (net)                                  2                   0.00       2.39 f
  U60365/X (STH_OAI21_T_1P5)                              0.01      0.01       2.40 r
  n89093 (net)                                  1                   0.00       2.40 r
  U60118/X (STH_AOI21_T_3)                                0.01      0.01       2.41 f
  n71088 (net)                                  1                   0.00       2.41 f
  U20199/X (STH_NR2_T_4)                                  0.02      0.01       2.43 r
  n71089 (net)                                  1                   0.00       2.43 r
  U25181/X (STH_NR2_T_12)                                 0.01      0.01       2.44 f
  n73471 (net)                                  6                   0.00       2.44 f
  U60755/X (STH_ND2_T_6)                                  0.01      0.01       2.45 r
  n23713 (net)                                  1                   0.00       2.45 r
  U59581/X (STH_OAI22_MM_8)                               0.01      0.01       2.46 f
  n23506 (net)                                  1                   0.00       2.46 f
  U60349/X (STH_NR3_T_8)                                  0.02      0.02       2.47 r
  n71441 (net)                                  4                   0.00       2.47 r
  U23170/X (STH_INV_N250_6)                               0.02      0.02       2.49 f
  n84326 (net)                                 23                   0.00       2.49 f
  U60348/X (STH_NR2_T_3)                                  0.01      0.01       2.50 r
  n83468 (net)                                  1                   0.00       2.50 r
  Dedicated_PE_Hw_4_div_31_R_80950/D (STH_FSDPQO_F4_8)     0.01     0.00       2.50 r
  data arrival time                                                            2.50

  clock ideal_clock1 (rise edge)                                    0.60       0.60
  clock network delay (ideal)                                       0.00       0.60
  Dedicated_PE_Hw_4_div_31_R_80950/CK (STH_FSDPQO_F4_8)             0.00       0.60 r
  library setup time                                               -0.02       0.58
  data required time                                                           0.58
  ---------------------------------------------------------------------------------------------------------
  data required time                                                           0.58
  data arrival time                                                           -2.50
  ---------------------------------------------------------------------------------------------------------
  slack (VIOLATED)                                                            -1.92


1
