Information: Propagating switching activity (low effort zero delay simulation). (PWR-6)
Warning: Design has unannotated primary inputs. (PWR-414)
Warning: Design has unannotated sequential cell outputs. (PWR-415)
 
****************************************
Report : power
        -analysis_effort low
Design : Cgra_Hw
Version: P-2019.03
Date   : Sun Mar 24 07:20:46 2019
****************************************


Library(s) Used:

    um28nphhlogl30hsh140f_ffgbc0p99vn40c (File: /home/sihao/Synopsys/UMC_28nm/UltraHighDensity/LogicLibrary/30nm/HPC_plus/HVT/liberty/ccs/um28nphhlogl30hsh140f_ffgbc0p99vn40c.db)


Operating Conditions: FFGBC0P99VN40C   Library: um28nphhlogl30hsh140f_ffgbc0p99vn40c
Wire Load Model Mode: enclosed

Design        Wire Load Model            Library
------------------------------------------------


Global Operating Voltage = 0.99 
Power-specific unit information :
    Voltage Units = 1V
    Capacitance Units = 1.000000pf
    Time Units = 1ns
    Dynamic Power Units = 1mW    (derived from V,C,T units)
    Leakage Power Units = 1nW


  Cell Internal Power  =  98.6522 mW   (88%)
  Net Switching Power  =  13.9742 mW   (12%)
                         ---------
Total Dynamic Power    = 112.6264 mW  (100%)

Cell Leakage Power     =  81.9402 uW


                 Internal         Switching           Leakage            Total
Power Group      Power            Power               Power              Power   (   %    )  Attrs
--------------------------------------------------------------------------------------------------
io_pad             0.0000            0.0000            0.0000            0.0000  (   0.00%)
memory             0.0000            0.0000            0.0000            0.0000  (   0.00%)
black_box          0.0000            0.0000            0.0000            0.0000  (   0.00%)
clock_network      0.0000            0.0000            0.0000            0.0000  (   0.00%)
register          90.0818            1.6134        4.5216e+04           91.7407  (  81.40%)
sequential         0.0000            0.0000            0.0000            0.0000  (   0.00%)
combinational      8.5705           12.3603        3.6724e+04           20.9671  (  18.60%)
--------------------------------------------------------------------------------------------------
Total             98.6524 mW        13.9737 mW     8.1940e+04 nW       112.7077 mW
1
