Information: Updating design information... (UID-85)
Warning: Design 'Cgra_Hw' contains 1 high-fanout nets. A fanout number of 1000 will be used for delay calculations involving these nets. (TIM-134)
 
****************************************
Report : qor
Design : Cgra_Hw
Version: P-2019.03
Date   : Mon Mar 25 00:53:58 2019
****************************************


  Timing Path Group 'ideal_clock1'
  -----------------------------------
  Levels of Logic:             821.00
  Critical Path Length:          8.71
  Critical Path Slack:          -6.84
  Critical Path Clk Period:      1.80
  Total Negative Slack:       -696.73
  No. of Violating Paths:      193.00
  Worst Hold Violation:         -0.05
  Total Hold Violation:         -2.78
  No. of Hold Violations:       58.00
  -----------------------------------


  Cell Count
  -----------------------------------
  Hierarchical Cell Count:         76
  Hierarchical Port Count:      20789
  Leaf Cell Count:             145742
  Buf/Inv Cell Count:           38233
  Buf Cell Count:                   0
  Inv Cell Count:               38233
  CT Buf/Inv Cell Count:            0
  Combinational Cell Count:    123180
  Sequential Cell Count:        22562
  Macro Count:                      0
  -----------------------------------


  Area
  -----------------------------------
  Combinational Area:   111146.783168
  Noncombinational Area: 72224.542017
  Buf/Inv Area:          14110.151826
  Total Buffer Area:             0.00
  Total Inverter Area:       14110.15
  Macro/Black Box Area:      0.000000
  Net Area:                  0.000000
  -----------------------------------
  Cell Area:            183371.325185
  Design Area:          183371.325185


  Design Rules
  -----------------------------------
  Total Number of Nets:        168538
  Nets With Violations:             0
  Max Trans Violations:             0
  Max Cap Violations:               0
  -----------------------------------


  Hostname: pyrito

  Compile CPU Statistics
  -----------------------------------------
  Resource Sharing:                    0.00
  Logic Optimization:                  0.00
  Mapping Optimization:                0.00
  -----------------------------------------
  Overall Compile Time:             4011.83
  Overall Compile Wall Clock Time:  1161.53

  --------------------------------------------------------------------

  Design  WNS: 6.84  TNS: 696.73  Number of Violating Paths: 193


  Design (Hold)  WNS: 0.05  TNS: 2.78  Number of Violating Paths: 58

  --------------------------------------------------------------------


1
