 
****************************************
Report : area
Design : Cgra_Hw
Version: P-2019.03
Date   : Mon Mar 25 00:54:01 2019
****************************************

Library(s) Used:

    um28nphhlogl30hsh140f_ffgbc0p99vn40c (File: /home/sihao/Synopsys/UMC_28nm/UltraHighDensity/LogicLibrary/30nm/HPC_plus/HVT/liberty/ccs/um28nphhlogl30hsh140f_ffgbc0p99vn40c.db)

Number of ports:                        21059
Number of nets:                        188984
Number of cells:                       168460
Number of combinational cells:         123180
Number of sequential cells:             22562
Number of macros/black boxes:               0
Number of buf/inv:                      38233
Number of references:                      30

Combinational area:             111146.783168
Buf/Inv area:                    14110.151826
Noncombinational area:           72224.542017
Macro/Black Box area:                0.000000
Net Interconnect area:      undefined  (No wire load specified)

Total cell area:                183371.325185
Total area:                 undefined
1
