 
****************************************
Report : timing
        -path full
        -delay max
        -nets
        -max_paths 1
        -transition_time
Design : Cgra_Hw
Version: P-2019.03
Date   : Sun Mar 24 11:52:07 2019
****************************************

 # A fanout number of 1000 was used for high fanout net computations.

Operating Conditions: FFGBC0P99VN40C   Library: um28nphhlogl30hsh140f_ffgbc0p99vn40c
Wire Load Model Mode: enclosed

  Startpoint: Dedicated_PE_Hw_4_all_delaypipes_hw_1_Queue/R_78214
              (rising edge-triggered flip-flop clocked by ideal_clock1)
  Endpoint: R_79536 (rising edge-triggered flip-flop clocked by ideal_clock1)
  Path Group: ideal_clock1
  Path Type: max

Attributes:
    d - dont_touch
    u - dont_use
   mo - map_only
   so - size_only
    i - ideal_net or ideal_network
  inf - infeasible path

  Point                                       Fanout     Trans      Incr       Path      Attributes
  ---------------------------------------------------------------------------------------------------------
  clock ideal_clock1 (rise edge)                                    0.00       0.00
  clock network delay (ideal)                                       0.00       0.00
  Dedicated_PE_Hw_4_all_delaypipes_hw_1_Queue/R_78214/CK (STH_FSDPQO_F4_12)     0.00     0.00 #     0.00 r
  Dedicated_PE_Hw_4_all_delaypipes_hw_1_Queue/R_78214/Q (STH_FSDPQO_F4_12)     0.01     0.02     0.02 f
  Dedicated_PE_Hw_4_all_delaypipes_hw_1_Queue/n2415 (net)     1     0.00       0.02 f
  Dedicated_PE_Hw_4_all_delaypipes_hw_1_Queue/U445/X (STH_INV_N150_24)     0.01     0.01     0.03 r
  Dedicated_PE_Hw_4_all_delaypipes_hw_1_Queue/n4377 (net)     2     0.00       0.03 r
  Dedicated_PE_Hw_4_all_delaypipes_hw_1_Queue/U1119/X (STH_INV_N250_16)     0.01     0.01     0.03 f
  Dedicated_PE_Hw_4_all_delaypipes_hw_1_Queue/n4378 (net)    13     0.00       0.03 f
  Dedicated_PE_Hw_4_all_delaypipes_hw_1_Queue/U204/X (STH_AOI22_T_1)     0.01     0.01     0.04 r
  Dedicated_PE_Hw_4_all_delaypipes_hw_1_Queue/n2110 (net)     1     0.00       0.04 r
  Dedicated_PE_Hw_4_all_delaypipes_hw_1_Queue/U465/X (STH_ND2_T_0P8)     0.01     0.01     0.05 f
  Dedicated_PE_Hw_4_all_delaypipes_hw_1_Queue/n2117 (net)     1     0.00       0.05 f
  Dedicated_PE_Hw_4_all_delaypipes_hw_1_Queue/U85/X (STH_NR3_T_1)     0.01     0.01     0.06 r
  Dedicated_PE_Hw_4_all_delaypipes_hw_1_Queue/n2126 (net)     1     0.00       0.06 r
  Dedicated_PE_Hw_4_all_delaypipes_hw_1_Queue/U459/X (STH_ND2_T_1P5)     0.01     0.01     0.07 f
  Dedicated_PE_Hw_4_all_delaypipes_hw_1_Queue/io_deq_bits[50] (net)     2     0.00     0.07 f
  Dedicated_PE_Hw_4_all_delaypipes_hw_1_Queue/io_deq_bits[50] (Queue_2)     0.00     0.07 f
  Dedicated_PE_Hw_4_all_delaypipes_hw_1_io_out_bits[50] (net)       0.00       0.07 f
  U22255/X (STH_NR2_T_1P5)                                0.01      0.01       0.08 r
  n22239 (net)                                  2                   0.00       0.08 r
  U48849/X (STH_ND2_T_2)                                  0.01      0.01       0.09 f
  n9264 (net)                                   2                   0.00       0.09 f
  U22707/X (STH_NR2_T_2)                                  0.01      0.01       0.10 r
  n9262 (net)                                   1                   0.00       0.10 r
  U22705/X (STH_ND2_T_3)                                  0.01      0.01       0.11 f
  n21768 (net)                                  2                   0.00       0.11 f
  U71521/X (STH_NR3_T_4)                                  0.01      0.01       0.13 r
  n26525 (net)                                  2                   0.00       0.13 r
  U22756/X (STH_ND2_T_6)                                  0.01      0.01       0.14 f
  n21701 (net)                                  4                   0.00       0.14 f
  U28189/X (STH_NR2_T_4)                                  0.01      0.01       0.15 r
  n17038 (net)                                  1                   0.00       0.15 r
  U19609/X (STH_ND2_T_6)                                  0.01      0.01       0.16 f
  n21725 (net)                                  3                   0.00       0.16 f
  U21331/X (STH_NR2_T_6)                                  0.01      0.01       0.17 r
  n26028 (net)                                  1                   0.00       0.17 r
  U91760/X (STH_NR2_T_8)                                  0.01      0.01       0.18 f
  n27814 (net)                                  7                   0.00       0.18 f
  U21668/X (STH_NR2_T_8)                                  0.01      0.01       0.19 r
  n18078 (net)                                  1                   0.00       0.19 r
  U71340/X (STH_NR2_T_8)                                  0.01      0.01       0.20 f
  n23829 (net)                                 10                   0.00       0.20 f
  U20336/X (STH_INV_N250_4)                               0.00      0.01       0.20 r
  n23628 (net)                                  1                   0.00       0.20 r
  U71998/X (STH_NR2_T_3)                                  0.01      0.01       0.21 f
  n88920 (net)                                  1                   0.00       0.21 f
  U71994/X (STH_OAI21_MM_4)                               0.01      0.01       0.22 r
  n24911 (net)                                  1                   0.00       0.22 r
  U58712/X (STH_ND2_T_8)                                  0.02      0.02       0.24 f
  n73779 (net)                                  7                   0.00       0.24 f
  U28161/X (STH_INV_N250_10)                              0.01      0.01       0.25 r
  n25009 (net)                                  4                   0.00       0.25 r
  U21664/X (STH_NR2_T_6)                                  0.01      0.01       0.26 f
  n18104 (net)                                  1                   0.00       0.26 f
  U18800/X (STH_NR2_T_6)                                  0.01      0.01       0.27 r
  n7307 (net)                                   1                   0.00       0.27 r
  U38029/X (STH_INV_N250_10)                              0.01      0.01       0.28 f
  n7721 (net)                                   6                   0.00       0.28 f
  U40818/X (STH_NR2_T_6)                                  0.01      0.01       0.29 r
  n11135 (net)                                  2                   0.00       0.29 r
  U18985/X (STH_AOI21_MM_4)                               0.01      0.01       0.30 f
  n18117 (net)                                  1                   0.00       0.30 f
  U28352/X (STH_ND2_T_4)                                  0.01      0.01       0.30 r
  n20988 (net)                                  1                   0.00       0.30 r
  U28349/X (STH_NR2_T_6)                                  0.01      0.01       0.31 f
  n21049 (net)                                  2                   0.00       0.31 f
  U19521/X (STH_NR2_T_6)                                  0.01      0.01       0.32 r
  n22565 (net)                                  1                   0.00       0.32 r
  U19720/X (STH_ND2_T_8)                                  0.01      0.01       0.33 f
  n27864 (net)                                  3                   0.00       0.33 f
  U70315/X (STH_OAI22_MM_8)                               0.01      0.01       0.34 r
  n22583 (net)                                  2                   0.00       0.34 r
  U20232/X (STH_NR3_T_2)                                  0.01      0.01       0.35 f
  n22576 (net)                                  1                   0.00       0.35 f
  U28327/X (STH_NR2_T_4)                                  0.01      0.01       0.36 r
  n22577 (net)                                  1                   0.00       0.36 r
  U58264/X (STH_OAI21_T_8)                                0.02      0.02       0.38 f
  n19097 (net)                                 13                   0.00       0.38 f
  U21295/X (STH_NR2_T_4)                                  0.01      0.01       0.40 r
  n12645 (net)                                  5                   0.00       0.40 r
  U22652/X (STH_INV_N250_2)                               0.01      0.01       0.41 f
  n7424 (net)                                   1                   0.00       0.41 f
  U19408/X (STH_NR2_T_2)                                  0.01      0.01       0.42 r
  n19240 (net)                                  1                   0.00       0.42 r
  U21284/X (STH_NR2_T_4)                                  0.01      0.01       0.43 f
  n18119 (net)                                  2                   0.00       0.43 f
  U21754/X (STH_ND2_T_5)                                  0.01      0.01       0.44 r
  n18831 (net)                                  2                   0.00       0.44 r
  U20570/X (STH_INV_N250_8)                               0.01      0.01       0.45 f
  n12732 (net)                                  7                   0.00       0.45 f
  U24519/X (STH_NR2_T_6)                                  0.01      0.01       0.45 r
  n14168 (net)                                  3                   0.00       0.45 r
  U20534/X (STH_INV_N250_2)                               0.01      0.01       0.46 f
  n13978 (net)                                  1                   0.00       0.46 f
  U22604/X (STH_ND2_T_2)                                  0.01      0.01       0.47 r
  n13977 (net)                                  1                   0.00       0.47 r
  U21858/X (STH_NR3_T_2)                                  0.01      0.01       0.47 f
  n18008 (net)                                  1                   0.00       0.47 f
  U70731/X (STH_AOI21_MM_4)                               0.01      0.01       0.49 r
  n27990 (net)                                  1                   0.00       0.49 r
  U72218/X (STH_ND2_T_6)                                  0.02      0.02       0.50 f
  n28036 (net)                                  3                   0.00       0.50 f
  U70875/X (STH_OAI22_MM_8)                               0.01      0.01       0.52 r
  n28018 (net)                                  2                   0.00       0.52 r
  U59635/X (STH_NR2_T_4)                                  0.01      0.01       0.53 f
  n17367 (net)                                  1                   0.00       0.53 f
  U25636/X (STH_NR2_T_4)                                  0.01      0.01       0.53 r
  n18420 (net)                                  1                   0.00       0.53 r
  U70837/X (STH_NR2_T_4)                                  0.01      0.01       0.54 f
  n19613 (net)                                  1                   0.00       0.54 f
  U20733/X (STH_AOI21_T_8)                                0.02      0.01       0.56 r
  n14288 (net)                                  5                   0.00       0.56 r
  U70441/X (STH_NR2_T_8)                                  0.01      0.01       0.57 f
  n88492 (net)                                  1                   0.00       0.57 f
  U70440/X (STH_INV_N250_16)                              0.01      0.01       0.58 r
  n20441 (net)                                  9                   0.00       0.58 r
  U21626/X (STH_NR2_T_2)                                  0.01      0.01       0.58 f
  n12484 (net)                                  1                   0.00       0.58 f
  U22664/X (STH_NR2_T_4)                                  0.01      0.01       0.60 r
  n14155 (net)                                  2                   0.00       0.60 r
  U21733/X (STH_ND2_T_6)                                  0.02      0.01       0.61 f
  n28563 (net)                                 11                   0.00       0.61 f
  U37477/X (STH_INV_N250_8)                               0.01      0.01       0.62 r
  n12771 (net)                                  5                   0.00       0.62 r
  U37465/X (STH_ND2_T_6)                                  0.01      0.01       0.63 f
  n28560 (net)                                  3                   0.00       0.63 f
  U21737/X (STH_ND2_T_3)                                  0.01      0.01       0.63 r
  n14128 (net)                                  1                   0.00       0.63 r
  U17024/X (STH_ND2_T_2)                                  0.01      0.01       0.64 f
  n19058 (net)                                  2                   0.00       0.64 f
  U59225/X (STH_ND2_T_2)                                  0.01      0.01       0.65 r
  n14125 (net)                                  1                   0.00       0.65 r
  U19985/X (STH_ND2_T_3)                                  0.01      0.01       0.66 f
  n88104 (net)                                  1                   0.00       0.66 f
  U58703/X (STH_OAI21_MM_8)                               0.01      0.01       0.68 r
  n10769 (net)                                  3                   0.00       0.68 r
  U19956/X (STH_ND2_T_2)                                  0.02      0.02       0.70 f
  n88239 (net)                                  1                   0.00       0.70 f
  U62253/X (STH_OAI21_T_8)                                0.02      0.02       0.71 r
  n18374 (net)                                  4                   0.00       0.71 r
  U24584/X (STH_ND2_T_5)                                  0.02      0.02       0.73 f
  n25511 (net)                                  1                   0.00       0.73 f
  U28652/X (STH_NR2_T_12)                                 0.02      0.02       0.75 r
  n22642 (net)                                 10                   0.00       0.75 r
  U16870/X (STH_INV_N250_6)                               0.01      0.01       0.76 f
  n8279 (net)                                   2                   0.00       0.76 f
  U20128/X (STH_NR2_T_6)                                  0.02      0.01       0.77 r
  n11330 (net)                                  1                   0.00       0.77 r
  U69002/X (STH_NR3_T_16)                                 0.01      0.01       0.78 f
  n11873 (net)                                 11                   0.00       0.78 f
  U19634/X (STH_NR2_T_5)                                  0.01      0.01       0.79 r
  n91092 (net)                                  3                   0.00       0.79 r
  U19560/X (STH_INV_N250_3)                               0.01      0.01       0.80 f
  n28936 (net)                                  1                   0.00       0.80 f
  U37064/X (STH_OAI21_MM_4)                               0.01      0.01       0.81 r
  n24806 (net)                                  2                   0.00       0.81 r
  U26117/X (STH_OAI21_MM_4)                               0.01      0.01       0.82 f
  n12600 (net)                                  1                   0.00       0.82 f
  U26101/X (STH_ND2_T_3)                                  0.01      0.01       0.83 r
  n11133 (net)                                  2                   0.00       0.83 r
  U16499/X (STH_ND2_T_4)                                  0.01      0.01       0.84 f
  n9340 (net)                                   1                   0.00       0.84 f
  U18558/X (STH_ND2_T_6)                                  0.01      0.01       0.85 r
  n9336 (net)                                   1                   0.00       0.85 r
  U58086/X (STH_ND2_T_16)                                 0.02      0.01       0.86 f
  n29378 (net)                                  6                   0.00       0.86 f
  U58706/X (STH_INV_N250_16)                              0.01      0.01       0.87 r
  n21323 (net)                                  3                   0.00       0.87 r
  U60002/X (STH_OAI22_MM_8)                               0.02      0.02       0.89 f
  n13513 (net)                                  3                   0.00       0.89 f
  U18692/X (STH_NR2_T_8)                                  0.03      0.02       0.91 r
  n13301 (net)                                  3                   0.00       0.91 r
  U18102/X (STH_NR2_T_12)                                 0.01      0.02       0.93 f
  n8182 (net)                                   7                   0.00       0.93 f
  U55947/X (STH_NR2_T_16)                                 0.01      0.01       0.94 r
  n12164 (net)                                 13                   0.00       0.94 r
  U18310/X (STH_AOI21_T_3)                                0.01      0.02       0.95 f
  n18839 (net)                                  1                   0.00       0.95 f
  U19170/X (STH_ND2_T_3P5)                                0.01      0.01       0.96 r
  n89583 (net)                                  1                   0.00       0.96 r
  U22420/X (STH_NR2_T_6)                                  0.01      0.01       0.97 f
  n19098 (net)                                 13                   0.00       0.97 f
  U22329/X (STH_NR2_T_4)                                  0.01      0.01       0.98 r
  n11670 (net)                                  2                   0.00       0.98 r
  U22416/X (STH_INV_N250_4)                               0.01      0.01       0.99 f
  n12993 (net)                                  2                   0.00       0.99 f
  U18288/X (STH_ND2_T_3)                                  0.01      0.01       1.00 r
  n21423 (net)                                  2                   0.00       1.00 r
  U18309/X (STH_AOI21_MM_2)                               0.01      0.01       1.01 f
  n12155 (net)                                  1                   0.00       1.01 f
  U44753/X (STH_OAI22_T_2)                                0.02      0.01       1.02 r
  n12153 (net)                                  1                   0.00       1.02 r
  U91269/X (STH_AOI21_MM_4)                               0.02      0.01       1.03 f
  n89682 (net)                                  1                   0.00       1.03 f
  U91268/X (STH_ND2_T_6)                                  0.01      0.01       1.04 r
  n18836 (net)                                  1                   0.00       1.04 r
  U58532/X (STH_ND2_T_16)                                 0.01      0.01       1.06 f
  n30148 (net)                                  5                   0.00       1.06 f
  U81593/X (STH_INV_N250_16)                              0.01      0.01       1.06 r
  n24829 (net)                                  4                   0.00       1.06 r
  U15927/X (STH_ND2_T_3P5)                                0.01      0.01       1.07 f
  n17306 (net)                                  1                   0.00       1.07 f
  U18094/X (STH_OAI22_MM_4)                               0.01      0.01       1.08 r
  n17331 (net)                                  1                   0.00       1.08 r
  U29219/X (STH_NR2_T_5)                                  0.01      0.01       1.09 f
  n24828 (net)                                  1                   0.00       1.09 f
  U22173/X (STH_NR2_T_12)                                 0.02      0.02       1.11 r
  n18606 (net)                                  6                   0.00       1.11 r
  U28958/X (STH_ND3_T_0P65)                               0.04      0.03       1.14 f
  n22863 (net)                                  1                   0.00       1.14 f
  U54920/X (STH_AOI21_MM_4)                               0.02      0.02       1.16 r
  n89536 (net)                                  1                   0.00       1.16 r
  U91190/X (STH_NR3_T_8)                                  0.01      0.01       1.17 f
  n31028 (net)                                  9                   0.00       1.17 f
  U15571/X (STH_ND2_T_3)                                  0.01      0.01       1.19 r
  n10464 (net)                                  3                   0.00       1.19 r
  U26628/X (STH_ND2_T_3)                                  0.01      0.01       1.20 f
  n17409 (net)                                  2                   0.00       1.20 f
  U58259/X (STH_NR3_T_4)                                  0.01      0.01       1.21 r
  n13569 (net)                                  2                   0.00       1.21 r
  U15410/X (STH_ND2_T_3)                                  0.01      0.01       1.22 f
  n11679 (net)                                  1                   0.00       1.22 f
  U59566/X (STH_NR2_T_4)                                  0.01      0.01       1.24 r
  n12994 (net)                                  2                   0.00       1.24 r
  U59939/X (STH_NR2_T_8)                                  0.01      0.01       1.25 f
  n13325 (net)                                  2                   0.00       1.25 f
  U58261/X (STH_NR2_T_12)                                 0.01      0.01       1.26 r
  n13556 (net)                                  2                   0.00       1.26 r
  U17509/X (STH_INV_N250_9)                               0.02      0.02       1.27 f
  n30739 (net)                                 28                   0.00       1.27 f
  U31646/X (STH_INV_N250_8)                               0.01      0.01       1.28 r
  n8543 (net)                                   2                   0.00       1.28 r
  U26216/X (STH_INV_N250_10)                              0.02      0.01       1.30 f
  n18559 (net)                                 37                   0.00       1.30 f
  U15152/X (STH_INV_N250_1)                               0.01      0.01       1.31 r
  n8542 (net)                                   5                   0.00       1.31 r
  U31577/X (STH_NR2_T_0P5)                                0.01      0.01       1.32 f
  n30797 (net)                                  1                   0.00       1.32 f
  U24128/X (STH_NR2_T_0P5)                                0.03      0.02       1.34 r
  n26199 (net)                                  1                   0.00       1.34 r
  U20775/X (STH_AOI21_MM_4)                               0.01      0.02       1.36 f
  n20223 (net)                                  1                   0.00       1.36 f
  U58152/X (STH_ND2_T_3)                                  0.01      0.01       1.37 r
  n9781 (net)                                   2                   0.00       1.37 r
  U19465/X (STH_INV_N250_3)                               0.01      0.01       1.38 f
  n17383 (net)                                  1                   0.00       1.38 f
  U60990/X (STH_ND3_T_4)                                  0.01      0.01       1.39 r
  n10342 (net)                                  3                   0.00       1.39 r
  U20031/X (STH_ND2_T_3)                                  0.01      0.01       1.40 f
  n9194 (net)                                   2                   0.00       1.40 f
  U22475/X (STH_NR2_T_3)                                  0.01      0.01       1.41 r
  n13958 (net)                                  2                   0.00       1.41 r
  U17124/X (STH_ND2_T_2)                                  0.01      0.01       1.42 f
  n9017 (net)                                   1                   0.00       1.42 f
  U21208/X (STH_NR2_T_3)                                  0.01      0.01       1.43 r
  n9016 (net)                                   1                   0.00       1.43 r
  U19789/X (STH_NR2_T_4)                                  0.01      0.01       1.44 f
  n18504 (net)                                  2                   0.00       1.44 f
  U61977/X (STH_NR2_T_6)                                  0.01      0.01       1.45 r
  n7316 (net)                                   2                   0.00       1.45 r
  U67155/X (STH_OAI21_MM_4)                               0.01      0.01       1.46 f
  n31935 (net)                                  1                   0.00       1.46 f
  U22529/X (STH_ND2_T_3)                                  0.01      0.01       1.47 r
  n7935 (net)                                   1                   0.00       1.47 r
  U91947/X (STH_AOI21_MM_4)                               0.01      0.01       1.48 f
  n91091 (net)                                  1                   0.00       1.48 f
  U91849/X (STH_NR2_T_6)                                  0.01      0.01       1.49 r
  n10295 (net)                                  5                   0.00       1.49 r
  U22167/X (STH_NR2_T_3)                                  0.01      0.01       1.50 f
  n90961 (net)                                  1                   0.00       1.50 f
  U29047/X (STH_AOI21_T_3)                                0.01      0.01       1.51 r
  n11399 (net)                                  1                   0.00       1.51 r
  U20784/X (STH_NR2_T_5)                                  0.01      0.01       1.52 f
  n26203 (net)                                  1                   0.00       1.52 f
  U23062/X (STH_NR2_T_12)                                 0.02      0.02       1.54 r
  n18500 (net)                                  4                   0.00       1.54 r
  U58133/X (STH_INV_N250_16)                              0.02      0.02       1.55 f
  n22625 (net)                                 27                   0.00       1.55 f
  U19029/X (STH_INV_N250_15)                              0.01      0.01       1.56 r
  n8215 (net)                                   8                   0.00       1.56 r
  U14352/X (STH_INV_N250_3)                               0.01      0.01       1.57 f
  n9457 (net)                                   2                   0.00       1.57 f
  U28520/X (STH_ND2_T_1P75)                               0.01      0.01       1.58 r
  n18605 (net)                                  2                   0.00       1.58 r
  U28519/X (STH_INV_N250_6)                               0.01      0.01       1.59 f
  n11853 (net)                                  3                   0.00       1.59 f
  U16223/X (STH_NR2_T_0P8)                                0.01      0.01       1.60 r
  n18467 (net)                                  1                   0.00       1.60 r
  U26131/X (STH_INV_N250_0P8)                             0.01      0.01       1.61 f
  n18466 (net)                                  1                   0.00       1.61 f
  U57944/X (STH_NR2_T_1)                                  0.01      0.01       1.62 r
  n18465 (net)                                  2                   0.00       1.62 r
  U22332/X (STH_NR2_T_1P5)                                0.01      0.01       1.63 f
  n32548 (net)                                  4                   0.00       1.63 f
  U22331/X (STH_INV_N250_2)                               0.01      0.01       1.64 r
  n19922 (net)                                  1                   0.00       1.64 r
  U20439/X (STH_ND2_T_2)                                  0.01      0.01       1.65 f
  n19916 (net)                                  1                   0.00       1.65 f
  U20055/X (STH_AOI21_MM_4)                               0.01      0.01       1.66 r
  n18387 (net)                                  5                   0.00       1.66 r
  U70868/X (STH_NR2_T_0P5)                                0.01      0.01       1.67 f
  n32677 (net)                                  1                   0.00       1.67 f
  U58485/X (STH_NR2_T_0P5)                                0.01      0.01       1.68 r
  n32753 (net)                                  2                   0.00       1.68 r
  U34963/X (STH_OAI21_MM_0P5)                             0.02      0.02       1.70 f
  n32680 (net)                                  1                   0.00       1.70 f
  U74470/X (STH_EO2_F_0P5)                                0.02      0.03       1.73 f
  n32681 (net)                                  1                   0.00       1.73 f
  U68484/X (STH_NR2_T_0P5)                                0.01      0.01       1.74 r
  n32688 (net)                                  1                   0.00       1.74 r
  U30050/X (STH_INV_N250_0P5)                             0.01      0.01       1.75 f
  n23572 (net)                                  1                   0.00       1.75 f
  U57976/X (STH_ND2_T_0P5)                                0.01      0.01       1.76 r
  n23571 (net)                                  1                   0.00       1.76 r
  U70522/X (STH_INV_N150_1)                               0.01      0.01       1.77 f
  n23570 (net)                                  1                   0.00       1.77 f
  U13631/X (STH_ND2_T_1)                                  0.01      0.01       1.78 r
  n12149 (net)                                  1                   0.00       1.78 r
  U17723/X (STH_ND2_T_2)                                  0.02      0.01       1.79 f
  n11202 (net)                                  1                   0.00       1.79 f
  U59784/X (STH_NR2_T_5)                                  0.01      0.01       1.81 r
  n21775 (net)                                 12                   0.00       1.81 r
  U13376/X (STH_INV_N250_3)                               0.01      0.01       1.82 f
  n20998 (net)                                  6                   0.00       1.82 f
  U25855/X (STH_NR2_T_1)                                  0.01      0.01       1.83 r
  n21772 (net)                                  2                   0.00       1.83 r
  U23639/X (STH_INV_N250_1)                               0.01      0.01       1.84 f
  n34444 (net)                                  3                   0.00       1.84 f
  U13046/X (STH_ND2_T_1)                                  0.01      0.01       1.85 r
  n21153 (net)                                  1                   0.00       1.85 r
  U20073/X (STH_NR2_T_1P5)                                0.01      0.01       1.86 f
  n21152 (net)                                  2                   0.00       1.86 f
  U25762/X (STH_INV_N250_1)                               0.01      0.01       1.87 r
  n18592 (net)                                  1                   0.00       1.87 r
  U12944/X (STH_NR2_T_2)                                  0.01      0.01       1.88 f
  n22236 (net)                                  2                   0.00       1.88 f
  U12916/X (STH_NR3_T_2)                                  0.02      0.02       1.90 r
  n34491 (net)                                  4                   0.00       1.90 r
  U23604/X (STH_NR2_T_2)                                  0.01      0.01       1.91 f
  n34490 (net)                                  3                   0.00       1.91 f
  U39874/X (STH_AOI21_MM_2)                               0.01      0.01       1.93 r
  n34267 (net)                                  2                   0.00       1.93 r
  U59968/X (STH_NR2_T_0P5)                                0.01      0.01       1.94 f
  n34118 (net)                                  1                   0.00       1.94 f
  U39839/X (STH_NR2_T_0P8)                                0.01      0.01       1.94 r
  n34119 (net)                                  1                   0.00       1.94 r
  U34022/X (STH_EO2_V2MM_0P5)                             0.02      0.02       1.97 r
  n21169 (net)                                  1                   0.00       1.97 r
  U12794/X (STH_AOI22_MM_1)                               0.02      0.02       1.98 f
  n25152 (net)                                  1                   0.00       1.98 f
  U22041/X (STH_ND2_T_1)                                  0.01      0.01       2.00 r
  n9467 (net)                                   1                   0.00       2.00 r
  U23545/X (STH_ND2_T_1P75)                               0.01      0.01       2.01 f
  n9465 (net)                                   1                   0.00       2.01 f
  U21632/X (STH_NR2_T_3)                                  0.01      0.01       2.02 r
  n19082 (net)                                  1                   0.00       2.02 r
  U34221/X (STH_ND2_T_6)                                  0.02      0.01       2.04 f
  n35820 (net)                                 11                   0.00       2.04 f
  U13462/X (STH_NR2_T_1)                                  0.01      0.02       2.05 r
  n36771 (net)                                  3                   0.00       2.05 r
  U25571/X (STH_NR2_T_1)                                  0.01      0.01       2.07 f
  n11148 (net)                                  2                   0.00       2.07 f
  U34017/X (STH_ND2_T_1P5)                                0.01      0.01       2.07 r
  n11147 (net)                                  1                   0.00       2.07 r
  U11965/X (STH_ND2_T_0P5)                                0.01      0.01       2.09 f
  n9536 (net)                                   1                   0.00       2.09 f
  U23066/X (STH_AOI21_MM_2)                               0.01      0.01       2.10 r
  n36697 (net)                                  3                   0.00       2.10 r
  U19028/X (STH_OAI21_V1T_1)                              0.02      0.01       2.11 f
  n8981 (net)                                   1                   0.00       2.11 f
  U91863/X (STH_NR3_T_2)                                  0.01      0.01       2.13 r
  n18364 (net)                                  2                   0.00       2.13 r
  U21065/X (STH_NR2_T_2)                                  0.01      0.01       2.13 f
  n22775 (net)                                  1                   0.00       2.13 f
  U17735/X (STH_NR2_T_2)                                  0.01      0.01       2.14 r
  n12797 (net)                                  1                   0.00       2.14 r
  U18208/X (STH_OAI22_MM_4)                               0.02      0.02       2.16 f
  n7208 (net)                                   1                   0.00       2.16 f
  U18207/X (STH_AOI21_T_8)                                0.02      0.02       2.18 r
  n35444 (net)                                  5                   0.00       2.18 r
  U22593/X (STH_INV_N250_10)                              0.01      0.02       2.20 f
  n35300 (net)                                  2                   0.00       2.20 f
  U18302/X (STH_NR2_T_12)                                 0.02      0.01       2.21 r
  n8183 (net)                                  12                   0.00       2.21 r
  U12693/X (STH_NR2_T_6)                                  0.01      0.01       2.22 f
  n88474 (net)                                  1                   0.00       2.22 f
  U59694/X (STH_NR2_T_5)                                  0.01      0.01       2.23 r
  n87968 (net)                                  1                   0.00       2.23 r
  U29108/X (STH_OAI21_T_8)                                0.01      0.01       2.24 f
  n11631 (net)                                  3                   0.00       2.24 f
  U29106/X (STH_INV_N250_3)                               0.01      0.01       2.25 r
  n12610 (net)                                  4                   0.00       2.25 r
  U11543/X (STH_NR2_T_4)                                  0.01      0.01       2.26 f
  n12620 (net)                                  1                   0.00       2.26 f
  U20303/X (STH_NR3_T_3)                                  0.01      0.01       2.27 r
  n7789 (net)                                   1                   0.00       2.27 r
  U19613/X (STH_NR3_T_4)                                  0.01      0.01       2.28 f
  n24378 (net)                                  2                   0.00       2.28 f
  U22353/X (STH_NR2_T_3)                                  0.01      0.01       2.29 r
  n19932 (net)                                  2                   0.00       2.29 r
  U91847/X (STH_OAI21_MM_4)                               0.01      0.01       2.30 f
  n69204 (net)                                  2                   0.00       2.30 f
  U21707/X (STH_NR2_T_4)                                  0.01      0.01       2.31 r
  n10568 (net)                                  3                   0.00       2.31 r
  U58847/X (STH_ND2_T_1)                                  0.02      0.01       2.33 f
  n26030 (net)                                  1                   0.00       2.33 f
  U61061/X (STH_ND2_T_3)                                  0.01      0.01       2.34 r
  n13982 (net)                                  2                   0.00       2.34 r
  U68053/X (STH_ND2_T_3)                                  0.01      0.01       2.35 f
  n89813 (net)                                  1                   0.00       2.35 f
  U69736/X (STH_ND2_T_6)                                  0.01      0.01       2.36 r
  n18902 (net)                                  1                   0.00       2.36 r
  U70608/X (STH_NR2_T_6)                                  0.01      0.01       2.37 f
  n37212 (net)                                  2                   0.00       2.37 f
  U70607/X (STH_NR3_T_4)                                  0.02      0.01       2.38 r
  n25589 (net)                                  2                   0.00       2.38 r
  U19360/X (STH_ND2_T_3P5)                                0.01      0.01       2.39 f
  n11409 (net)                                  1                   0.00       2.39 f
  U19097/X (STH_NR2_T_4)                                  0.01      0.01       2.40 r
  n21412 (net)                                  1                   0.00       2.40 r
  U18491/X (STH_NR3_T_8)                                  0.01      0.01       2.41 f
  n21411 (net)                                  1                   0.00       2.41 f
  U71194/X (STH_ND2_T_16)                                 0.01      0.01       2.42 r
  n69165 (net)                                  2                   0.00       2.42 r
  U23038/X (STH_INV_N250_16)                              0.02      0.02       2.44 f
  n69232 (net)                                 19                   0.00       2.44 f
  U10883/X (STH_NR2_T_4)                                  0.01      0.01       2.45 r
  n88689 (net)                                  1                   0.00       2.45 r
  U10855/X (STH_NR2_T_4)                                  0.01      0.01       2.46 f
  n9545 (net)                                   1                   0.00       2.46 f
  U28828/X (STH_NR2_T_6)                                  0.01      0.01       2.47 r
  n12532 (net)                                 11                   0.00       2.47 r
  U59991/X (STH_NR2_T_1)                                  0.01      0.01       2.48 f
  n13442 (net)                                  2                   0.00       2.48 f
  U10794/X (STH_INV_N250_1)                               0.01      0.01       2.49 r
  n69315 (net)                                  1                   0.00       2.49 r
  U59827/X (STH_OAI21_V1T_1)                              0.02      0.01       2.50 f
  n69321 (net)                                  1                   0.00       2.50 f
  U65161/X (STH_NR2_T_1)                                  0.01      0.01       2.51 r
  n82323 (net)                                  2                   0.00       2.51 r
  R_79536/D (STH_FSDPQO_D_1)                              0.01      0.00       2.51 r
  data arrival time                                                            2.51

  clock ideal_clock1 (rise edge)                                    1.00       1.00
  clock network delay (ideal)                                       0.00       1.00
  R_79536/CK (STH_FSDPQO_D_1)                                       0.00       1.00 r
  library setup time                                               -0.03       0.97
  data required time                                                           0.97
  ---------------------------------------------------------------------------------------------------------
  data required time                                                           0.97
  data arrival time                                                           -2.51
  ---------------------------------------------------------------------------------------------------------
  slack (VIOLATED)                                                            -1.54


1
