 
****************************************
Report : area
Design : Cgra_Hw
Version: P-2019.03
Date   : Mon Mar 25 00:09:25 2019
****************************************

Library(s) Used:

    um28nphhlogl30hsh140f_ffgbc0p99vn40c (File: /home/sihao/Synopsys/UMC_28nm/UltraHighDensity/LogicLibrary/30nm/HPC_plus/HVT/liberty/ccs/um28nphhlogl30hsh140f_ffgbc0p99vn40c.db)

Number of ports:                        21059
Number of nets:                        188884
Number of cells:                       168360
Number of combinational cells:         123080
Number of sequential cells:             22562
Number of macros/black boxes:               0
Number of buf/inv:                      38215
Number of references:                      30

Combinational area:             110253.527199
Buf/Inv area:                    13994.399826
Noncombinational area:           72224.038017
Macro/Black Box area:                0.000000
Net Interconnect area:      undefined  (No wire load specified)

Total cell area:                182477.565215
Total area:                 undefined
1
