Information: Propagating switching activity (low effort zero delay simulation). (PWR-6)
Warning: Design has unannotated primary inputs. (PWR-414)
Warning: Design has unannotated sequential cell outputs. (PWR-415)
 
****************************************
Report : power
        -analysis_effort low
Design : Cgra_Hw
Version: P-2019.03
Date   : Mon Mar 25 01:03:38 2019
****************************************


Library(s) Used:

    um28nphhlogl30hsh140f_ffgbc0p99vn40c (File: /home/sihao/Synopsys/UMC_28nm/UltraHighDensity/LogicLibrary/30nm/HPC_plus/HVT/liberty/ccs/um28nphhlogl30hsh140f_ffgbc0p99vn40c.db)


Operating Conditions: FFGBC0P99VN40C   Library: um28nphhlogl30hsh140f_ffgbc0p99vn40c
Wire Load Model Mode: enclosed

Design        Wire Load Model            Library
------------------------------------------------
Shared_PE_Hw_0         ZeroWLM           um28nphhlogl30hsh140f_ffgbc0p99vn40c
Shared_PE_Hw_1         ZeroWLM           um28nphhlogl30hsh140f_ffgbc0p99vn40c
alu_hw_5_DW_cmp_0      ZeroWLM           um28nphhlogl30hsh140f_ffgbc0p99vn40c
alu_hw_0_DW01_add_1    ZeroWLM           um28nphhlogl30hsh140f_ffgbc0p99vn40c
alu_hw_1_0_DW01_add_1  ZeroWLM           um28nphhlogl30hsh140f_ffgbc0p99vn40c
alu_hw_4_DW01_add_1    ZeroWLM           um28nphhlogl30hsh140f_ffgbc0p99vn40c
alu_hw_7_DW01_add_1    ZeroWLM           um28nphhlogl30hsh140f_ffgbc0p99vn40c
alu_hw_1_DW01_add_1    ZeroWLM           um28nphhlogl30hsh140f_ffgbc0p99vn40c
alu_hw_1_1_DW01_add_3  ZeroWLM           um28nphhlogl30hsh140f_ffgbc0p99vn40c


Global Operating Voltage = 0.99 
Power-specific unit information :
    Voltage Units = 1V
    Capacitance Units = 1.000000pf
    Time Units = 1ns
    Dynamic Power Units = 1mW    (derived from V,C,T units)
    Leakage Power Units = 1nW


  Cell Internal Power  =  30.7596 mW   (82%)
  Net Switching Power  =   6.8085 mW   (18%)
                         ---------
Total Dynamic Power    =  37.5681 mW  (100%)

Cell Leakage Power     = 111.5325 uW


                 Internal         Switching           Leakage            Total
Power Group      Power            Power               Power              Power   (   %    )  Attrs
--------------------------------------------------------------------------------------------------
io_pad             0.0000            0.0000            0.0000            0.0000  (   0.00%)
memory             0.0000            0.0000            0.0000            0.0000  (   0.00%)
black_box          0.0000            0.0000            0.0000            0.0000  (   0.00%)
clock_network      0.0000            0.0000            0.0000            0.0000  (   0.00%)
register          26.6742            0.5114        4.1536e+04           27.2273  (  72.26%)
sequential         0.0000            0.0000            0.0000            0.0000  (   0.00%)
combinational      4.0853            6.2969        6.9997e+04           10.4523  (  27.74%)
--------------------------------------------------------------------------------------------------
Total             30.7596 mW         6.8084 mW     1.1153e+05 nW        37.6795 mW
1
