 
****************************************
Report : timing
        -path full
        -delay max
        -nets
        -max_paths 1
        -transition_time
Design : Cgra_Hw
Version: P-2019.03
Date   : Sun Mar 24 11:45:38 2019
****************************************

 # A fanout number of 1000 was used for high fanout net computations.

Operating Conditions: FFGBC0P99VN40C   Library: um28nphhlogl30hsh140f_ffgbc0p99vn40c
Wire Load Model Mode: enclosed

  Startpoint: Dedicated_PE_Hw_4_all_delaypipes_hw_1_Queue/u_T_reg_10__28_
              (rising edge-triggered flip-flop clocked by ideal_clock1)
  Endpoint: Dedicated_PE_Hw_4_div_31_R_80630
            (rising edge-triggered flip-flop clocked by ideal_clock1)
  Path Group: ideal_clock1
  Path Type: max

Attributes:
    d - dont_touch
    u - dont_use
   mo - map_only
   so - size_only
    i - ideal_net or ideal_network
  inf - infeasible path

  Point                                       Fanout     Trans      Incr       Path      Attributes
  ---------------------------------------------------------------------------------------------------------
  clock ideal_clock1 (rise edge)                                    0.00       0.00
  clock network delay (ideal)                                       0.00       0.00
  Dedicated_PE_Hw_4_all_delaypipes_hw_1_Queue/u_T_reg_10__28_/CK (STH_FSDPQO_D_1)     0.00     0.00 #     0.00 r
  Dedicated_PE_Hw_4_all_delaypipes_hw_1_Queue/u_T_reg_10__28_/Q (STH_FSDPQO_D_1)     0.01     0.02     0.02 f
  Dedicated_PE_Hw_4_all_delaypipes_hw_1_Queue/n_T[347] (net)     1     0.00     0.02 f
  Dedicated_PE_Hw_4_all_delaypipes_hw_1_Queue/U3423/X (STH_INV_N150_0P8)     0.01     0.01     0.03 r
  Dedicated_PE_Hw_4_all_delaypipes_hw_1_Queue/n817 (net)     2      0.00       0.03 r
  Dedicated_PE_Hw_4_all_delaypipes_hw_1_Queue/U1636/X (STH_OAI22_MM_0P5)     0.02     0.02     0.05 f
  Dedicated_PE_Hw_4_all_delaypipes_hw_1_Queue/n752 (net)     1      0.00       0.05 f
  Dedicated_PE_Hw_4_all_delaypipes_hw_1_Queue/U688/X (STH_NR3_T_0P65)     0.01     0.02     0.07 r
  Dedicated_PE_Hw_4_all_delaypipes_hw_1_Queue/n760 (net)     1      0.00       0.07 r
  Dedicated_PE_Hw_4_all_delaypipes_hw_1_Queue/U495/X (STH_ND2_T_0P5)     0.01     0.01     0.08 f
  Dedicated_PE_Hw_4_all_delaypipes_hw_1_Queue/io_deq_bits[28] (net)     1     0.00     0.08 f
  Dedicated_PE_Hw_4_all_delaypipes_hw_1_Queue/io_deq_bits[28] (Queue_2)     0.00     0.08 f
  Dedicated_PE_Hw_4_all_delaypipes_hw_1_io_out_bits[28] (net)       0.00       0.08 f
  U43143/X (STH_INV_N250_1)                               0.01      0.01       0.09 r
  n52451 (net)                                  2                   0.00       0.09 r
  U34787/X (STH_ND2_T_1P5)                                0.01      0.01       0.10 f
  n25212 (net)                                  1                   0.00       0.10 f
  U61625/X (STH_NR3_T_3)                                  0.01      0.01       0.11 r
  n12565 (net)                                  3                   0.00       0.11 r
  U61623/X (STH_INV_N250_3)                               0.01      0.01       0.12 f
  n19341 (net)                                  3                   0.00       0.12 f
  U34653/X (STH_NR3_T_2)                                  0.01      0.01       0.13 r
  n19352 (net)                                  3                   0.00       0.13 r
  U72365/X (STH_ND3_MM_4)                                 0.01      0.01       0.14 f
  n19932 (net)                                  1                   0.00       0.14 f
  U72354/X (STH_NR2_T_3)                                  0.01      0.01       0.16 r
  n19323 (net)                                  2                   0.00       0.16 r
  U27677/X (STH_ND2_T_3)                                  0.01      0.01       0.17 f
  n25322 (net)                                  1                   0.00       0.17 f
  U23897/X (STH_OAI22_T_6)                                0.02      0.01       0.18 r
  n19653 (net)                                  2                   0.00       0.18 r
  U25576/X (STH_NR2_T_4)                                  0.01      0.01       0.19 f
  n14910 (net)                                  3                   0.00       0.19 f
  U22392/X (STH_NR2_T_3)                                  0.01      0.01       0.20 r
  n7738 (net)                                   1                   0.00       0.20 r
  U22391/X (STH_ND2_T_2)                                  0.01      0.01       0.21 f
  n25615 (net)                                  1                   0.00       0.21 f
  U60432/X (STH_OAI22_MM_4)                               0.02      0.02       0.23 r
  n27963 (net)                                  1                   0.00       0.23 r
  U73068/X (STH_NR2_T_8)                                  0.01      0.01       0.24 f
  n22250 (net)                                 10                   0.00       0.24 f
  U21132/X (STH_NR2_T_5)                                  0.01      0.01       0.25 r
  n87819 (net)                                  1                   0.00       0.25 r
  U50060/X (STH_NR2_T_6)                                  0.01      0.01       0.26 f
  n19447 (net)                                  3                   0.00       0.26 f
  U50090/X (STH_NR2_T_12)                                 0.01      0.01       0.27 r
  n16654 (net)                                 11                   0.00       0.27 r
  U35816/X (STH_INV_N250_6)                               0.01      0.01       0.28 f
  n11534 (net)                                  3                   0.00       0.28 f
  U50089/X (STH_NR2_T_3)                                  0.01      0.01       0.29 r
  n22380 (net)                                  2                   0.00       0.29 r
  U22716/X (STH_NR3_T_2)                                  0.01      0.01       0.30 f
  n7820 (net)                                   1                   0.00       0.30 f
  U22715/X (STH_NR3_T_4)                                  0.01      0.01       0.31 r
  n25727 (net)                                  2                   0.00       0.31 r
  U73303/X (STH_NR2_T_4)                                  0.01      0.01       0.31 f
  n25746 (net)                                  1                   0.00       0.31 f
  U25600/X (STH_OAI21_MM_8)                               0.02      0.01       0.33 r
  n29361 (net)                                  3                   0.00       0.33 r
  U25599/X (STH_OAI22_T_6)                                0.02      0.02       0.34 f
  n19458 (net)                                  4                   0.00       0.34 f
  U62838/X (STH_DEL_L4V1_2)                               0.01      0.04       0.38 f
  n17148 (net)                                  3                   0.00       0.38 f
  U72748/X (STH_NR2_T_1)                                  0.01      0.01       0.39 r
  n22256 (net)                                  1                   0.00       0.39 r
  U72568/X (STH_AOI21_MM_2)                               0.01      0.01       0.40 f
  n29398 (net)                                  1                   0.00       0.40 f
  U22264/X (STH_NR2_T_2)                                  0.01      0.01       0.42 r
  n26130 (net)                                  1                   0.00       0.42 r
  U21177/X (STH_NR2_T_5)                                  0.01      0.01       0.43 f
  n22059 (net)                                  2                   0.00       0.43 f
  U23750/X (STH_INV_N250_4)                               0.00      0.01       0.43 r
  n21521 (net)                                  1                   0.00       0.43 r
  U24748/X (STH_ND2_T_4)                                  0.01      0.01       0.44 f
  n25082 (net)                                  3                   0.00       0.44 f
  U60521/X (STH_INV_N250_6)                               0.01      0.01       0.45 r
  n25544 (net)                                  3                   0.00       0.45 r
  U20170/X (STH_NR2_T_2)                                  0.01      0.01       0.46 f
  n19874 (net)                                  1                   0.00       0.46 f
  U72524/X (STH_NR3_T_4)                                  0.01      0.01       0.47 r
  n25564 (net)                                  1                   0.00       0.47 r
  U23634/X (STH_ND2_T_6)                                  0.01      0.01       0.49 f
  n20429 (net)                                  2                   0.00       0.49 f
  U59997/X (STH_ND2_T_8)                                  0.01      0.01       0.50 r
  n29844 (net)                                  1                   0.00       0.50 r
  U75698/X (STH_INV_N250_16)                              0.01      0.01       0.51 f
  n74902 (net)                                 14                   0.00       0.51 f
  U20542/X (STH_ND2_T_3P5)                                0.01      0.01       0.51 r
  n21541 (net)                                  1                   0.00       0.51 r
  U22369/X (STH_NR2_T_2)                                  0.01      0.01       0.52 f
  n19933 (net)                                  1                   0.00       0.52 f
  U57083/X (STH_NR3_T_3)                                  0.01      0.01       0.53 r
  n9949 (net)                                   1                   0.00       0.53 r
  U60065/X (STH_NR3_T_4)                                  0.01      0.01       0.54 f
  n13737 (net)                                  2                   0.00       0.54 f
  U59585/X (STH_NR2_T_6)                                  0.01      0.01       0.55 r
  n22272 (net)                                  1                   0.00       0.55 r
  U72687/X (STH_INV_N250_16)                              0.01      0.01       0.56 f
  n29549 (net)                                  7                   0.00       0.56 f
  U19908/X (STH_NR2_T_3)                                  0.02      0.02       0.58 r
  n29855 (net)                                  2                   0.00       0.58 r
  U23858/X (STH_NR2_T_12)                                 0.01      0.01       0.59 f
  n19841 (net)                                 11                   0.00       0.59 f
  U22331/X (STH_INV_N250_8)                               0.01      0.01       0.60 r
  n11993 (net)                                  6                   0.00       0.60 r
  U22899/X (STH_NR2_T_4)                                  0.01      0.01       0.61 f
  n11446 (net)                                  3                   0.00       0.61 f
  U20672/X (STH_NR2_T_4)                                  0.01      0.01       0.62 r
  n14188 (net)                                  1                   0.00       0.62 r
  U51644/X (STH_NR3_T_4)                                  0.01      0.01       0.63 f
  n30080 (net)                                  3                   0.00       0.63 f
  U69043/X (STH_NR3_T_1P5)                                0.01      0.01       0.64 r
  n14003 (net)                                  1                   0.00       0.64 r
  U22455/X (STH_NR2_T_2)                                  0.01      0.01       0.65 f
  n7815 (net)                                   1                   0.00       0.65 f
  U22692/X (STH_OAI21_MM_4)                               0.01      0.01       0.66 r
  n14204 (net)                                  1                   0.00       0.66 r
  U60933/X (STH_AOI21_MM_4)                               0.01      0.01       0.67 f
  n11447 (net)                                  4                   0.00       0.67 f
  U19605/X (STH_OAI22_T_2)                                0.02      0.01       0.69 r
  n29949 (net)                                  1                   0.00       0.69 r
  U18896/X (STH_ND2_T_3)                                  0.01      0.02       0.70 f
  n29950 (net)                                  1                   0.00       0.70 f
  U67729/X (STH_NR2_T_6)                                  0.01      0.01       0.71 r
  n11787 (net)                                  1                   0.00       0.71 r
  U23610/X (STH_INV_N250_8)                               0.01      0.01       0.72 f
  n21431 (net)                                  1                   0.00       0.72 f
  U80201/X (STH_ND2_T_16)                                 0.01      0.01       0.73 r
  n12773 (net)                                  4                   0.00       0.73 r
  U83073/X (STH_NR2_T_16)                                 0.01      0.01       0.74 f
  n18767 (net)                                 15                   0.00       0.74 f
  U22820/X (STH_AOI22_MM_4)                               0.01      0.01       0.76 r
  n10953 (net)                                  1                   0.00       0.76 r
  U22957/X (STH_OAI21_T_4)                                0.01      0.01       0.77 f
  n11466 (net)                                  1                   0.00       0.77 f
  U33093/X (STH_NR2_T_6)                                  0.01      0.01       0.78 r
  n23527 (net)                                  3                   0.00       0.78 r
  U23659/X (STH_ND2_T_2)                                  0.01      0.01       0.80 f
  n30710 (net)                                  3                   0.00       0.80 f
  U21625/X (STH_ND3_MM_3)                                 0.02      0.02       0.81 r
  n11342 (net)                                  1                   0.00       0.81 r
  U22351/X (STH_OAI21_T_3)                                0.01      0.02       0.83 f
  n11448 (net)                                  2                   0.00       0.83 f
  U22992/X (STH_ND2_T_3)                                  0.01      0.01       0.84 r
  n8140 (net)                                   1                   0.00       0.84 r
  U22721/X (STH_ND2_T_4)                                  0.01      0.01       0.85 f
  n13325 (net)                                  1                   0.00       0.85 f
  U25564/X (STH_ND2_T_8)                                  0.01      0.01       0.86 r
  n22439 (net)                                  3                   0.00       0.86 r
  U72425/X (STH_INV_N250_16)                              0.01      0.01       0.87 f
  n74895 (net)                                  5                   0.00       0.87 f
  U21443/X (STH_INV_N250_20)                              0.01      0.01       0.88 r
  n26775 (net)                                  6                   0.00       0.88 r
  U61000/X (STH_ND2_T_4)                                  0.01      0.01       0.89 f
  n21416 (net)                                  1                   0.00       0.89 f
  U20618/X (STH_ND2_T_4)                                  0.01      0.01       0.90 r
  n7872 (net)                                   1                   0.00       0.90 r
  U22746/X (STH_ND2_T_8)                                  0.01      0.01       0.91 f
  n27863 (net)                                  1                   0.00       0.91 f
  U59558/X (STH_OAI21_T_8)                                0.02      0.01       0.92 r
  n8975 (net)                                   3                   0.00       0.92 r
  U22747/X (STH_NR2_T_12)                                 0.02      0.02       0.93 f
  n9809 (net)                                  13                   0.00       0.93 f
  U92010/X (STH_AOI22_MM_4)                               0.02      0.01       0.94 r
  n90023 (net)                                  1                   0.00       0.94 r
  U32656/X (STH_ND2_T_4)                                  0.01      0.02       0.96 f
  n23875 (net)                                  1                   0.00       0.96 f
  U60118/X (STH_NR2_T_8)                                  0.01      0.01       0.97 r
  n26240 (net)                                 10                   0.00       0.97 r
  U18012/X (STH_ND2_T_1P75)                               0.01      0.01       0.99 f
  n31054 (net)                                  3                   0.00       0.99 f
  U21275/X (STH_ND3_MM_3)                                 0.01      0.01       1.00 r
  n8138 (net)                                   1                   0.00       1.00 r
  U21489/X (STH_NR2_T_1P5)                                0.01      0.01       1.01 f
  n12809 (net)                                  1                   0.00       1.01 f
  U21545/X (STH_NR3_T_2)                                  0.01      0.01       1.02 r
  n21751 (net)                                  3                   0.00       1.02 r
  U23016/X (STH_NR2_T_2)                                  0.01      0.01       1.03 f
  n8901 (net)                                   2                   0.00       1.03 f
  U23902/X (STH_NR3_T_3)                                  0.01      0.01       1.05 r
  n25884 (net)                                  1                   0.00       1.05 r
  U60104/X (STH_NR3_T_4)                                  0.01      0.01       1.06 f
  n20418 (net)                                  1                   0.00       1.06 f
  U61880/X (STH_AOI21_MM_4)                               0.01      0.01       1.07 r
  n15504 (net)                                  6                   0.00       1.07 r
  U17258/X (STH_DEL_L4V1_1)                               0.01      0.03       1.10 r
  n13272 (net)                                  2                   0.00       1.10 r
  U17244/X (STH_ND2_T_2)                                  0.03      0.02       1.12 f
  n31129 (net)                                  1                   0.00       1.12 f
  U20446/X (STH_NR2_T_12)                                 0.01      0.02       1.14 r
  n8949 (net)                                  15                   0.00       1.14 r
  U22983/X (STH_ND2_T_0P5)                                0.01      0.01       1.15 f
  n11434 (net)                                  1                   0.00       1.15 f
  U23104/X (STH_NR2_T_1)                                  0.01      0.01       1.17 r
  n11433 (net)                                  1                   0.00       1.17 r
  U55163/X (STH_NR2_T_3)                                  0.01      0.01       1.18 f
  n14720 (net)                                  3                   0.00       1.18 f
  U60480/X (STH_ND2_T_6)                                  0.01      0.01       1.19 r
  n12021 (net)                                  7                   0.00       1.19 r
  U16972/X (STH_NR2_T_1)                                  0.02      0.01       1.20 f
  n32691 (net)                                  3                   0.00       1.20 f
  U26857/X (STH_NR2_T_0P8)                                0.01      0.01       1.21 r
  n31864 (net)                                  1                   0.00       1.21 r
  U29731/X (STH_INV_N250_1)                               0.01      0.01       1.22 f
  n32542 (net)                                  2                   0.00       1.22 f
  U16835/X (STH_NR2_T_0P5)                                0.01      0.01       1.24 r
  n15756 (net)                                  1                   0.00       1.24 r
  U62518/X (STH_OAI21_T_1P5)                              0.02      0.02       1.25 f
  n15755 (net)                                  1                   0.00       1.25 f
  U21391/X (STH_OAI21_MM_4)                               0.01      0.01       1.27 r
  n7477 (net)                                   1                   0.00       1.27 r
  U20957/X (STH_ND2_T_5)                                  0.01      0.01       1.28 f
  n19613 (net)                                  2                   0.00       1.28 f
  U20445/X (STH_ND2_T_4)                                  0.01      0.01       1.29 r
  n8350 (net)                                   2                   0.00       1.29 r
  U21348/X (STH_NR2_T_3)                                  0.01      0.01       1.30 f
  n9878 (net)                                   1                   0.00       1.30 f
  U60002/X (STH_AOI22_MM_4)                               0.01      0.01       1.31 r
  n9889 (net)                                   1                   0.00       1.31 r
  U21700/X (STH_NR2_T_4)                                  0.01      0.01       1.32 f
  n17016 (net)                                  1                   0.00       1.32 f
  U21401/X (STH_NR2_T_12)                                 0.02      0.01       1.33 r
  n32004 (net)                                  5                   0.00       1.33 r
  U20783/X (STH_INV_N250_16)                              0.01      0.01       1.35 f
  n8501 (net)                                   3                   0.00       1.35 f
  U16674/X (STH_INV_N250_10)                              0.01      0.01       1.36 r
  n11301 (net)                                  9                   0.00       1.36 r
  U22401/X (STH_NR3_T_1P5)                                0.01      0.01       1.36 f
  n19929 (net)                                  1                   0.00       1.36 f
  U22413/X (STH_INV_N150_3)                               0.01      0.01       1.37 r
  n15890 (net)                                  1                   0.00       1.37 r
  U21274/X (STH_ND2_T_6)                                  0.01      0.01       1.38 f
  n12647 (net)                                  3                   0.00       1.38 f
  U68219/X (STH_NR2_T_4)                                  0.01      0.01       1.39 r
  n88684 (net)                                  1                   0.00       1.39 r
  U16516/X (STH_ND2_T_3P5)                                0.02      0.01       1.40 f
  n21658 (net)                                  3                   0.00       1.40 f
  U22330/X (STH_AOI21_MM_4)                               0.01      0.01       1.42 r
  n11535 (net)                                  2                   0.00       1.42 r
  U24912/X (STH_OAI21_T_1P5)                              0.01      0.01       1.43 f
  n22227 (net)                                  2                   0.00       1.43 f
  U21347/X (STH_ND2_T_2)                                  0.01      0.01       1.44 r
  n11064 (net)                                  1                   0.00       1.44 r
  U54366/X (STH_ND2_T_2)                                  0.01      0.01       1.45 f
  n15507 (net)                                  1                   0.00       1.45 f
  U60049/X (STH_NR2_T_4)                                  0.01      0.01       1.46 r
  n15185 (net)                                  2                   0.00       1.46 r
  U20444/X (STH_NR2_T_5)                                  0.01      0.01       1.47 f
  n88708 (net)                                  1                   0.00       1.47 f
  U67603/X (STH_OAI21_T_8)                                0.01      0.01       1.48 r
  n33983 (net)                                  6                   0.00       1.48 r
  U67555/X (STH_INV_N250_6)                               0.01      0.01       1.49 f
  n88662 (net)                                  1                   0.00       1.49 f
  U67541/X (STH_NR3_T_8)                                  0.01      0.01       1.50 r
  n19921 (net)                                  2                   0.00       1.50 r
  U21430/X (STH_NR2_T_6)                                  0.01      0.01       1.51 f
  n32899 (net)                                  4                   0.00       1.51 f
  U21603/X (STH_AOI21_MM_4)                               0.01      0.01       1.53 r
  n11873 (net)                                  1                   0.00       1.53 r
  U23774/X (STH_NR2_T_6)                                  0.01      0.01       1.54 f
  n21861 (net)                                  2                   0.00       1.54 f
  U72497/X (STH_NR3_T_8)                                  0.02      0.01       1.55 r
  n19832 (net)                                  1                   0.00       1.55 r
  U72496/X (STH_INV_N250_16)                              0.01      0.01       1.56 f
  n52267 (net)                                 13                   0.00       1.56 f
  U42988/X (STH_INV_N250_2)                               0.01      0.01       1.57 r
  n20014 (net)                                  2                   0.00       1.57 r
  U61709/X (STH_NR2_T_1)                                  0.01      0.01       1.58 f
  n21445 (net)                                  1                   0.00       1.58 f
  U60182/X (STH_NR2_T_1P5)                                0.01      0.01       1.59 r
  n11081 (net)                                  1                   0.00       1.59 r
  U60225/X (STH_ND2_T_3)                                  0.01      0.01       1.60 f
  n10109 (net)                                  1                   0.00       1.60 f
  U60082/X (STH_NR2_T_4)                                  0.01      0.01       1.61 r
  n10505 (net)                                  4                   0.00       1.61 r
  U15449/X (STH_NR2_T_1P5)                                0.01      0.01       1.62 f
  n10120 (net)                                  3                   0.00       1.62 f
  U15439/X (STH_INV_N250_2)                               0.01      0.01       1.63 r
  n53499 (net)                                  2                   0.00       1.63 r
  U54967/X (STH_AOI21_MM_2)                               0.01      0.01       1.64 f
  n8910 (net)                                   1                   0.00       1.64 f
  U52391/X (STH_NR3_T_2)                                  0.02      0.02       1.66 r
  n10884 (net)                                  3                   0.00       1.66 r
  U52388/X (STH_AOI21_MM_4)                               0.01      0.02       1.68 f
  n10470 (net)                                  1                   0.00       1.68 f
  U65567/X (STH_OAI21_T_4)                                0.02      0.02       1.69 r
  n88566 (net)                                  1                   0.00       1.69 r
  U62199/X (STH_NR2_T_8)                                  0.01      0.01       1.70 f
  n10842 (net)                                  2                   0.00       1.70 f
  U21215/X (STH_NR2_T_4)                                  0.01      0.01       1.71 r
  n25312 (net)                                  1                   0.00       1.71 r
  U22714/X (STH_OAI21_MM_4)                               0.02      0.01       1.73 f
  n52660 (net)                                  1                   0.00       1.73 f
  U52407/X (STH_OAI21_T_8)                                0.01      0.01       1.74 r
  n8859 (net)                                   3                   0.00       1.74 r
  U50184/X (STH_INV_N250_10)                              0.01      0.01       1.75 f
  n28108 (net)                                  5                   0.00       1.75 f
  U23852/X (STH_NR2_T_6)                                  0.01      0.01       1.76 r
  n21996 (net)                                  1                   0.00       1.76 r
  U23987/X (STH_NR2_T_16)                                 0.02      0.01       1.77 f
  n52756 (net)                                  8                   0.00       1.77 f
  U23850/X (STH_NR2_T_1P5)                                0.02      0.02       1.79 r
  n23983 (net)                                  2                   0.00       1.79 r
  U60762/X (STH_NR2_T_6)                                  0.01      0.01       1.81 f
  n20205 (net)                                 10                   0.00       1.81 f
  U24192/X (STH_INV_N250_8)                               0.01      0.01       1.81 r
  n20139 (net)                                  7                   0.00       1.81 r
  U14538/X (STH_NR2_T_1P5)                                0.01      0.01       1.82 f
  n14162 (net)                                  3                   0.00       1.82 f
  U62099/X (STH_NR3_T_1P5)                                0.02      0.01       1.83 r
  n20138 (net)                                  1                   0.00       1.83 r
  U14048/X (STH_NR3_T_2)                                  0.01      0.01       1.84 f
  n54047 (net)                                  1                   0.00       1.84 f
  U34223/X (STH_INV_N250_2)                               0.01      0.01       1.85 r
  n54144 (net)                                  2                   0.00       1.85 r
  U72472/X (STH_ND2_T_2)                                  0.01      0.01       1.86 f
  n23975 (net)                                  3                   0.00       1.86 f
  U72471/X (STH_NR2_T_2)                                  0.01      0.01       1.87 r
  n54270 (net)                                  2                   0.00       1.87 r
  U52233/X (STH_NR3_T_2)                                  0.01      0.01       1.88 f
  n19623 (net)                                  1                   0.00       1.88 f
  U61643/X (STH_NR2_T_1P5)                                0.01      0.01       1.89 r
  n88241 (net)                                  1                   0.00       1.89 r
  U59454/X (STH_NR2_T_2)                                  0.01      0.01       1.90 f
  n54434 (net)                                  3                   0.00       1.90 f
  U91978/X (STH_NR3_T_2)                                  0.01      0.01       1.91 r
  n10057 (net)                                  1                   0.00       1.91 r
  U21082/X (STH_NR2_T_3)                                  0.01      0.01       1.92 f
  n55095 (net)                                  4                   0.00       1.92 f
  U13324/X (STH_DEL_L4V1_1)                               0.01      0.03       1.95 f
  n21995 (net)                                  4                   0.00       1.95 f
  U13242/X (STH_NR2_T_1)                                  0.01      0.01       1.96 r
  n54848 (net)                                  2                   0.00       1.96 r
  U70845/X (STH_AOI21_MM_0P5)                             0.03      0.02       1.98 f
  n54851 (net)                                  1                   0.00       1.98 f
  U28608/X (STH_EO2_F_0P85)                               0.01      0.02       2.00 f
  n54852 (net)                                  1                   0.00       2.00 f
  U65017/X (STH_ND2_T_0P5)                                0.01      0.01       2.02 r
  n54860 (net)                                  1                   0.00       2.02 r
  U12700/X (STH_ND3_T_1)                                  0.02      0.02       2.03 f
  n10896 (net)                                  1                   0.00       2.03 f
  U12890/X (STH_INV_N250_2)                               0.01      0.01       2.05 r
  n87660 (net)                                  1                   0.00       2.05 r
  U50913/X (STH_NR3_T_8)                                  0.01      0.01       2.06 f
  n70292 (net)                                 17                   0.00       2.06 f
  U23915/X (STH_ND2_T_1)                                  0.02      0.01       2.07 r
  n9917 (net)                                   2                   0.00       2.07 r
  U24225/X (STH_INV_N250_2)                               0.01      0.01       2.08 f
  n20188 (net)                                  3                   0.00       2.08 f
  U12123/X (STH_NR2_T_2)                                  0.01      0.01       2.10 r
  n55566 (net)                                  2                   0.00       2.10 r
  U12473/X (STH_ND2_T_1P75)                               0.02      0.01       2.11 f
  n55577 (net)                                  2                   0.00       2.11 f
  U29689/X (STH_NR2_T_1P5)                                0.01      0.01       2.12 r
  n70421 (net)                                  2                   0.00       2.12 r
  U25878/X (STH_INV_N250_3)                               0.01      0.01       2.13 f
  n8351 (net)                                   2                   0.00       2.13 f
  U28230/X (STH_NR2_T_3)                                  0.01      0.01       2.14 r
  n11977 (net)                                  1                   0.00       2.14 r
  U53902/X (STH_ND2_T_2)                                  0.01      0.01       2.15 f
  n11976 (net)                                  1                   0.00       2.15 f
  U20791/X (STH_ND2_T_3)                                  0.01      0.01       2.16 r
  n21899 (net)                                  1                   0.00       2.16 r
  U21622/X (STH_ND2_T_8)                                  0.01      0.01       2.17 f
  n21840 (net)                                  2                   0.00       2.17 f
  U82242/X (STH_OAI21_T_8)                                0.01      0.01       2.18 r
  n8349 (net)                                   2                   0.00       2.18 r
  U20990/X (STH_NR2_T_6)                                  0.01      0.01       2.19 f
  n11718 (net)                                  1                   0.00       2.19 f
  U61174/X (STH_AOI21_T_8)                                0.02      0.02       2.21 r
  n55697 (net)                                  3                   0.00       2.21 r
  U73859/X (STH_ND2_T_8)                                  0.02      0.02       2.23 f
  n27033 (net)                                  2                   0.00       2.23 f
  U82252/X (STH_NR2_T_16)                                 0.02      0.02       2.25 r
  n26237 (net)                                 15                   0.00       2.25 r
  U11267/X (STH_OAI21_T_2)                                0.02      0.02       2.27 f
  n25315 (net)                                  1                   0.00       2.27 f
  U50244/X (STH_ND3_T_8)                                  0.02      0.02       2.28 r
  n21629 (net)                                 11                   0.00       2.28 r
  U10867/X (STH_DEL_L4V1_4)                               0.01      0.04       2.32 r
  n19324 (net)                                  5                   0.00       2.32 r
  U10758/X (STH_NR2_T_1P5)                                0.02      0.01       2.34 f
  n73843 (net)                                  3                   0.00       2.34 f
  U10722/X (STH_NR2_T_2)                                  0.01      0.01       2.35 r
  n73814 (net)                                  3                   0.00       2.35 r
  U10707/X (STH_ND2_T_1P5)                                0.02      0.02       2.36 f
  n28080 (net)                                  3                   0.00       2.36 f
  U61317/X (STH_NR2_T_2)                                  0.01      0.01       2.38 r
  n16396 (net)                                  1                   0.00       2.38 r
  U21190/X (STH_AOI21_MM_4)                               0.01      0.01       2.39 f
  n16394 (net)                                  2                   0.00       2.39 f
  U21250/X (STH_INV_N250_3)                               0.01      0.01       2.40 r
  n14042 (net)                                  2                   0.00       2.40 r
  U20562/X (STH_OAI21_MM_4)                               0.02      0.01       2.41 f
  n12866 (net)                                  2                   0.00       2.41 f
  U28831/X (STH_ND2_T_3)                                  0.01      0.01       2.42 r
  n87628 (net)                                  1                   0.00       2.42 r
  U50123/X (STH_EO2_V2_2)                                 0.01      0.02       2.44 r
  n87580 (net)                                  1                   0.00       2.44 r
  U28826/X (STH_ND2_T_1P5)                                0.01      0.01       2.45 f
  n25139 (net)                                  1                   0.00       2.45 f
  U22080/X (STH_OAI21_T_1P5)                              0.01      0.01       2.45 r
  n83638 (net)                                  1                   0.00       2.45 r
  Dedicated_PE_Hw_4_div_31_R_80630/D (STH_FSDPQO_D_1)     0.01      0.00       2.45 r
  data arrival time                                                            2.45

  clock ideal_clock1 (rise edge)                                    0.80       0.80
  clock network delay (ideal)                                       0.00       0.80
  Dedicated_PE_Hw_4_div_31_R_80630/CK (STH_FSDPQO_D_1)              0.00       0.80 r
  library setup time                                               -0.03       0.77
  data required time                                                           0.77
  ---------------------------------------------------------------------------------------------------------
  data required time                                                           0.77
  data arrival time                                                           -2.45
  ---------------------------------------------------------------------------------------------------------
  slack (VIOLATED)                                                            -1.68


1
