 
****************************************
Report : area
Design : Cgra_Hw
Version: P-2019.03
Date   : Mon Mar 25 04:27:24 2019
****************************************

Library(s) Used:

    um28nphhlogl30hsh140f_ffgbc0p99vn40c (File: /home/sihao/Synopsys/UMC_28nm/UltraHighDensity/LogicLibrary/30nm/HPC_plus/HVT/liberty/ccs/um28nphhlogl30hsh140f_ffgbc0p99vn40c.db)

Number of ports:                        21059
Number of nets:                        187495
Number of cells:                       166970
Number of combinational cells:         121691
Number of sequential cells:             22562
Number of macros/black boxes:               0
Number of buf/inv:                      37761
Number of references:                      30

Combinational area:             109803.287187
Buf/Inv area:                    13866.719828
Noncombinational area:           72220.846017
Macro/Black Box area:                0.000000
Net Interconnect area:      undefined  (No wire load specified)

Total cell area:                182024.133204
Total area:                 undefined
1
