 
****************************************
check_design summary:
Version:     P-2019.03
Date:        Mon Mar 25 00:10:16 2019
****************************************

                   Name                                            Total
--------------------------------------------------------------------------------
Inputs/Outputs                                                    351
    Feedthrough (LINT-29)                                         221
    Shorted outputs (LINT-31)                                      65
    Constant outputs (LINT-52)                                     65

Cells                                                               1
    Connected to power or ground (LINT-32)                          1

Nets                                                               66
    Unloaded nets (LINT-2)                                         66
--------------------------------------------------------------------------------

Warning: In design 'Cgra_Hw', net 'Shared_PE_Hw_io_out_1_bits[0]' driven by pin 'Shared_PE_Hw/io_out_1_bits[0]' has no loads. (LINT-2)
Warning: In design 'Cgra_Hw', net 'Shared_PE_Hw_io_out_1_bits[1]' driven by pin 'Shared_PE_Hw/io_out_1_bits[1]' has no loads. (LINT-2)
Warning: In design 'Cgra_Hw', net 'Shared_PE_Hw_io_out_1_bits[2]' driven by pin 'Shared_PE_Hw/io_out_1_bits[2]' has no loads. (LINT-2)
Warning: In design 'Cgra_Hw', net 'Shared_PE_Hw_io_out_1_bits[3]' driven by pin 'Shared_PE_Hw/io_out_1_bits[3]' has no loads. (LINT-2)
Warning: In design 'Cgra_Hw', net 'Shared_PE_Hw_io_out_1_bits[4]' driven by pin 'Shared_PE_Hw/io_out_1_bits[4]' has no loads. (LINT-2)
Warning: In design 'Cgra_Hw', net 'Shared_PE_Hw_io_out_1_bits[5]' driven by pin 'Shared_PE_Hw/io_out_1_bits[5]' has no loads. (LINT-2)
Warning: In design 'Cgra_Hw', net 'Shared_PE_Hw_io_out_1_bits[6]' driven by pin 'Shared_PE_Hw/io_out_1_bits[6]' has no loads. (LINT-2)
Warning: In design 'Cgra_Hw', net 'Shared_PE_Hw_io_out_1_bits[7]' driven by pin 'Shared_PE_Hw/io_out_1_bits[7]' has no loads. (LINT-2)
Warning: In design 'Cgra_Hw', net 'Shared_PE_Hw_io_out_1_bits[8]' driven by pin 'Shared_PE_Hw/io_out_1_bits[8]' has no loads. (LINT-2)
Warning: In design 'Cgra_Hw', net 'Shared_PE_Hw_io_out_1_bits[9]' driven by pin 'Shared_PE_Hw/io_out_1_bits[9]' has no loads. (LINT-2)
Warning: In design 'Cgra_Hw', net 'Shared_PE_Hw_io_out_1_bits[10]' driven by pin 'Shared_PE_Hw/io_out_1_bits[10]' has no loads. (LINT-2)
Warning: In design 'Cgra_Hw', net 'Shared_PE_Hw_io_out_1_bits[11]' driven by pin 'Shared_PE_Hw/io_out_1_bits[11]' has no loads. (LINT-2)
Warning: In design 'Cgra_Hw', net 'Shared_PE_Hw_io_out_1_bits[12]' driven by pin 'Shared_PE_Hw/io_out_1_bits[12]' has no loads. (LINT-2)
Warning: In design 'Cgra_Hw', net 'Shared_PE_Hw_io_out_1_bits[13]' driven by pin 'Shared_PE_Hw/io_out_1_bits[13]' has no loads. (LINT-2)
Warning: In design 'Cgra_Hw', net 'Shared_PE_Hw_io_out_1_bits[14]' driven by pin 'Shared_PE_Hw/io_out_1_bits[14]' has no loads. (LINT-2)
Warning: In design 'Cgra_Hw', net 'Shared_PE_Hw_io_out_1_bits[15]' driven by pin 'Shared_PE_Hw/io_out_1_bits[15]' has no loads. (LINT-2)
Warning: In design 'Cgra_Hw', net 'Shared_PE_Hw_io_out_1_bits[16]' driven by pin 'Shared_PE_Hw/io_out_1_bits[16]' has no loads. (LINT-2)
Warning: In design 'Cgra_Hw', net 'Shared_PE_Hw_io_out_1_bits[17]' driven by pin 'Shared_PE_Hw/io_out_1_bits[17]' has no loads. (LINT-2)
Warning: In design 'Cgra_Hw', net 'Shared_PE_Hw_io_out_1_bits[18]' driven by pin 'Shared_PE_Hw/io_out_1_bits[18]' has no loads. (LINT-2)
Warning: In design 'Cgra_Hw', net 'Shared_PE_Hw_io_out_1_bits[19]' driven by pin 'Shared_PE_Hw/io_out_1_bits[19]' has no loads. (LINT-2)
Warning: In design 'Cgra_Hw', net 'Shared_PE_Hw_io_out_1_bits[20]' driven by pin 'Shared_PE_Hw/io_out_1_bits[20]' has no loads. (LINT-2)
Warning: In design 'Cgra_Hw', net 'Shared_PE_Hw_io_out_1_bits[21]' driven by pin 'Shared_PE_Hw/io_out_1_bits[21]' has no loads. (LINT-2)
Warning: In design 'Cgra_Hw', net 'Shared_PE_Hw_io_out_1_bits[22]' driven by pin 'Shared_PE_Hw/io_out_1_bits[22]' has no loads. (LINT-2)
Warning: In design 'Cgra_Hw', net 'Shared_PE_Hw_io_out_1_bits[23]' driven by pin 'Shared_PE_Hw/io_out_1_bits[23]' has no loads. (LINT-2)
Warning: In design 'Cgra_Hw', net 'Shared_PE_Hw_io_out_1_bits[24]' driven by pin 'Shared_PE_Hw/io_out_1_bits[24]' has no loads. (LINT-2)
Warning: In design 'Cgra_Hw', net 'Shared_PE_Hw_io_out_1_bits[25]' driven by pin 'Shared_PE_Hw/io_out_1_bits[25]' has no loads. (LINT-2)
Warning: In design 'Cgra_Hw', net 'Shared_PE_Hw_io_out_1_bits[26]' driven by pin 'Shared_PE_Hw/io_out_1_bits[26]' has no loads. (LINT-2)
Warning: In design 'Cgra_Hw', net 'Shared_PE_Hw_io_out_1_bits[27]' driven by pin 'Shared_PE_Hw/io_out_1_bits[27]' has no loads. (LINT-2)
Warning: In design 'Cgra_Hw', net 'Shared_PE_Hw_io_out_1_bits[28]' driven by pin 'Shared_PE_Hw/io_out_1_bits[28]' has no loads. (LINT-2)
Warning: In design 'Cgra_Hw', net 'Shared_PE_Hw_io_out_1_bits[29]' driven by pin 'Shared_PE_Hw/io_out_1_bits[29]' has no loads. (LINT-2)
Warning: In design 'Cgra_Hw', net 'Shared_PE_Hw_io_out_1_bits[30]' driven by pin 'Shared_PE_Hw/io_out_1_bits[30]' has no loads. (LINT-2)
Warning: In design 'Cgra_Hw', net 'Shared_PE_Hw_io_out_1_bits[31]' driven by pin 'Shared_PE_Hw/io_out_1_bits[31]' has no loads. (LINT-2)
Warning: In design 'Cgra_Hw', net 'Shared_PE_Hw_io_out_1_bits[32]' driven by pin 'Shared_PE_Hw/io_out_1_bits[32]' has no loads. (LINT-2)
Warning: In design 'Cgra_Hw', net 'Shared_PE_Hw_io_out_1_bits[33]' driven by pin 'Shared_PE_Hw/io_out_1_bits[33]' has no loads. (LINT-2)
Warning: In design 'Cgra_Hw', net 'Shared_PE_Hw_io_out_1_bits[34]' driven by pin 'Shared_PE_Hw/io_out_1_bits[34]' has no loads. (LINT-2)
Warning: In design 'Cgra_Hw', net 'Shared_PE_Hw_io_out_1_bits[35]' driven by pin 'Shared_PE_Hw/io_out_1_bits[35]' has no loads. (LINT-2)
Warning: In design 'Cgra_Hw', net 'Shared_PE_Hw_io_out_1_bits[36]' driven by pin 'Shared_PE_Hw/io_out_1_bits[36]' has no loads. (LINT-2)
Warning: In design 'Cgra_Hw', net 'Shared_PE_Hw_io_out_1_bits[37]' driven by pin 'Shared_PE_Hw/io_out_1_bits[37]' has no loads. (LINT-2)
Warning: In design 'Cgra_Hw', net 'Shared_PE_Hw_io_out_1_bits[38]' driven by pin 'Shared_PE_Hw/io_out_1_bits[38]' has no loads. (LINT-2)
Warning: In design 'Cgra_Hw', net 'Shared_PE_Hw_io_out_1_bits[39]' driven by pin 'Shared_PE_Hw/io_out_1_bits[39]' has no loads. (LINT-2)
Warning: In design 'Cgra_Hw', net 'Shared_PE_Hw_io_out_1_bits[40]' driven by pin 'Shared_PE_Hw/io_out_1_bits[40]' has no loads. (LINT-2)
Warning: In design 'Cgra_Hw', net 'Shared_PE_Hw_io_out_1_bits[41]' driven by pin 'Shared_PE_Hw/io_out_1_bits[41]' has no loads. (LINT-2)
Warning: In design 'Cgra_Hw', net 'Shared_PE_Hw_io_out_1_bits[42]' driven by pin 'Shared_PE_Hw/io_out_1_bits[42]' has no loads. (LINT-2)
Warning: In design 'Cgra_Hw', net 'Shared_PE_Hw_io_out_1_bits[43]' driven by pin 'Shared_PE_Hw/io_out_1_bits[43]' has no loads. (LINT-2)
Warning: In design 'Cgra_Hw', net 'Shared_PE_Hw_io_out_1_bits[44]' driven by pin 'Shared_PE_Hw/io_out_1_bits[44]' has no loads. (LINT-2)
Warning: In design 'Cgra_Hw', net 'Shared_PE_Hw_io_out_1_bits[45]' driven by pin 'Shared_PE_Hw/io_out_1_bits[45]' has no loads. (LINT-2)
Warning: In design 'Cgra_Hw', net 'Shared_PE_Hw_io_out_1_bits[46]' driven by pin 'Shared_PE_Hw/io_out_1_bits[46]' has no loads. (LINT-2)
Warning: In design 'Cgra_Hw', net 'Shared_PE_Hw_io_out_1_bits[47]' driven by pin 'Shared_PE_Hw/io_out_1_bits[47]' has no loads. (LINT-2)
Warning: In design 'Cgra_Hw', net 'Shared_PE_Hw_io_out_1_bits[48]' driven by pin 'Shared_PE_Hw/io_out_1_bits[48]' has no loads. (LINT-2)
Warning: In design 'Cgra_Hw', net 'Shared_PE_Hw_io_out_1_bits[49]' driven by pin 'Shared_PE_Hw/io_out_1_bits[49]' has no loads. (LINT-2)
Warning: In design 'Cgra_Hw', net 'Shared_PE_Hw_io_out_1_bits[50]' driven by pin 'Shared_PE_Hw/io_out_1_bits[50]' has no loads. (LINT-2)
Warning: In design 'Cgra_Hw', net 'Shared_PE_Hw_io_out_1_bits[51]' driven by pin 'Shared_PE_Hw/io_out_1_bits[51]' has no loads. (LINT-2)
Warning: In design 'Cgra_Hw', net 'Shared_PE_Hw_io_out_1_bits[52]' driven by pin 'Shared_PE_Hw/io_out_1_bits[52]' has no loads. (LINT-2)
Warning: In design 'Cgra_Hw', net 'Shared_PE_Hw_io_out_1_bits[53]' driven by pin 'Shared_PE_Hw/io_out_1_bits[53]' has no loads. (LINT-2)
Warning: In design 'Cgra_Hw', net 'Shared_PE_Hw_io_out_1_bits[54]' driven by pin 'Shared_PE_Hw/io_out_1_bits[54]' has no loads. (LINT-2)
Warning: In design 'Cgra_Hw', net 'Shared_PE_Hw_io_out_1_bits[55]' driven by pin 'Shared_PE_Hw/io_out_1_bits[55]' has no loads. (LINT-2)
Warning: In design 'Cgra_Hw', net 'Shared_PE_Hw_io_out_1_bits[56]' driven by pin 'Shared_PE_Hw/io_out_1_bits[56]' has no loads. (LINT-2)
Warning: In design 'Cgra_Hw', net 'Shared_PE_Hw_io_out_1_bits[57]' driven by pin 'Shared_PE_Hw/io_out_1_bits[57]' has no loads. (LINT-2)
Warning: In design 'Cgra_Hw', net 'Shared_PE_Hw_io_out_1_bits[58]' driven by pin 'Shared_PE_Hw/io_out_1_bits[58]' has no loads. (LINT-2)
Warning: In design 'Cgra_Hw', net 'Shared_PE_Hw_io_out_1_bits[59]' driven by pin 'Shared_PE_Hw/io_out_1_bits[59]' has no loads. (LINT-2)
Warning: In design 'Cgra_Hw', net 'Shared_PE_Hw_io_out_1_bits[60]' driven by pin 'Shared_PE_Hw/io_out_1_bits[60]' has no loads. (LINT-2)
Warning: In design 'Cgra_Hw', net 'Shared_PE_Hw_io_out_1_bits[61]' driven by pin 'Shared_PE_Hw/io_out_1_bits[61]' has no loads. (LINT-2)
Warning: In design 'Cgra_Hw', net 'Shared_PE_Hw_io_out_1_bits[62]' driven by pin 'Shared_PE_Hw/io_out_1_bits[62]' has no loads. (LINT-2)
Warning: In design 'Cgra_Hw', net 'Shared_PE_Hw_io_out_1_bits[63]' driven by pin 'Shared_PE_Hw/io_out_1_bits[63]' has no loads. (LINT-2)
Warning: In design 'Cgra_Hw', net 'Shared_PE_Hw_io_out_1_valid' driven by pin 'Shared_PE_Hw/io_out_1_valid' has no loads. (LINT-2)
Warning: In design 'Cgra_Hw', net 'VectorPort_Hw_io_out_2_config' driven by pin 'VectorPort_Hw/io_out_2_config' has no loads. (LINT-2)
Warning: In design 'Router_Hw', input port 'io_in_3_config' is connected directly to output port 'io_out_4_config'. (LINT-29)
Warning: In design 'Router_Hw_1', input port 'io_in_4_config' is connected directly to output port 'io_out_3_config'. (LINT-29)
Warning: In design 'Router_Hw_2', input port 'io_in_2_config' is connected directly to output port 'io_out_4_config'. (LINT-29)
Warning: In design 'Router_Hw_3', input port 'io_in_4_config' is connected directly to output port 'io_out_7_config'. (LINT-29)
Warning: In design 'Router_Hw_6', input port 'io_in_0_config' is connected directly to output port 'io_out_1_config'. (LINT-29)
Warning: In design 'Router_Hw_7', input port 'io_in_2_config' is connected directly to output port 'io_out_4_config'. (LINT-29)
Warning: In design 'Router_Hw_9', input port 'io_in_4_config' is connected directly to output port 'io_out_3_config'. (LINT-29)
Warning: In design 'Router_Hw_11', input port 'io_in_4_config' is connected directly to output port 'io_out_7_config'. (LINT-29)
Warning: In design 'Router_Hw_13', input port 'io_in_2_config' is connected directly to output port 'io_out_2_config'. (LINT-29)
Warning: In design 'Router_Hw_14', input port 'io_in_0_config' is connected directly to output port 'io_out_2_config'. (LINT-29)
Warning: In design 'Dedicated_PE_Hw', input port 'io_in_0_config' is connected directly to output port 'io_out_0_config'. (LINT-29)
Warning: In design 'Dedicated_PE_Hw_1', input port 'io_in_1_config' is connected directly to output port 'io_out_0_config'. (LINT-29)
Warning: In design 'Dedicated_PE_Hw_2', input port 'io_in_1_config' is connected directly to output port 'io_out_0_config'. (LINT-29)
Warning: In design 'Dedicated_PE_Hw_3', input port 'io_in_1_config' is connected directly to output port 'io_out_0_config'. (LINT-29)
Warning: In design 'Dedicated_PE_Hw_4', input port 'io_in_1_config' is connected directly to output port 'io_out_0_config'. (LINT-29)
Warning: In design 'Dedicated_PE_Hw_5', input port 'io_in_0_config' is connected directly to output port 'io_out_0_config'. (LINT-29)
Warning: In design 'Dedicated_PE_Hw_6', input port 'io_in_0_config' is connected directly to output port 'io_out_0_config'. (LINT-29)
Warning: In design 'Shared_PE_Hw', input port 'io_in_1_valid' is connected directly to output port 'io_out_2_valid'. (LINT-29)
Warning: In design 'Shared_PE_Hw', input port 'io_in_1_bits[63]' is connected directly to output port 'io_out_2_bits[63]'. (LINT-29)
Warning: In design 'Shared_PE_Hw', input port 'io_in_1_bits[62]' is connected directly to output port 'io_out_2_bits[62]'. (LINT-29)
Warning: In design 'Shared_PE_Hw', input port 'io_in_1_bits[61]' is connected directly to output port 'io_out_2_bits[61]'. (LINT-29)
Warning: In design 'Shared_PE_Hw', input port 'io_in_1_bits[60]' is connected directly to output port 'io_out_2_bits[60]'. (LINT-29)
Warning: In design 'Shared_PE_Hw', input port 'io_in_1_bits[59]' is connected directly to output port 'io_out_2_bits[59]'. (LINT-29)
Warning: In design 'Shared_PE_Hw', input port 'io_in_1_bits[58]' is connected directly to output port 'io_out_2_bits[58]'. (LINT-29)
Warning: In design 'Shared_PE_Hw', input port 'io_in_1_bits[57]' is connected directly to output port 'io_out_2_bits[57]'. (LINT-29)
Warning: In design 'Shared_PE_Hw', input port 'io_in_1_bits[56]' is connected directly to output port 'io_out_2_bits[56]'. (LINT-29)
Warning: In design 'Shared_PE_Hw', input port 'io_in_1_bits[55]' is connected directly to output port 'io_out_2_bits[55]'. (LINT-29)
Warning: In design 'Shared_PE_Hw', input port 'io_in_1_bits[54]' is connected directly to output port 'io_out_2_bits[54]'. (LINT-29)
Warning: In design 'Shared_PE_Hw', input port 'io_in_1_bits[53]' is connected directly to output port 'io_out_2_bits[53]'. (LINT-29)
Warning: In design 'Shared_PE_Hw', input port 'io_in_1_bits[52]' is connected directly to output port 'io_out_2_bits[52]'. (LINT-29)
Warning: In design 'Shared_PE_Hw', input port 'io_in_1_bits[51]' is connected directly to output port 'io_out_2_bits[51]'. (LINT-29)
Warning: In design 'Shared_PE_Hw', input port 'io_in_1_bits[50]' is connected directly to output port 'io_out_2_bits[50]'. (LINT-29)
Warning: In design 'Shared_PE_Hw', input port 'io_in_1_bits[49]' is connected directly to output port 'io_out_2_bits[49]'. (LINT-29)
Warning: In design 'Shared_PE_Hw', input port 'io_in_1_bits[48]' is connected directly to output port 'io_out_2_bits[48]'. (LINT-29)
Warning: In design 'Shared_PE_Hw', input port 'io_in_1_bits[47]' is connected directly to output port 'io_out_2_bits[47]'. (LINT-29)
Warning: In design 'Shared_PE_Hw', input port 'io_in_1_bits[46]' is connected directly to output port 'io_out_2_bits[46]'. (LINT-29)
Warning: In design 'Shared_PE_Hw', input port 'io_in_1_bits[45]' is connected directly to output port 'io_out_2_bits[45]'. (LINT-29)
Warning: In design 'Shared_PE_Hw', input port 'io_in_1_bits[44]' is connected directly to output port 'io_out_2_bits[44]'. (LINT-29)
Warning: In design 'Shared_PE_Hw', input port 'io_in_1_bits[43]' is connected directly to output port 'io_out_2_bits[43]'. (LINT-29)
Warning: In design 'Shared_PE_Hw', input port 'io_in_1_bits[42]' is connected directly to output port 'io_out_2_bits[42]'. (LINT-29)
Warning: In design 'Shared_PE_Hw', input port 'io_in_1_bits[41]' is connected directly to output port 'io_out_2_bits[41]'. (LINT-29)
Warning: In design 'Shared_PE_Hw', input port 'io_in_1_bits[40]' is connected directly to output port 'io_out_2_bits[40]'. (LINT-29)
Warning: In design 'Shared_PE_Hw', input port 'io_in_1_bits[39]' is connected directly to output port 'io_out_2_bits[39]'. (LINT-29)
Warning: In design 'Shared_PE_Hw', input port 'io_in_1_bits[38]' is connected directly to output port 'io_out_2_bits[38]'. (LINT-29)
Warning: In design 'Shared_PE_Hw', input port 'io_in_1_bits[37]' is connected directly to output port 'io_out_2_bits[37]'. (LINT-29)
Warning: In design 'Shared_PE_Hw', input port 'io_in_1_bits[36]' is connected directly to output port 'io_out_2_bits[36]'. (LINT-29)
Warning: In design 'Shared_PE_Hw', input port 'io_in_1_bits[35]' is connected directly to output port 'io_out_2_bits[35]'. (LINT-29)
Warning: In design 'Shared_PE_Hw', input port 'io_in_1_bits[34]' is connected directly to output port 'io_out_2_bits[34]'. (LINT-29)
Warning: In design 'Shared_PE_Hw', input port 'io_in_1_bits[33]' is connected directly to output port 'io_out_2_bits[33]'. (LINT-29)
Warning: In design 'Shared_PE_Hw', input port 'io_in_1_bits[32]' is connected directly to output port 'io_out_2_bits[32]'. (LINT-29)
Warning: In design 'Shared_PE_Hw', input port 'io_in_1_bits[31]' is connected directly to output port 'io_out_2_bits[31]'. (LINT-29)
Warning: In design 'Shared_PE_Hw', input port 'io_in_1_bits[30]' is connected directly to output port 'io_out_2_bits[30]'. (LINT-29)
Warning: In design 'Shared_PE_Hw', input port 'io_in_1_bits[29]' is connected directly to output port 'io_out_2_bits[29]'. (LINT-29)
Warning: In design 'Shared_PE_Hw', input port 'io_in_1_bits[28]' is connected directly to output port 'io_out_2_bits[28]'. (LINT-29)
Warning: In design 'Shared_PE_Hw', input port 'io_in_1_bits[27]' is connected directly to output port 'io_out_2_bits[27]'. (LINT-29)
Warning: In design 'Shared_PE_Hw', input port 'io_in_1_bits[26]' is connected directly to output port 'io_out_2_bits[26]'. (LINT-29)
Warning: In design 'Shared_PE_Hw', input port 'io_in_1_bits[25]' is connected directly to output port 'io_out_2_bits[25]'. (LINT-29)
Warning: In design 'Shared_PE_Hw', input port 'io_in_1_bits[24]' is connected directly to output port 'io_out_2_bits[24]'. (LINT-29)
Warning: In design 'Shared_PE_Hw', input port 'io_in_1_bits[23]' is connected directly to output port 'io_out_2_bits[23]'. (LINT-29)
Warning: In design 'Shared_PE_Hw', input port 'io_in_1_bits[22]' is connected directly to output port 'io_out_2_bits[22]'. (LINT-29)
Warning: In design 'Shared_PE_Hw', input port 'io_in_1_bits[21]' is connected directly to output port 'io_out_2_bits[21]'. (LINT-29)
Warning: In design 'Shared_PE_Hw', input port 'io_in_1_bits[20]' is connected directly to output port 'io_out_2_bits[20]'. (LINT-29)
Warning: In design 'Shared_PE_Hw', input port 'io_in_1_bits[19]' is connected directly to output port 'io_out_2_bits[19]'. (LINT-29)
Warning: In design 'Shared_PE_Hw', input port 'io_in_1_bits[18]' is connected directly to output port 'io_out_2_bits[18]'. (LINT-29)
Warning: In design 'Shared_PE_Hw', input port 'io_in_1_bits[17]' is connected directly to output port 'io_out_2_bits[17]'. (LINT-29)
Warning: In design 'Shared_PE_Hw', input port 'io_in_1_bits[16]' is connected directly to output port 'io_out_2_bits[16]'. (LINT-29)
Warning: In design 'Shared_PE_Hw', input port 'io_in_1_bits[15]' is connected directly to output port 'io_out_2_bits[15]'. (LINT-29)
Warning: In design 'Shared_PE_Hw', input port 'io_in_1_bits[14]' is connected directly to output port 'io_out_2_bits[14]'. (LINT-29)
Warning: In design 'Shared_PE_Hw', input port 'io_in_1_bits[13]' is connected directly to output port 'io_out_2_bits[13]'. (LINT-29)
Warning: In design 'Shared_PE_Hw', input port 'io_in_1_bits[12]' is connected directly to output port 'io_out_2_bits[12]'. (LINT-29)
Warning: In design 'Shared_PE_Hw', input port 'io_in_1_bits[11]' is connected directly to output port 'io_out_2_bits[11]'. (LINT-29)
Warning: In design 'Shared_PE_Hw', input port 'io_in_1_bits[10]' is connected directly to output port 'io_out_2_bits[10]'. (LINT-29)
Warning: In design 'Shared_PE_Hw', input port 'io_in_1_bits[9]' is connected directly to output port 'io_out_2_bits[9]'. (LINT-29)
Warning: In design 'Shared_PE_Hw', input port 'io_in_1_bits[8]' is connected directly to output port 'io_out_2_bits[8]'. (LINT-29)
Warning: In design 'Shared_PE_Hw', input port 'io_in_1_bits[7]' is connected directly to output port 'io_out_2_bits[7]'. (LINT-29)
Warning: In design 'Shared_PE_Hw', input port 'io_in_1_bits[6]' is connected directly to output port 'io_out_2_bits[6]'. (LINT-29)
Warning: In design 'Shared_PE_Hw', input port 'io_in_1_bits[5]' is connected directly to output port 'io_out_2_bits[5]'. (LINT-29)
Warning: In design 'Shared_PE_Hw', input port 'io_in_1_bits[4]' is connected directly to output port 'io_out_2_bits[4]'. (LINT-29)
Warning: In design 'Shared_PE_Hw', input port 'io_in_1_bits[3]' is connected directly to output port 'io_out_2_bits[3]'. (LINT-29)
Warning: In design 'Shared_PE_Hw', input port 'io_in_1_bits[2]' is connected directly to output port 'io_out_2_bits[2]'. (LINT-29)
Warning: In design 'Shared_PE_Hw', input port 'io_in_1_bits[1]' is connected directly to output port 'io_out_2_bits[1]'. (LINT-29)
Warning: In design 'Shared_PE_Hw', input port 'io_in_1_bits[0]' is connected directly to output port 'io_out_2_bits[0]'. (LINT-29)
Warning: In design 'Shared_PE_Hw', input port 'io_in_2_valid' is connected directly to output port 'io_out_1_valid'. (LINT-29)
Warning: In design 'Shared_PE_Hw', input port 'io_in_2_bits[63]' is connected directly to output port 'io_out_1_bits[63]'. (LINT-29)
Warning: In design 'Shared_PE_Hw', input port 'io_in_2_bits[62]' is connected directly to output port 'io_out_1_bits[62]'. (LINT-29)
Warning: In design 'Shared_PE_Hw', input port 'io_in_2_bits[61]' is connected directly to output port 'io_out_1_bits[61]'. (LINT-29)
Warning: In design 'Shared_PE_Hw', input port 'io_in_2_bits[60]' is connected directly to output port 'io_out_1_bits[60]'. (LINT-29)
Warning: In design 'Shared_PE_Hw', input port 'io_in_2_bits[59]' is connected directly to output port 'io_out_1_bits[59]'. (LINT-29)
Warning: In design 'Shared_PE_Hw', input port 'io_in_2_bits[58]' is connected directly to output port 'io_out_1_bits[58]'. (LINT-29)
Warning: In design 'Shared_PE_Hw', input port 'io_in_2_bits[57]' is connected directly to output port 'io_out_1_bits[57]'. (LINT-29)
Warning: In design 'Shared_PE_Hw', input port 'io_in_2_bits[56]' is connected directly to output port 'io_out_1_bits[56]'. (LINT-29)
Warning: In design 'Shared_PE_Hw', input port 'io_in_2_bits[55]' is connected directly to output port 'io_out_1_bits[55]'. (LINT-29)
Warning: In design 'Shared_PE_Hw', input port 'io_in_2_bits[54]' is connected directly to output port 'io_out_1_bits[54]'. (LINT-29)
Warning: In design 'Shared_PE_Hw', input port 'io_in_2_bits[53]' is connected directly to output port 'io_out_1_bits[53]'. (LINT-29)
Warning: In design 'Shared_PE_Hw', input port 'io_in_2_bits[52]' is connected directly to output port 'io_out_1_bits[52]'. (LINT-29)
Warning: In design 'Shared_PE_Hw', input port 'io_in_2_bits[51]' is connected directly to output port 'io_out_1_bits[51]'. (LINT-29)
Warning: In design 'Shared_PE_Hw', input port 'io_in_2_bits[50]' is connected directly to output port 'io_out_1_bits[50]'. (LINT-29)
Warning: In design 'Shared_PE_Hw', input port 'io_in_2_bits[49]' is connected directly to output port 'io_out_1_bits[49]'. (LINT-29)
Warning: In design 'Shared_PE_Hw', input port 'io_in_2_bits[48]' is connected directly to output port 'io_out_1_bits[48]'. (LINT-29)
Warning: In design 'Shared_PE_Hw', input port 'io_in_2_bits[47]' is connected directly to output port 'io_out_1_bits[47]'. (LINT-29)
Warning: In design 'Shared_PE_Hw', input port 'io_in_2_bits[46]' is connected directly to output port 'io_out_1_bits[46]'. (LINT-29)
Warning: In design 'Shared_PE_Hw', input port 'io_in_2_bits[45]' is connected directly to output port 'io_out_1_bits[45]'. (LINT-29)
Warning: In design 'Shared_PE_Hw', input port 'io_in_2_bits[44]' is connected directly to output port 'io_out_1_bits[44]'. (LINT-29)
Warning: In design 'Shared_PE_Hw', input port 'io_in_2_bits[43]' is connected directly to output port 'io_out_1_bits[43]'. (LINT-29)
Warning: In design 'Shared_PE_Hw', input port 'io_in_2_bits[42]' is connected directly to output port 'io_out_1_bits[42]'. (LINT-29)
Warning: In design 'Shared_PE_Hw', input port 'io_in_2_bits[41]' is connected directly to output port 'io_out_1_bits[41]'. (LINT-29)
Warning: In design 'Shared_PE_Hw', input port 'io_in_2_bits[40]' is connected directly to output port 'io_out_1_bits[40]'. (LINT-29)
Warning: In design 'Shared_PE_Hw', input port 'io_in_2_bits[39]' is connected directly to output port 'io_out_1_bits[39]'. (LINT-29)
Warning: In design 'Shared_PE_Hw', input port 'io_in_2_bits[38]' is connected directly to output port 'io_out_1_bits[38]'. (LINT-29)
Warning: In design 'Shared_PE_Hw', input port 'io_in_2_bits[37]' is connected directly to output port 'io_out_1_bits[37]'. (LINT-29)
Warning: In design 'Shared_PE_Hw', input port 'io_in_2_bits[36]' is connected directly to output port 'io_out_1_bits[36]'. (LINT-29)
Warning: In design 'Shared_PE_Hw', input port 'io_in_2_bits[35]' is connected directly to output port 'io_out_1_bits[35]'. (LINT-29)
Warning: In design 'Shared_PE_Hw', input port 'io_in_2_bits[34]' is connected directly to output port 'io_out_1_bits[34]'. (LINT-29)
Warning: In design 'Shared_PE_Hw', input port 'io_in_2_bits[33]' is connected directly to output port 'io_out_1_bits[33]'. (LINT-29)
Warning: In design 'Shared_PE_Hw', input port 'io_in_2_bits[32]' is connected directly to output port 'io_out_1_bits[32]'. (LINT-29)
Warning: In design 'Shared_PE_Hw', input port 'io_in_2_bits[31]' is connected directly to output port 'io_out_1_bits[31]'. (LINT-29)
Warning: In design 'Shared_PE_Hw', input port 'io_in_2_bits[30]' is connected directly to output port 'io_out_1_bits[30]'. (LINT-29)
Warning: In design 'Shared_PE_Hw', input port 'io_in_2_bits[29]' is connected directly to output port 'io_out_1_bits[29]'. (LINT-29)
Warning: In design 'Shared_PE_Hw', input port 'io_in_2_bits[28]' is connected directly to output port 'io_out_1_bits[28]'. (LINT-29)
Warning: In design 'Shared_PE_Hw', input port 'io_in_2_bits[27]' is connected directly to output port 'io_out_1_bits[27]'. (LINT-29)
Warning: In design 'Shared_PE_Hw', input port 'io_in_2_bits[26]' is connected directly to output port 'io_out_1_bits[26]'. (LINT-29)
Warning: In design 'Shared_PE_Hw', input port 'io_in_2_bits[25]' is connected directly to output port 'io_out_1_bits[25]'. (LINT-29)
Warning: In design 'Shared_PE_Hw', input port 'io_in_2_bits[24]' is connected directly to output port 'io_out_1_bits[24]'. (LINT-29)
Warning: In design 'Shared_PE_Hw', input port 'io_in_2_bits[23]' is connected directly to output port 'io_out_1_bits[23]'. (LINT-29)
Warning: In design 'Shared_PE_Hw', input port 'io_in_2_bits[22]' is connected directly to output port 'io_out_1_bits[22]'. (LINT-29)
Warning: In design 'Shared_PE_Hw', input port 'io_in_2_bits[21]' is connected directly to output port 'io_out_1_bits[21]'. (LINT-29)
Warning: In design 'Shared_PE_Hw', input port 'io_in_2_bits[20]' is connected directly to output port 'io_out_1_bits[20]'. (LINT-29)
Warning: In design 'Shared_PE_Hw', input port 'io_in_2_bits[19]' is connected directly to output port 'io_out_1_bits[19]'. (LINT-29)
Warning: In design 'Shared_PE_Hw', input port 'io_in_2_bits[18]' is connected directly to output port 'io_out_1_bits[18]'. (LINT-29)
Warning: In design 'Shared_PE_Hw', input port 'io_in_2_bits[17]' is connected directly to output port 'io_out_1_bits[17]'. (LINT-29)
Warning: In design 'Shared_PE_Hw', input port 'io_in_2_bits[16]' is connected directly to output port 'io_out_1_bits[16]'. (LINT-29)
Warning: In design 'Shared_PE_Hw', input port 'io_in_2_bits[15]' is connected directly to output port 'io_out_1_bits[15]'. (LINT-29)
Warning: In design 'Shared_PE_Hw', input port 'io_in_2_bits[14]' is connected directly to output port 'io_out_1_bits[14]'. (LINT-29)
Warning: In design 'Shared_PE_Hw', input port 'io_in_2_bits[13]' is connected directly to output port 'io_out_1_bits[13]'. (LINT-29)
Warning: In design 'Shared_PE_Hw', input port 'io_in_2_bits[12]' is connected directly to output port 'io_out_1_bits[12]'. (LINT-29)
Warning: In design 'Shared_PE_Hw', input port 'io_in_2_bits[11]' is connected directly to output port 'io_out_1_bits[11]'. (LINT-29)
Warning: In design 'Shared_PE_Hw', input port 'io_in_2_bits[10]' is connected directly to output port 'io_out_1_bits[10]'. (LINT-29)
Warning: In design 'Shared_PE_Hw', input port 'io_in_2_bits[9]' is connected directly to output port 'io_out_1_bits[9]'. (LINT-29)
Warning: In design 'Shared_PE_Hw', input port 'io_in_2_bits[8]' is connected directly to output port 'io_out_1_bits[8]'. (LINT-29)
Warning: In design 'Shared_PE_Hw', input port 'io_in_2_bits[7]' is connected directly to output port 'io_out_1_bits[7]'. (LINT-29)
Warning: In design 'Shared_PE_Hw', input port 'io_in_2_bits[6]' is connected directly to output port 'io_out_1_bits[6]'. (LINT-29)
Warning: In design 'Shared_PE_Hw', input port 'io_in_2_bits[5]' is connected directly to output port 'io_out_1_bits[5]'. (LINT-29)
Warning: In design 'Shared_PE_Hw', input port 'io_in_2_bits[4]' is connected directly to output port 'io_out_1_bits[4]'. (LINT-29)
Warning: In design 'Shared_PE_Hw', input port 'io_in_2_bits[3]' is connected directly to output port 'io_out_1_bits[3]'. (LINT-29)
Warning: In design 'Shared_PE_Hw', input port 'io_in_2_bits[2]' is connected directly to output port 'io_out_1_bits[2]'. (LINT-29)
Warning: In design 'Shared_PE_Hw', input port 'io_in_2_bits[1]' is connected directly to output port 'io_out_1_bits[1]'. (LINT-29)
Warning: In design 'Shared_PE_Hw', input port 'io_in_2_bits[0]' is connected directly to output port 'io_out_1_bits[0]'. (LINT-29)
Warning: In design 'Shared_PE_Hw', input port 'io_in_3_valid' is connected directly to output port 'io_out_0_valid'. (LINT-29)
Warning: In design 'Shared_PE_Hw', input port 'io_in_3_bits[63]' is connected directly to output port 'io_out_0_bits[63]'. (LINT-29)
Warning: In design 'Shared_PE_Hw', input port 'io_in_3_bits[62]' is connected directly to output port 'io_out_0_bits[62]'. (LINT-29)
Warning: In design 'Shared_PE_Hw', input port 'io_in_3_bits[61]' is connected directly to output port 'io_out_0_bits[61]'. (LINT-29)
Warning: In design 'Shared_PE_Hw', input port 'io_in_3_bits[60]' is connected directly to output port 'io_out_0_bits[60]'. (LINT-29)
Warning: In design 'Shared_PE_Hw', input port 'io_in_3_bits[59]' is connected directly to output port 'io_out_0_bits[59]'. (LINT-29)
Warning: In design 'Shared_PE_Hw', input port 'io_in_3_bits[58]' is connected directly to output port 'io_out_0_bits[58]'. (LINT-29)
Warning: In design 'Shared_PE_Hw', input port 'io_in_3_bits[57]' is connected directly to output port 'io_out_0_bits[57]'. (LINT-29)
Warning: In design 'Shared_PE_Hw', input port 'io_in_3_bits[56]' is connected directly to output port 'io_out_0_bits[56]'. (LINT-29)
Warning: In design 'Shared_PE_Hw', input port 'io_in_3_bits[55]' is connected directly to output port 'io_out_0_bits[55]'. (LINT-29)
Warning: In design 'Shared_PE_Hw', input port 'io_in_3_bits[54]' is connected directly to output port 'io_out_0_bits[54]'. (LINT-29)
Warning: In design 'Shared_PE_Hw', input port 'io_in_3_bits[53]' is connected directly to output port 'io_out_0_bits[53]'. (LINT-29)
Warning: In design 'Shared_PE_Hw', input port 'io_in_3_bits[52]' is connected directly to output port 'io_out_0_bits[52]'. (LINT-29)
Warning: In design 'Shared_PE_Hw', input port 'io_in_3_bits[51]' is connected directly to output port 'io_out_0_bits[51]'. (LINT-29)
Warning: In design 'Shared_PE_Hw', input port 'io_in_3_bits[50]' is connected directly to output port 'io_out_0_bits[50]'. (LINT-29)
Warning: In design 'Shared_PE_Hw', input port 'io_in_3_bits[49]' is connected directly to output port 'io_out_0_bits[49]'. (LINT-29)
Warning: In design 'Shared_PE_Hw', input port 'io_in_3_bits[48]' is connected directly to output port 'io_out_0_bits[48]'. (LINT-29)
Warning: In design 'Shared_PE_Hw', input port 'io_in_3_bits[47]' is connected directly to output port 'io_out_0_bits[47]'. (LINT-29)
Warning: In design 'Shared_PE_Hw', input port 'io_in_3_bits[46]' is connected directly to output port 'io_out_0_bits[46]'. (LINT-29)
Warning: In design 'Shared_PE_Hw', input port 'io_in_3_bits[45]' is connected directly to output port 'io_out_0_bits[45]'. (LINT-29)
Warning: In design 'Shared_PE_Hw', input port 'io_in_3_bits[44]' is connected directly to output port 'io_out_0_bits[44]'. (LINT-29)
Warning: In design 'Shared_PE_Hw', input port 'io_in_3_bits[43]' is connected directly to output port 'io_out_0_bits[43]'. (LINT-29)
Warning: In design 'Shared_PE_Hw', input port 'io_in_3_bits[42]' is connected directly to output port 'io_out_0_bits[42]'. (LINT-29)
Warning: In design 'Shared_PE_Hw', input port 'io_in_3_bits[41]' is connected directly to output port 'io_out_0_bits[41]'. (LINT-29)
Warning: In design 'Shared_PE_Hw', input port 'io_in_3_bits[40]' is connected directly to output port 'io_out_0_bits[40]'. (LINT-29)
Warning: In design 'Shared_PE_Hw', input port 'io_in_3_bits[39]' is connected directly to output port 'io_out_0_bits[39]'. (LINT-29)
Warning: In design 'Shared_PE_Hw', input port 'io_in_3_bits[38]' is connected directly to output port 'io_out_0_bits[38]'. (LINT-29)
Warning: In design 'Shared_PE_Hw', input port 'io_in_3_bits[37]' is connected directly to output port 'io_out_0_bits[37]'. (LINT-29)
Warning: In design 'Shared_PE_Hw', input port 'io_in_3_bits[36]' is connected directly to output port 'io_out_0_bits[36]'. (LINT-29)
Warning: In design 'Shared_PE_Hw', input port 'io_in_3_bits[35]' is connected directly to output port 'io_out_0_bits[35]'. (LINT-29)
Warning: In design 'Shared_PE_Hw', input port 'io_in_3_bits[34]' is connected directly to output port 'io_out_0_bits[34]'. (LINT-29)
Warning: In design 'Shared_PE_Hw', input port 'io_in_3_bits[33]' is connected directly to output port 'io_out_0_bits[33]'. (LINT-29)
Warning: In design 'Shared_PE_Hw', input port 'io_in_3_bits[32]' is connected directly to output port 'io_out_0_bits[32]'. (LINT-29)
Warning: In design 'Shared_PE_Hw', input port 'io_in_3_bits[31]' is connected directly to output port 'io_out_0_bits[31]'. (LINT-29)
Warning: In design 'Shared_PE_Hw', input port 'io_in_3_bits[30]' is connected directly to output port 'io_out_0_bits[30]'. (LINT-29)
Warning: In design 'Shared_PE_Hw', input port 'io_in_3_bits[29]' is connected directly to output port 'io_out_0_bits[29]'. (LINT-29)
Warning: In design 'Shared_PE_Hw', input port 'io_in_3_bits[28]' is connected directly to output port 'io_out_0_bits[28]'. (LINT-29)
Warning: In design 'Shared_PE_Hw', input port 'io_in_3_bits[27]' is connected directly to output port 'io_out_0_bits[27]'. (LINT-29)
Warning: In design 'Shared_PE_Hw', input port 'io_in_3_bits[26]' is connected directly to output port 'io_out_0_bits[26]'. (LINT-29)
Warning: In design 'Shared_PE_Hw', input port 'io_in_3_bits[25]' is connected directly to output port 'io_out_0_bits[25]'. (LINT-29)
Warning: In design 'Shared_PE_Hw', input port 'io_in_3_bits[24]' is connected directly to output port 'io_out_0_bits[24]'. (LINT-29)
Warning: In design 'Shared_PE_Hw', input port 'io_in_3_bits[23]' is connected directly to output port 'io_out_0_bits[23]'. (LINT-29)
Warning: In design 'Shared_PE_Hw', input port 'io_in_3_bits[22]' is connected directly to output port 'io_out_0_bits[22]'. (LINT-29)
Warning: In design 'Shared_PE_Hw', input port 'io_in_3_bits[21]' is connected directly to output port 'io_out_0_bits[21]'. (LINT-29)
Warning: In design 'Shared_PE_Hw', input port 'io_in_3_bits[20]' is connected directly to output port 'io_out_0_bits[20]'. (LINT-29)
Warning: In design 'Shared_PE_Hw', input port 'io_in_3_bits[19]' is connected directly to output port 'io_out_0_bits[19]'. (LINT-29)
Warning: In design 'Shared_PE_Hw', input port 'io_in_3_bits[18]' is connected directly to output port 'io_out_0_bits[18]'. (LINT-29)
Warning: In design 'Shared_PE_Hw', input port 'io_in_3_bits[17]' is connected directly to output port 'io_out_0_bits[17]'. (LINT-29)
Warning: In design 'Shared_PE_Hw', input port 'io_in_3_bits[16]' is connected directly to output port 'io_out_0_bits[16]'. (LINT-29)
Warning: In design 'Shared_PE_Hw', input port 'io_in_3_bits[15]' is connected directly to output port 'io_out_0_bits[15]'. (LINT-29)
Warning: In design 'Shared_PE_Hw', input port 'io_in_3_bits[14]' is connected directly to output port 'io_out_0_bits[14]'. (LINT-29)
Warning: In design 'Shared_PE_Hw', input port 'io_in_3_bits[13]' is connected directly to output port 'io_out_0_bits[13]'. (LINT-29)
Warning: In design 'Shared_PE_Hw', input port 'io_in_3_bits[12]' is connected directly to output port 'io_out_0_bits[12]'. (LINT-29)
Warning: In design 'Shared_PE_Hw', input port 'io_in_3_bits[11]' is connected directly to output port 'io_out_0_bits[11]'. (LINT-29)
Warning: In design 'Shared_PE_Hw', input port 'io_in_3_bits[10]' is connected directly to output port 'io_out_0_bits[10]'. (LINT-29)
Warning: In design 'Shared_PE_Hw', input port 'io_in_3_bits[9]' is connected directly to output port 'io_out_0_bits[9]'. (LINT-29)
Warning: In design 'Shared_PE_Hw', input port 'io_in_3_bits[8]' is connected directly to output port 'io_out_0_bits[8]'. (LINT-29)
Warning: In design 'Shared_PE_Hw', input port 'io_in_3_bits[7]' is connected directly to output port 'io_out_0_bits[7]'. (LINT-29)
Warning: In design 'Shared_PE_Hw', input port 'io_in_3_bits[6]' is connected directly to output port 'io_out_0_bits[6]'. (LINT-29)
Warning: In design 'Shared_PE_Hw', input port 'io_in_3_bits[5]' is connected directly to output port 'io_out_0_bits[5]'. (LINT-29)
Warning: In design 'Shared_PE_Hw', input port 'io_in_3_bits[4]' is connected directly to output port 'io_out_0_bits[4]'. (LINT-29)
Warning: In design 'Shared_PE_Hw', input port 'io_in_3_bits[3]' is connected directly to output port 'io_out_0_bits[3]'. (LINT-29)
Warning: In design 'Shared_PE_Hw', input port 'io_in_3_bits[2]' is connected directly to output port 'io_out_0_bits[2]'. (LINT-29)
Warning: In design 'Shared_PE_Hw', input port 'io_in_3_bits[1]' is connected directly to output port 'io_out_0_bits[1]'. (LINT-29)
Warning: In design 'Shared_PE_Hw', input port 'io_in_3_bits[0]' is connected directly to output port 'io_out_0_bits[0]'. (LINT-29)
Warning: In design 'Shared_PE_Hw', input port 'io_out_0_ready' is connected directly to output port 'io_in_3_ready'. (LINT-29)
Warning: In design 'Shared_PE_Hw', input port 'io_out_1_ready' is connected directly to output port 'io_in_2_ready'. (LINT-29)
Warning: In design 'Shared_PE_Hw', input port 'io_out_2_ready' is connected directly to output port 'io_in_1_ready'. (LINT-29)
Warning: In design 'delay_pipe_hw_2', input port 'io_out_ready' is connected directly to output port 'io_in_ready'. (LINT-29)
Warning: In design 'alu_hw_1', input port 'io_out_ready' is connected directly to output port 'io_in_1_ready'. (LINT-29)
Warning: In design 'alu_hw_1', input port 'io_out_ready' is connected directly to output port 'io_in_0_ready'. (LINT-29)
Warning: In design 'delay_pipe_hw_14', input port 'io_out_ready' is connected directly to output port 'io_in_ready'. (LINT-29)
Warning: In design 'alu_hw_7', input port 'io_out_ready' is connected directly to output port 'io_in_1_ready'. (LINT-29)
Warning: In design 'alu_hw_7', input port 'io_out_ready' is connected directly to output port 'io_in_0_ready'. (LINT-29)
Warning: In design 'Cgra_Hw', output port 'io_out_0_config' is connected directly to output port 'io_out_1_config'. (LINT-31)
Warning: In design 'alu_hw_1', output port 'io_in_0_ready' is connected directly to output port 'io_in_1_ready'. (LINT-31)
Warning: In design 'alu_hw_5', output port 'io_out_bits[63]' is connected directly to output port 'io_out_bits[1]'. (LINT-31)
Warning: In design 'alu_hw_5', output port 'io_out_bits[63]' is connected directly to output port 'io_out_bits[2]'. (LINT-31)
Warning: In design 'alu_hw_5', output port 'io_out_bits[63]' is connected directly to output port 'io_out_bits[3]'. (LINT-31)
Warning: In design 'alu_hw_5', output port 'io_out_bits[63]' is connected directly to output port 'io_out_bits[4]'. (LINT-31)
Warning: In design 'alu_hw_5', output port 'io_out_bits[63]' is connected directly to output port 'io_out_bits[5]'. (LINT-31)
Warning: In design 'alu_hw_5', output port 'io_out_bits[63]' is connected directly to output port 'io_out_bits[6]'. (LINT-31)
Warning: In design 'alu_hw_5', output port 'io_out_bits[63]' is connected directly to output port 'io_out_bits[7]'. (LINT-31)
Warning: In design 'alu_hw_5', output port 'io_out_bits[63]' is connected directly to output port 'io_out_bits[8]'. (LINT-31)
Warning: In design 'alu_hw_5', output port 'io_out_bits[63]' is connected directly to output port 'io_out_bits[9]'. (LINT-31)
Warning: In design 'alu_hw_5', output port 'io_out_bits[63]' is connected directly to output port 'io_out_bits[10]'. (LINT-31)
Warning: In design 'alu_hw_5', output port 'io_out_bits[63]' is connected directly to output port 'io_out_bits[11]'. (LINT-31)
Warning: In design 'alu_hw_5', output port 'io_out_bits[63]' is connected directly to output port 'io_out_bits[12]'. (LINT-31)
Warning: In design 'alu_hw_5', output port 'io_out_bits[63]' is connected directly to output port 'io_out_bits[13]'. (LINT-31)
Warning: In design 'alu_hw_5', output port 'io_out_bits[63]' is connected directly to output port 'io_out_bits[14]'. (LINT-31)
Warning: In design 'alu_hw_5', output port 'io_out_bits[63]' is connected directly to output port 'io_out_bits[15]'. (LINT-31)
Warning: In design 'alu_hw_5', output port 'io_out_bits[63]' is connected directly to output port 'io_out_bits[16]'. (LINT-31)
Warning: In design 'alu_hw_5', output port 'io_out_bits[63]' is connected directly to output port 'io_out_bits[17]'. (LINT-31)
Warning: In design 'alu_hw_5', output port 'io_out_bits[63]' is connected directly to output port 'io_out_bits[18]'. (LINT-31)
Warning: In design 'alu_hw_5', output port 'io_out_bits[63]' is connected directly to output port 'io_out_bits[19]'. (LINT-31)
Warning: In design 'alu_hw_5', output port 'io_out_bits[63]' is connected directly to output port 'io_out_bits[20]'. (LINT-31)
Warning: In design 'alu_hw_5', output port 'io_out_bits[63]' is connected directly to output port 'io_out_bits[21]'. (LINT-31)
Warning: In design 'alu_hw_5', output port 'io_out_bits[63]' is connected directly to output port 'io_out_bits[22]'. (LINT-31)
Warning: In design 'alu_hw_5', output port 'io_out_bits[63]' is connected directly to output port 'io_out_bits[23]'. (LINT-31)
Warning: In design 'alu_hw_5', output port 'io_out_bits[63]' is connected directly to output port 'io_out_bits[24]'. (LINT-31)
Warning: In design 'alu_hw_5', output port 'io_out_bits[63]' is connected directly to output port 'io_out_bits[25]'. (LINT-31)
Warning: In design 'alu_hw_5', output port 'io_out_bits[63]' is connected directly to output port 'io_out_bits[26]'. (LINT-31)
Warning: In design 'alu_hw_5', output port 'io_out_bits[63]' is connected directly to output port 'io_out_bits[27]'. (LINT-31)
Warning: In design 'alu_hw_5', output port 'io_out_bits[63]' is connected directly to output port 'io_out_bits[28]'. (LINT-31)
Warning: In design 'alu_hw_5', output port 'io_out_bits[63]' is connected directly to output port 'io_out_bits[29]'. (LINT-31)
Warning: In design 'alu_hw_5', output port 'io_out_bits[63]' is connected directly to output port 'io_out_bits[30]'. (LINT-31)
Warning: In design 'alu_hw_5', output port 'io_out_bits[63]' is connected directly to output port 'io_out_bits[31]'. (LINT-31)
Warning: In design 'alu_hw_5', output port 'io_out_bits[63]' is connected directly to output port 'io_out_bits[32]'. (LINT-31)
Warning: In design 'alu_hw_5', output port 'io_out_bits[63]' is connected directly to output port 'io_out_bits[33]'. (LINT-31)
Warning: In design 'alu_hw_5', output port 'io_out_bits[63]' is connected directly to output port 'io_out_bits[34]'. (LINT-31)
Warning: In design 'alu_hw_5', output port 'io_out_bits[63]' is connected directly to output port 'io_out_bits[35]'. (LINT-31)
Warning: In design 'alu_hw_5', output port 'io_out_bits[63]' is connected directly to output port 'io_out_bits[36]'. (LINT-31)
Warning: In design 'alu_hw_5', output port 'io_out_bits[63]' is connected directly to output port 'io_out_bits[37]'. (LINT-31)
Warning: In design 'alu_hw_5', output port 'io_out_bits[63]' is connected directly to output port 'io_out_bits[38]'. (LINT-31)
Warning: In design 'alu_hw_5', output port 'io_out_bits[63]' is connected directly to output port 'io_out_bits[39]'. (LINT-31)
Warning: In design 'alu_hw_5', output port 'io_out_bits[63]' is connected directly to output port 'io_out_bits[40]'. (LINT-31)
Warning: In design 'alu_hw_5', output port 'io_out_bits[63]' is connected directly to output port 'io_out_bits[41]'. (LINT-31)
Warning: In design 'alu_hw_5', output port 'io_out_bits[63]' is connected directly to output port 'io_out_bits[42]'. (LINT-31)
Warning: In design 'alu_hw_5', output port 'io_out_bits[63]' is connected directly to output port 'io_out_bits[43]'. (LINT-31)
Warning: In design 'alu_hw_5', output port 'io_out_bits[63]' is connected directly to output port 'io_out_bits[44]'. (LINT-31)
Warning: In design 'alu_hw_5', output port 'io_out_bits[63]' is connected directly to output port 'io_out_bits[45]'. (LINT-31)
Warning: In design 'alu_hw_5', output port 'io_out_bits[63]' is connected directly to output port 'io_out_bits[46]'. (LINT-31)
Warning: In design 'alu_hw_5', output port 'io_out_bits[63]' is connected directly to output port 'io_out_bits[47]'. (LINT-31)
Warning: In design 'alu_hw_5', output port 'io_out_bits[63]' is connected directly to output port 'io_out_bits[48]'. (LINT-31)
Warning: In design 'alu_hw_5', output port 'io_out_bits[63]' is connected directly to output port 'io_out_bits[49]'. (LINT-31)
Warning: In design 'alu_hw_5', output port 'io_out_bits[63]' is connected directly to output port 'io_out_bits[50]'. (LINT-31)
Warning: In design 'alu_hw_5', output port 'io_out_bits[63]' is connected directly to output port 'io_out_bits[51]'. (LINT-31)
Warning: In design 'alu_hw_5', output port 'io_out_bits[63]' is connected directly to output port 'io_out_bits[52]'. (LINT-31)
Warning: In design 'alu_hw_5', output port 'io_out_bits[63]' is connected directly to output port 'io_out_bits[53]'. (LINT-31)
Warning: In design 'alu_hw_5', output port 'io_out_bits[63]' is connected directly to output port 'io_out_bits[54]'. (LINT-31)
Warning: In design 'alu_hw_5', output port 'io_out_bits[63]' is connected directly to output port 'io_out_bits[55]'. (LINT-31)
Warning: In design 'alu_hw_5', output port 'io_out_bits[63]' is connected directly to output port 'io_out_bits[56]'. (LINT-31)
Warning: In design 'alu_hw_5', output port 'io_out_bits[63]' is connected directly to output port 'io_out_bits[57]'. (LINT-31)
Warning: In design 'alu_hw_5', output port 'io_out_bits[63]' is connected directly to output port 'io_out_bits[58]'. (LINT-31)
Warning: In design 'alu_hw_5', output port 'io_out_bits[63]' is connected directly to output port 'io_out_bits[59]'. (LINT-31)
Warning: In design 'alu_hw_5', output port 'io_out_bits[63]' is connected directly to output port 'io_out_bits[60]'. (LINT-31)
Warning: In design 'alu_hw_5', output port 'io_out_bits[63]' is connected directly to output port 'io_out_bits[61]'. (LINT-31)
Warning: In design 'alu_hw_5', output port 'io_out_bits[63]' is connected directly to output port 'io_out_bits[62]'. (LINT-31)
Warning: In design 'alu_hw_7', output port 'io_in_0_ready' is connected directly to output port 'io_in_1_ready'. (LINT-31)
Warning: In design 'Cgra_Hw', a pin on submodule 'Shared_PE_Hw' is connected to logic 1 or logic 0. (LINT-32)
   Pin 'io_out_1_ready' is connected to logic 1. 
Warning: In design 'Cgra_Hw', output port 'io_out_0_config' is connected directly to 'logic 0'. (LINT-52)
Warning: In design 'Cgra_Hw', output port 'io_out_1_config' is connected directly to 'logic 0'. (LINT-52)
Warning: In design 'alu_hw_5', output port 'io_out_bits[63]' is connected directly to 'logic 0'. (LINT-52)
Warning: In design 'alu_hw_5', output port 'io_out_bits[62]' is connected directly to 'logic 0'. (LINT-52)
Warning: In design 'alu_hw_5', output port 'io_out_bits[61]' is connected directly to 'logic 0'. (LINT-52)
Warning: In design 'alu_hw_5', output port 'io_out_bits[60]' is connected directly to 'logic 0'. (LINT-52)
Warning: In design 'alu_hw_5', output port 'io_out_bits[59]' is connected directly to 'logic 0'. (LINT-52)
Warning: In design 'alu_hw_5', output port 'io_out_bits[58]' is connected directly to 'logic 0'. (LINT-52)
Warning: In design 'alu_hw_5', output port 'io_out_bits[57]' is connected directly to 'logic 0'. (LINT-52)
Warning: In design 'alu_hw_5', output port 'io_out_bits[56]' is connected directly to 'logic 0'. (LINT-52)
Warning: In design 'alu_hw_5', output port 'io_out_bits[55]' is connected directly to 'logic 0'. (LINT-52)
Warning: In design 'alu_hw_5', output port 'io_out_bits[54]' is connected directly to 'logic 0'. (LINT-52)
Warning: In design 'alu_hw_5', output port 'io_out_bits[53]' is connected directly to 'logic 0'. (LINT-52)
Warning: In design 'alu_hw_5', output port 'io_out_bits[52]' is connected directly to 'logic 0'. (LINT-52)
Warning: In design 'alu_hw_5', output port 'io_out_bits[51]' is connected directly to 'logic 0'. (LINT-52)
Warning: In design 'alu_hw_5', output port 'io_out_bits[50]' is connected directly to 'logic 0'. (LINT-52)
Warning: In design 'alu_hw_5', output port 'io_out_bits[49]' is connected directly to 'logic 0'. (LINT-52)
Warning: In design 'alu_hw_5', output port 'io_out_bits[48]' is connected directly to 'logic 0'. (LINT-52)
Warning: In design 'alu_hw_5', output port 'io_out_bits[47]' is connected directly to 'logic 0'. (LINT-52)
Warning: In design 'alu_hw_5', output port 'io_out_bits[46]' is connected directly to 'logic 0'. (LINT-52)
Warning: In design 'alu_hw_5', output port 'io_out_bits[45]' is connected directly to 'logic 0'. (LINT-52)
Warning: In design 'alu_hw_5', output port 'io_out_bits[44]' is connected directly to 'logic 0'. (LINT-52)
Warning: In design 'alu_hw_5', output port 'io_out_bits[43]' is connected directly to 'logic 0'. (LINT-52)
Warning: In design 'alu_hw_5', output port 'io_out_bits[42]' is connected directly to 'logic 0'. (LINT-52)
Warning: In design 'alu_hw_5', output port 'io_out_bits[41]' is connected directly to 'logic 0'. (LINT-52)
Warning: In design 'alu_hw_5', output port 'io_out_bits[40]' is connected directly to 'logic 0'. (LINT-52)
Warning: In design 'alu_hw_5', output port 'io_out_bits[39]' is connected directly to 'logic 0'. (LINT-52)
Warning: In design 'alu_hw_5', output port 'io_out_bits[38]' is connected directly to 'logic 0'. (LINT-52)
Warning: In design 'alu_hw_5', output port 'io_out_bits[37]' is connected directly to 'logic 0'. (LINT-52)
Warning: In design 'alu_hw_5', output port 'io_out_bits[36]' is connected directly to 'logic 0'. (LINT-52)
Warning: In design 'alu_hw_5', output port 'io_out_bits[35]' is connected directly to 'logic 0'. (LINT-52)
Warning: In design 'alu_hw_5', output port 'io_out_bits[34]' is connected directly to 'logic 0'. (LINT-52)
Warning: In design 'alu_hw_5', output port 'io_out_bits[33]' is connected directly to 'logic 0'. (LINT-52)
Warning: In design 'alu_hw_5', output port 'io_out_bits[32]' is connected directly to 'logic 0'. (LINT-52)
Warning: In design 'alu_hw_5', output port 'io_out_bits[31]' is connected directly to 'logic 0'. (LINT-52)
Warning: In design 'alu_hw_5', output port 'io_out_bits[30]' is connected directly to 'logic 0'. (LINT-52)
Warning: In design 'alu_hw_5', output port 'io_out_bits[29]' is connected directly to 'logic 0'. (LINT-52)
Warning: In design 'alu_hw_5', output port 'io_out_bits[28]' is connected directly to 'logic 0'. (LINT-52)
Warning: In design 'alu_hw_5', output port 'io_out_bits[27]' is connected directly to 'logic 0'. (LINT-52)
Warning: In design 'alu_hw_5', output port 'io_out_bits[26]' is connected directly to 'logic 0'. (LINT-52)
Warning: In design 'alu_hw_5', output port 'io_out_bits[25]' is connected directly to 'logic 0'. (LINT-52)
Warning: In design 'alu_hw_5', output port 'io_out_bits[24]' is connected directly to 'logic 0'. (LINT-52)
Warning: In design 'alu_hw_5', output port 'io_out_bits[23]' is connected directly to 'logic 0'. (LINT-52)
Warning: In design 'alu_hw_5', output port 'io_out_bits[22]' is connected directly to 'logic 0'. (LINT-52)
Warning: In design 'alu_hw_5', output port 'io_out_bits[21]' is connected directly to 'logic 0'. (LINT-52)
Warning: In design 'alu_hw_5', output port 'io_out_bits[20]' is connected directly to 'logic 0'. (LINT-52)
Warning: In design 'alu_hw_5', output port 'io_out_bits[19]' is connected directly to 'logic 0'. (LINT-52)
Warning: In design 'alu_hw_5', output port 'io_out_bits[18]' is connected directly to 'logic 0'. (LINT-52)
Warning: In design 'alu_hw_5', output port 'io_out_bits[17]' is connected directly to 'logic 0'. (LINT-52)
Warning: In design 'alu_hw_5', output port 'io_out_bits[16]' is connected directly to 'logic 0'. (LINT-52)
Warning: In design 'alu_hw_5', output port 'io_out_bits[15]' is connected directly to 'logic 0'. (LINT-52)
Warning: In design 'alu_hw_5', output port 'io_out_bits[14]' is connected directly to 'logic 0'. (LINT-52)
Warning: In design 'alu_hw_5', output port 'io_out_bits[13]' is connected directly to 'logic 0'. (LINT-52)
Warning: In design 'alu_hw_5', output port 'io_out_bits[12]' is connected directly to 'logic 0'. (LINT-52)
Warning: In design 'alu_hw_5', output port 'io_out_bits[11]' is connected directly to 'logic 0'. (LINT-52)
Warning: In design 'alu_hw_5', output port 'io_out_bits[10]' is connected directly to 'logic 0'. (LINT-52)
Warning: In design 'alu_hw_5', output port 'io_out_bits[9]' is connected directly to 'logic 0'. (LINT-52)
Warning: In design 'alu_hw_5', output port 'io_out_bits[8]' is connected directly to 'logic 0'. (LINT-52)
Warning: In design 'alu_hw_5', output port 'io_out_bits[7]' is connected directly to 'logic 0'. (LINT-52)
Warning: In design 'alu_hw_5', output port 'io_out_bits[6]' is connected directly to 'logic 0'. (LINT-52)
Warning: In design 'alu_hw_5', output port 'io_out_bits[5]' is connected directly to 'logic 0'. (LINT-52)
Warning: In design 'alu_hw_5', output port 'io_out_bits[4]' is connected directly to 'logic 0'. (LINT-52)
Warning: In design 'alu_hw_5', output port 'io_out_bits[3]' is connected directly to 'logic 0'. (LINT-52)
Warning: In design 'alu_hw_5', output port 'io_out_bits[2]' is connected directly to 'logic 0'. (LINT-52)
Warning: In design 'alu_hw_5', output port 'io_out_bits[1]' is connected directly to 'logic 0'. (LINT-52)
1
