Information: Updating design information... (UID-85)
Warning: Design 'Cgra_Hw' contains 1 high-fanout nets. A fanout number of 1000 will be used for delay calculations involving these nets. (TIM-134)
 
****************************************
Report : qor
Design : Cgra_Hw
Version: P-2019.03
Date   : Sun Mar 24 19:29:00 2019
****************************************


  Timing Path Group 'ideal_clock1'
  -----------------------------------
  Levels of Logic:             786.00
  Critical Path Length:          8.64
  Critical Path Slack:          -7.27
  Critical Path Clk Period:      1.30
  Total Negative Slack:       -962.45
  No. of Violating Paths:     4749.00
  Worst Hold Violation:         -0.05
  Total Hold Violation:         -2.74
  No. of Hold Violations:       57.00
  -----------------------------------


  Cell Count
  -----------------------------------
  Hierarchical Cell Count:         76
  Hierarchical Port Count:      20789
  Leaf Cell Count:             145972
  Buf/Inv Cell Count:           38211
  Buf Cell Count:                   0
  Inv Cell Count:               38211
  CT Buf/Inv Cell Count:            0
  Combinational Cell Count:    123410
  Sequential Cell Count:        22562
  Macro Count:                      0
  -----------------------------------


  Area
  -----------------------------------
  Combinational Area:   111159.383184
  Noncombinational Area: 72224.206017
  Buf/Inv Area:          14109.143826
  Total Buffer Area:             0.00
  Total Inverter Area:       14109.14
  Macro/Black Box Area:      0.000000
  Net Area:                  0.000000
  -----------------------------------
  Cell Area:            183383.589201
  Design Area:          183383.589201


  Design Rules
  -----------------------------------
  Total Number of Nets:        168767
  Nets With Violations:             3
  Max Trans Violations:             0
  Max Cap Violations:               0
  Max Fanout Violations:            3
  -----------------------------------


  Hostname: pyrito

  Compile CPU Statistics
  -----------------------------------------
  Resource Sharing:                    0.00
  Logic Optimization:                  0.00
  Mapping Optimization:                0.00
  -----------------------------------------
  Overall Compile Time:             2169.95
  Overall Compile Wall Clock Time:  1115.69

  --------------------------------------------------------------------

  Design  WNS: 7.27  TNS: 962.45  Number of Violating Paths: 4749


  Design (Hold)  WNS: 0.05  TNS: 2.74  Number of Violating Paths: 57

  --------------------------------------------------------------------


1
